Archive member included to satisfy reference by file (symbol)

/Applications/FreedomStudio.app/Contents/Eclipse/SiFive/riscv64-unknown-elf-toolchain-10.2.0-2020.12.8/bin/../lib/gcc/riscv64-unknown-elf/10.2.0/../../../../riscv64-unknown-elf/lib/rv32imac/ilp32/libc_nano.a(lib_a-puts.o)
                              /var/folders/9x/yg8zr0vn2s7c1p5s66rfgmwc0000gn/T//ccNVFtjO.o (puts)
/Applications/FreedomStudio.app/Contents/Eclipse/SiFive/riscv64-unknown-elf-toolchain-10.2.0-2020.12.8/bin/../lib/gcc/riscv64-unknown-elf/10.2.0/../../../../riscv64-unknown-elf/lib/rv32imac/ilp32/libc_nano.a(lib_a-wbuf.o)
                              /Applications/FreedomStudio.app/Contents/Eclipse/SiFive/riscv64-unknown-elf-toolchain-10.2.0-2020.12.8/bin/../lib/gcc/riscv64-unknown-elf/10.2.0/../../../../riscv64-unknown-elf/lib/rv32imac/ilp32/libc_nano.a(lib_a-puts.o) (__swbuf_r)
/Applications/FreedomStudio.app/Contents/Eclipse/SiFive/riscv64-unknown-elf-toolchain-10.2.0-2020.12.8/bin/../lib/gcc/riscv64-unknown-elf/10.2.0/../../../../riscv64-unknown-elf/lib/rv32imac/ilp32/libc_nano.a(lib_a-wsetup.o)
                              /Applications/FreedomStudio.app/Contents/Eclipse/SiFive/riscv64-unknown-elf-toolchain-10.2.0-2020.12.8/bin/../lib/gcc/riscv64-unknown-elf/10.2.0/../../../../riscv64-unknown-elf/lib/rv32imac/ilp32/libc_nano.a(lib_a-puts.o) (__swsetup_r)
/Applications/FreedomStudio.app/Contents/Eclipse/SiFive/riscv64-unknown-elf-toolchain-10.2.0-2020.12.8/bin/../lib/gcc/riscv64-unknown-elf/10.2.0/../../../../riscv64-unknown-elf/lib/rv32imac/ilp32/libc_nano.a(lib_a-fflush.o)
                              /Applications/FreedomStudio.app/Contents/Eclipse/SiFive/riscv64-unknown-elf-toolchain-10.2.0-2020.12.8/bin/../lib/gcc/riscv64-unknown-elf/10.2.0/../../../../riscv64-unknown-elf/lib/rv32imac/ilp32/libc_nano.a(lib_a-wbuf.o) (_fflush_r)
/Applications/FreedomStudio.app/Contents/Eclipse/SiFive/riscv64-unknown-elf-toolchain-10.2.0-2020.12.8/bin/../lib/gcc/riscv64-unknown-elf/10.2.0/../../../../riscv64-unknown-elf/lib/rv32imac/ilp32/libc_nano.a(lib_a-findfp.o)
                              /Applications/FreedomStudio.app/Contents/Eclipse/SiFive/riscv64-unknown-elf-toolchain-10.2.0-2020.12.8/bin/../lib/gcc/riscv64-unknown-elf/10.2.0/../../../../riscv64-unknown-elf/lib/rv32imac/ilp32/libc_nano.a(lib_a-puts.o) (__sinit)
/Applications/FreedomStudio.app/Contents/Eclipse/SiFive/riscv64-unknown-elf-toolchain-10.2.0-2020.12.8/bin/../lib/gcc/riscv64-unknown-elf/10.2.0/../../../../riscv64-unknown-elf/lib/rv32imac/ilp32/libc_nano.a(lib_a-fwalk.o)
                              /Applications/FreedomStudio.app/Contents/Eclipse/SiFive/riscv64-unknown-elf-toolchain-10.2.0-2020.12.8/bin/../lib/gcc/riscv64-unknown-elf/10.2.0/../../../../riscv64-unknown-elf/lib/rv32imac/ilp32/libc_nano.a(lib_a-findfp.o) (_fwalk)
/Applications/FreedomStudio.app/Contents/Eclipse/SiFive/riscv64-unknown-elf-toolchain-10.2.0-2020.12.8/bin/../lib/gcc/riscv64-unknown-elf/10.2.0/../../../../riscv64-unknown-elf/lib/rv32imac/ilp32/libc_nano.a(lib_a-impure.o)
                              /Applications/FreedomStudio.app/Contents/Eclipse/SiFive/riscv64-unknown-elf-toolchain-10.2.0-2020.12.8/bin/../lib/gcc/riscv64-unknown-elf/10.2.0/../../../../riscv64-unknown-elf/lib/rv32imac/ilp32/libc_nano.a(lib_a-fflush.o) (_global_impure_ptr)
/Applications/FreedomStudio.app/Contents/Eclipse/SiFive/riscv64-unknown-elf-toolchain-10.2.0-2020.12.8/bin/../lib/gcc/riscv64-unknown-elf/10.2.0/../../../../riscv64-unknown-elf/lib/rv32imac/ilp32/libc_nano.a(lib_a-makebuf.o)
                              /Applications/FreedomStudio.app/Contents/Eclipse/SiFive/riscv64-unknown-elf-toolchain-10.2.0-2020.12.8/bin/../lib/gcc/riscv64-unknown-elf/10.2.0/../../../../riscv64-unknown-elf/lib/rv32imac/ilp32/libc_nano.a(lib_a-wsetup.o) (__smakebuf_r)
/Applications/FreedomStudio.app/Contents/Eclipse/SiFive/riscv64-unknown-elf-toolchain-10.2.0-2020.12.8/bin/../lib/gcc/riscv64-unknown-elf/10.2.0/../../../../riscv64-unknown-elf/lib/rv32imac/ilp32/libc_nano.a(lib_a-memset.o)
                              /Applications/FreedomStudio.app/Contents/Eclipse/SiFive/riscv64-unknown-elf-toolchain-10.2.0-2020.12.8/bin/../lib/gcc/riscv64-unknown-elf/10.2.0/../../../../riscv64-unknown-elf/lib/rv32imac/ilp32/libc_nano.a(lib_a-findfp.o) (memset)
/Applications/FreedomStudio.app/Contents/Eclipse/SiFive/riscv64-unknown-elf-toolchain-10.2.0-2020.12.8/bin/../lib/gcc/riscv64-unknown-elf/10.2.0/../../../../riscv64-unknown-elf/lib/rv32imac/ilp32/libc_nano.a(lib_a-nano-freer.o)
                              /Applications/FreedomStudio.app/Contents/Eclipse/SiFive/riscv64-unknown-elf-toolchain-10.2.0-2020.12.8/bin/../lib/gcc/riscv64-unknown-elf/10.2.0/../../../../riscv64-unknown-elf/lib/rv32imac/ilp32/libc_nano.a(lib_a-wsetup.o) (_free_r)
[...]
Memory Configuration

Name             Origin             Length             Attributes
ram              0x0000000080000000 0x0000000000400000 axrwl
rom              0x0000000020400000 0x000000001fc00000 xrl !aw
*default*        0x0000000000000000 0xffffffffffffffff

Linker script and memory map

LOAD /var/folders/9x/yg8zr0vn2s7c1p5s66rfgmwc0000gn/T//ccNVFtjO.o
LOAD /var/folders/9x/yg8zr0vn2s7c1p5s66rfgmwc0000gn/T//ccEECPAw.o
START GROUP
LOAD /Applications/FreedomStudio.app/Contents/Eclipse/SiFive/riscv64-unknown-elf-toolchain-10.2.0-2020.12.8/bin/../lib/gcc/riscv64-unknown-elf/10.2.0/../../../../riscv64-unknown-elf/lib/rv32imac/ilp32/libc_nano.a
LOAD /Applications/FreedomStudio.app/Contents/Eclipse/SiFive/riscv64-unknown-elf-toolchain-10.2.0-2020.12.8/bin/../lib/gcc/riscv64-unknown-elf/10.2.0/rv32imac/ilp32/libgcc.a
LOAD /Applications/FreedomStudio.app/Contents/Eclipse/SiFive/riscv64-unknown-elf-toolchain-10.2.0-2020.12.8/bin/../lib/gcc/riscv64-unknown-elf/10.2.0/../../../../riscv64-unknown-elf/lib/rv32imac/ilp32/libm_nano.a
LOAD /Users/sushmita/Work/Code/Crypto/A3-PRESENT/bsp/install/lib/debug//libmetal.a
LOAD /Users/sushmita/Work/Code/Crypto/A3-PRESENT/bsp/install/lib/debug//libmetal-gloss.a
END GROUP
                0x0000000000000400                __stack_size = DEFINED (__stack_size)?__stack_size:0x400
                [!provide]                        PROVIDE (__stack_size = __stack_size)
                0x0000000000000800                __heap_size = DEFINED (__heap_size)?__heap_size:0x800
                0x0000000000000000                PROVIDE (__metal_boot_hart = 0x0)
                0x0000000000000001                PROVIDE (__metal_chicken_bit = 0x1)
                0x0000000000000000                PROVIDE (__metal_eccscrub_bit = 0x0)
                [!provide]                        PROVIDE (metal_dtim_0_memory_start = 0x80000000)
                [!provide]                        PROVIDE (metal_dtim_0_memory_end = 0x80010000)

.init           0x0000000020400000      0x2dc
 *(.text.metal.init.enter)
 .text.metal.init.enter
                0x0000000020400000       0x88 /Users/sushmita/Work/Code/Crypto/A3-PRESENT/bsp/install/lib/debug//libmetal.a(entry.o)
                0x0000000020400000                _enter
 *(.text.metal.init.*)
 .text.metal.init.__register_frame_info
                0x0000000020400088        0x2 /Users/sushmita/Work/Code/Crypto/A3-PRESENT/bsp/install/lib/debug//libmetal.a(entry.o)
                0x0000000020400088                __register_frame_info
 .text.metal.init.scrub
                0x000000002040008a       0xa8 /Users/sushmita/Work/Code/Crypto/A3-PRESENT/bsp/install/lib/debug//libmetal.a(scrub.o)
                0x000000002040008a                metal_mem_scrub
                0x00000000204000cc                __metal_before_start
 *fill*         0x0000000020400132        0x2 
 .text.metal.init.trapvec
                0x0000000020400134        0xe /Users/sushmita/Work/Code/Crypto/A3-PRESENT/bsp/install/lib/debug//libmetal.a(trap.o)
                0x0000000020400134                early_trap_vector
 *(SORT_NONE(.init))
 .init          0x0000000020400142        0xe /Users/sushmita/Work/Code/Crypto/A3-PRESENT/bsp/install/lib/debug//libmetal.a(synchronize_harts.o)
                0x0000000020400142                __metal_synchronize_harts
 *(.text.libgloss.start)
 .text.libgloss.start
                0x0000000020400150      0x18c /Users/sushmita/Work/Code/Crypto/A3-PRESENT/bsp/install/lib/debug//libmetal-gloss.a(crt0.o)
                0x0000000020400150                _start
                0x00000000204002ba                _init
                0x00000000204002ba                _fini
                0x00000000204002bc                secondary_main

.fini
 *(SORT_NONE(.fini))

.preinit_array  0x00000000204002e0        0x0
                0x00000000204002e0                PROVIDE (__preinit_array_start = .)
 *(.preinit_array)
                0x00000000204002e0                PROVIDE (__preinit_array_end = .)

.init_array     0x00000000204002e0        0xc
                0x00000000204002e0                PROVIDE (__init_array_start = .)
 *(SORT_BY_INIT_PRIORITY(.init_array.*) SORT_BY_INIT_PRIORITY(.ctors.*))
 *(.init_array EXCLUDE_FILE(*crtend?.o *crtend.o *crtbegin?.o *crtbegin.o) .ctors)
                0x00000000204002e0                PROVIDE (__init_array_end = .)
                0x00000000204002e0                PROVIDE (metal_constructors_start = .)
 *(SORT_BY_INIT_PRIORITY(.metal.init_array.*))
 .metal.init_array.5000
                0x00000000204002e0        0x4 /Users/sushmita/Work/Code/Crypto/A3-PRESENT/bsp/install/lib/debug//libmetal.a(tty.o)
                0x00000000204002e0                _metal_tty_init_ptr
 .metal.init_array.5000
                0x00000000204002e4        0x8 /Users/sushmita/Work/Code/Crypto/A3-PRESENT/bsp/install/lib/debug//libmetal.a(sifive_fe310-g000_pll.o)
                0x00000000204002e4                _metal_sifive_fe310_g000_pll_init_ptr
                0x00000000204002e8                _use_hfxosc_ptr
 *(.metal.init_array)
                0x00000000204002ec                PROVIDE (metal_constructors_end = .)

.fini_array     0x00000000204002f0        0x0
                0x00000000204002f0                PROVIDE (__fini_array_start = .)
 *(SORT_BY_INIT_PRIORITY(.fini_array.*) SORT_BY_INIT_PRIORITY(.dtors.*))
 *(.fini_array EXCLUDE_FILE(*crtend?.o *crtend.o *crtbegin?.o *crtbegin.o) .dtors)
                0x00000000204002f0                PROVIDE (__fini_array_end = .)
                0x00000000204002f0                PROVIDE (metal_destructors_start = .)
 *(SORT_BY_INIT_PRIORITY(.metal.fini_array.*))
 *(.metal.fini_array)
                0x00000000204002f0                PROVIDE (metal_destructors_end = .)

.ctors          0x00000000204002ec       0x7a
 *crtbegin.o(.ctors)
 *crtbegin?.o(.ctors)
 *(EXCLUDE_FILE(*crtend?.o *crtend.o) .ctors)
 *(SORT_BY_NAME(.ctors.*))
 *(.ctors)
 *(.metal.ctors .metal.ctors.*)
 .metal.ctors   0x00000000204002ec       0x24 /Users/sushmita/Work/Code/Crypto/A3-PRESENT/bsp/install/lib/debug//libmetal.a(tty.o)
                0x00000000204002ec                metal_tty_init
 .metal.ctors   0x0000000020400310       0x56 /Users/sushmita/Work/Code/Crypto/A3-PRESENT/bsp/install/lib/debug//libmetal.a(sifive_fe310-g000_pll.o)
                0x0000000020400310                metal_sifive_fe310_g000_pll_init
                0x000000002040033c                use_hfxosc

.dtors
 *crtbegin.o(.dtors)
 *crtbegin?.o(.dtors)
 *(EXCLUDE_FILE(*crtend?.o *crtend.o) .dtors)
 *(SORT_BY_NAME(.dtors.*))
 *(.dtors)
 *(.metal.dtors .metal.dtors.*)

.rodata         0x0000000020400368      0xbe8
 *(.rdata)
 *(.rodata .rodata.*)
 .rodata        0x0000000020400368       0x12 /var/folders/9x/yg8zr0vn2s7c1p5s66rfgmwc0000gn/T//ccNVFtjO.o
 *fill*         0x000000002040037a        0x2 
 .rodata.__sf_fake_stderr
                0x000000002040037c       0x20 /Applications/FreedomStudio.app/Contents/Eclipse/SiFive/riscv64-unknown-elf-toolchain-10.2.0-2020.12.8/bin/../lib/gcc/riscv64-unknown-elf/10.2.0/../../../../riscv64-unknown-elf/lib/rv32imac/ilp32/libc_nano.a(lib_a-findfp.o)
                0x000000002040037c                __sf_fake_stderr
 .rodata.__sf_fake_stdin
                0x000000002040039c       0x20 /Applications/FreedomStudio.app/Contents/Eclipse/SiFive/riscv64-unknown-elf-toolchain-10.2.0-2020.12.8/bin/../lib/gcc/riscv64-unknown-elf/10.2.0/../../../../riscv64-unknown-elf/lib/rv32imac/ilp32/libc_nano.a(lib_a-findfp.o)
                0x000000002040039c                __sf_fake_stdin
 .rodata.__sf_fake_stdout
                0x00000000204003bc       0x20 /Applications/FreedomStudio.app/Contents/Eclipse/SiFive/riscv64-unknown-elf-toolchain-10.2.0-2020.12.8/bin/../lib/gcc/riscv64-unknown-elf/10.2.0/../../../../riscv64-unknown-elf/lib/rv32imac/ilp32/libc_nano.a(lib_a-findfp.o)
                0x00000000204003bc                __sf_fake_stdout
 .rodata.libgloss.start
                0x00000000204003dc       0x11 /Users/sushmita/Work/Code/Crypto/A3-PRESENT/bsp/install/lib/debug//libmetal-gloss.a(crt0.o)
 *fill*         0x00000000204003ed        0x3 
 .rodata.__metal_driver_vtable_riscv_clint0
                0x00000000204003f0       0x64 /Users/sushmita/Work/Code/Crypto/A3-PRESENT/bsp/install/lib/debug//libmetal.a(riscv_clint0.o)
                0x00000000204003f0                __metal_driver_vtable_riscv_clint0
 .rodata.__metal_local_interrupt_enable
                0x0000000020400454       0x80 /Users/sushmita/Work/Code/Crypto/A3-PRESENT/bsp/install/lib/debug//libmetal.a(riscv_cpu.o)
 .rodata.__metal_driver_vtable_riscv_cpu_intc
                0x00000000204004d4       0x64 /Users/sushmita/Work/Code/Crypto/A3-PRESENT/bsp/install/lib/debug//libmetal.a(riscv_cpu.o)
                0x00000000204004d4                __metal_driver_vtable_riscv_cpu_intc
 .rodata.__metal_driver_vtable_cpu
                0x0000000020400538       0x44 /Users/sushmita/Work/Code/Crypto/A3-PRESENT/bsp/install/lib/debug//libmetal.a(riscv_cpu.o)
                0x0000000020400538                __metal_driver_vtable_cpu
 .rodata.__metal_driver_vtable_riscv_plic0
                0x000000002040057c       0x64 /Users/sushmita/Work/Code/Crypto/A3-PRESENT/bsp/install/lib/debug//libmetal.a(riscv_plic0.o)
                0x000000002040057c                __metal_driver_vtable_riscv_plic0
 .rodata.pll_configs
                0x00000000204005e0      0x880 /Users/sushmita/Work/Code/Crypto/A3-PRESENT/bsp/install/lib/debug//libmetal.a(sifive_fe310-g000_pll.o)
 .rodata.__metal_driver_vtable_sifive_fe310_g000_pll
                0x0000000020400e60        0xc /Users/sushmita/Work/Code/Crypto/A3-PRESENT/bsp/install/lib/debug//libmetal.a(sifive_fe310-g000_pll.o)
                0x0000000020400e60                __metal_driver_vtable_sifive_fe310_g000_pll
 .rodata.__metal_driver_sifive_gpio0_config_int
                0x0000000020400e6c       0x20 /Users/sushmita/Work/Code/Crypto/A3-PRESENT/bsp/install/lib/debug//libmetal.a(sifive_gpio0.o)
 .rodata.__metal_driver_sifive_gpio0_clear_int
                0x0000000020400e8c       0x20 /Users/sushmita/Work/Code/Crypto/A3-PRESENT/bsp/install/lib/debug//libmetal.a(sifive_gpio0.o)
 .rodata.__metal_driver_vtable_sifive_gpio0
                0x0000000020400eac       0x3c /Users/sushmita/Work/Code/Crypto/A3-PRESENT/bsp/install/lib/debug//libmetal.a(sifive_gpio0.o)
                0x0000000020400eac                __metal_driver_vtable_sifive_gpio0
 .rodata.__metal_driver_vtable_sifive_uart0
                0x0000000020400ee8       0x40 /Users/sushmita/Work/Code/Crypto/A3-PRESENT/bsp/install/lib/debug//libmetal.a(sifive_uart0.o)
                0x0000000020400ee8                __metal_driver_vtable_sifive_uart0
 *(.gnu.linkonce.r.*)
                0x0000000020400f28                . = ALIGN (0x8)
 *fill*         0x0000000020400f28        0x0 
 *(.srodata.cst16)
 *(.srodata.cst8)
 *(.srodata.cst4)
 *(.srodata.cst2)
 *(.srodata .srodata.*)
 .srodata._global_impure_ptr
                0x0000000020400f28        0x4 /Applications/FreedomStudio.app/Contents/Eclipse/SiFive/riscv64-unknown-elf-toolchain-10.2.0-2020.12.8/bin/../lib/gcc/riscv64-unknown-elf/10.2.0/../../../../riscv64-unknown-elf/lib/rv32imac/ilp32/libc_nano.a(lib_a-impure.o)
                0x0000000020400f28                _global_impure_ptr
 .srodata.__metal_driver_vtable_sifive_fe310_g000_hfrosc
                0x0000000020400f2c        0x8 /Users/sushmita/Work/Code/Crypto/A3-PRESENT/bsp/install/lib/debug//libmetal.a(sifive_fe310-g000_hfrosc.o)
                0x0000000020400f2c                __metal_driver_vtable_sifive_fe310_g000_hfrosc
 .srodata.__metal_driver_vtable_sifive_fe310_g000_hfxosc
                0x0000000020400f34        0x8 /Users/sushmita/Work/Code/Crypto/A3-PRESENT/bsp/install/lib/debug//libmetal.a(sifive_fe310-g000_hfxosc.o)
                0x0000000020400f34                __metal_driver_vtable_sifive_fe310_g000_hfxosc
 .srodata.__metal_driver_vtable_sifive_fe310_g000_prci
                0x0000000020400f3c        0x8 /Users/sushmita/Work/Code/Crypto/A3-PRESENT/bsp/install/lib/debug//libmetal.a(sifive_fe310-g000_prci.o)
                0x0000000020400f3c                __metal_driver_vtable_sifive_fe310_g000_prci
 .srodata.__metal_driver_vtable_sifive_test0
                0x0000000020400f44        0x4 /Users/sushmita/Work/Code/Crypto/A3-PRESENT/bsp/install/lib/debug//libmetal.a(sifive_test0.o)
                0x0000000020400f44                __metal_driver_vtable_sifive_test0
 .srodata.__metal_driver_vtable_fixed_clock
                0x0000000020400f48        0x8 /Users/sushmita/Work/Code/Crypto/A3-PRESENT/bsp/install/lib/debug//libmetal.a(fixed-clock.o)
                0x0000000020400f48                __metal_driver_vtable_fixed_clock

.itim           0x0000000080000000        0x0 load address 0x0000000020400f50
 *(.itim .itim.*)
                0x0000000020400f50                PROVIDE (metal_segment_itim_source_start = LOADADDR (.itim))
                0x0000000080000000                PROVIDE (metal_segment_itim_target_start = ADDR (.itim))
                0x0000000080000000                PROVIDE (metal_segment_itim_target_end = (ADDR (.itim) + SIZEOF (.itim)))

.lim            0x0000000080000000        0x0 load address 0x0000000020400f50
 *(.lim .lim.*)
                0x0000000020400f50                PROVIDE (metal_segment_lim_source_start = LOADADDR (.lim))
                0x0000000080000000                PROVIDE (metal_segment_lim_target_start = ADDR (.lim))
                0x0000000080000000                PROVIDE (metal_segment_lim_target_end = (ADDR (.lim) + SIZEOF (.lim)))

.text           0x0000000020400f80     0x5ab6
 *(.text.unlikely .text.unlikely.*)
 *(.text.startup .text.startup.*)
 *(.text .text.*)
 .text.main     0x0000000020400f80       0x20 /var/folders/9x/yg8zr0vn2s7c1p5s66rfgmwc0000gn/T//ccNVFtjO.o
                0x0000000020400f80                main
 .text          0x0000000020400fa0      0x2f8 /var/folders/9x/yg8zr0vn2s7c1p5s66rfgmwc0000gn/T//ccEECPAw.o
                0x0000000020400fa0                present
 .text._puts_r  0x0000000020401298       0xda /Applications/FreedomStudio.app/Contents/Eclipse/SiFive/riscv64-unknown-elf-toolchain-10.2.0-2020.12.8/bin/../lib/gcc/riscv64-unknown-elf/10.2.0/../../../../riscv64-unknown-elf/lib/rv32imac/ilp32/libc_nano.a(lib_a-puts.o)
                0x0000000020401298                _puts_r
 .text.puts     0x0000000020401372        0xc /Applications/FreedomStudio.app/Contents/Eclipse/SiFive/riscv64-unknown-elf-toolchain-10.2.0-2020.12.8/bin/../lib/gcc/riscv64-unknown-elf/10.2.0/../../../../riscv64-unknown-elf/lib/rv32imac/ilp32/libc_nano.a(lib_a-puts.o)
                0x0000000020401372                puts
 .text.__swbuf_r
                0x000000002040137e       0xc0 /Applications/FreedomStudio.app/Contents/Eclipse/SiFive/riscv64-unknown-elf-toolchain-10.2.0-2020.12.8/bin/../lib/gcc/riscv64-unknown-elf/10.2.0/../../../../riscv64-unknown-elf/lib/rv32imac/ilp32/libc_nano.a(lib_a-wbuf.o)
                0x000000002040137e                __swbuf_r
 .text.__swsetup_r
                0x000000002040143e      0x10a /Applications/FreedomStudio.app/Contents/Eclipse/SiFive/riscv64-unknown-elf-toolchain-10.2.0-2020.12.8/bin/../lib/gcc/riscv64-unknown-elf/10.2.0/../../../../riscv64-unknown-elf/lib/rv32imac/ilp32/libc_nano.a(lib_a-wsetup.o)
                0x000000002040143e                __swsetup_r
 .text.__sflush_r
                0x0000000020401548      0x146 /Applications/FreedomStudio.app/Contents/Eclipse/SiFive/riscv64-unknown-elf-toolchain-10.2.0-2020.12.8/bin/../lib/gcc/riscv64-unknown-elf/10.2.0/../../../../riscv64-unknown-elf/lib/rv32imac/ilp32/libc_nano.a(lib_a-fflush.o)
                0x0000000020401548                __sflush_r
 .text._fflush_r
                0x000000002040168e       0x64 /Applications/FreedomStudio.app/Contents/Eclipse/SiFive/riscv64-unknown-elf-toolchain-10.2.0-2020.12.8/bin/../lib/gcc/riscv64-unknown-elf/10.2.0/../../../../riscv64-unknown-elf/lib/rv32imac/ilp32/libc_nano.a(lib_a-fflush.o)
                0x000000002040168e                _fflush_r
 .text.std      0x00000000204016f2       0x68 /Applications/FreedomStudio.app/Contents/Eclipse/SiFive/riscv64-unknown-elf-toolchain-10.2.0-2020.12.8/bin/../lib/gcc/riscv64-unknown-elf/10.2.0/../../../../riscv64-unknown-elf/lib/rv32imac/ilp32/libc_nano.a(lib_a-findfp.o)
 .text._cleanup_r
                0x000000002040175a        0xa /Applications/FreedomStudio.app/Contents/Eclipse/SiFive/riscv64-unknown-elf-toolchain-10.2.0-2020.12.8/bin/../lib/gcc/riscv64-unknown-elf/10.2.0/../../../../riscv64-unknown-elf/lib/rv32imac/ilp32/libc_nano.a(lib_a-findfp.o)
                0x000000002040175a                _cleanup_r
 .text.__sfmoreglue
                0x0000000020401764       0x44 /Applications/FreedomStudio.app/Contents/Eclipse/SiFive/riscv64-unknown-elf-toolchain-10.2.0-2020.12.8/bin/../lib/gcc/riscv64-unknown-elf/10.2.0/../../../../riscv64-unknown-elf/lib/rv32imac/ilp32/libc_nano.a(lib_a-findfp.o)
                0x0000000020401764                __sfmoreglue
 .text.__sinit  0x00000000204017a8       0x6a /Applications/FreedomStudio.app/Contents/Eclipse/SiFive/riscv64-unknown-elf-toolchain-10.2.0-2020.12.8/bin/../lib/gcc/riscv64-unknown-elf/10.2.0/../../../../riscv64-unknown-elf/lib/rv32imac/ilp32/libc_nano.a(lib_a-findfp.o)
                0x00000000204017a8                __sinit
 .text.__sfp    0x0000000020401812       0x9c /Applications/FreedomStudio.app/Contents/Eclipse/SiFive/riscv64-unknown-elf-toolchain-10.2.0-2020.12.8/bin/../lib/gcc/riscv64-unknown-elf/10.2.0/../../../../riscv64-unknown-elf/lib/rv32imac/ilp32/libc_nano.a(lib_a-findfp.o)
                0x0000000020401812                __sfp
 .text._fwalk_reent
                0x00000000204018ae       0x6a /Applications/FreedomStudio.app/Contents/Eclipse/SiFive/riscv64-unknown-elf-toolchain-10.2.0-2020.12.8/bin/../lib/gcc/riscv64-unknown-elf/10.2.0/../../../../riscv64-unknown-elf/lib/rv32imac/ilp32/libc_nano.a(lib_a-fwalk.o)
                0x00000000204018ae                _fwalk_reent
 .text.__swhatbuf_r
                0x0000000020401918       0x5a /Applications/FreedomStudio.app/Contents/Eclipse/SiFive/riscv64-unknown-elf-toolchain-10.2.0-2020.12.8/bin/../lib/gcc/riscv64-unknown-elf/10.2.0/../../../../riscv64-unknown-elf/lib/rv32imac/ilp32/libc_nano.a(lib_a-makebuf.o)
                0x0000000020401918                __swhatbuf_r
 .text.__smakebuf_r
                0x0000000020401972       0x9c /Applications/FreedomStudio.app/Contents/Eclipse/SiFive/riscv64-unknown-elf-toolchain-10.2.0-2020.12.8/bin/../lib/gcc/riscv64-unknown-elf/10.2.0/../../../../riscv64-unknown-elf/lib/rv32imac/ilp32/libc_nano.a(lib_a-makebuf.o)
                0x0000000020401972                __smakebuf_r
 .text          0x0000000020401a0e       0xa8 /Applications/FreedomStudio.app/Contents/Eclipse/SiFive/riscv64-unknown-elf-toolchain-10.2.0-2020.12.8/bin/../lib/gcc/riscv64-unknown-elf/10.2.0/../../../../riscv64-unknown-elf/lib/rv32imac/ilp32/libc_nano.a(lib_a-memset.o)
                0x0000000020401a0e                memset
 .text._free_r  0x0000000020401ab6       0xa2 /Applications/FreedomStudio.app/Contents/Eclipse/SiFive/riscv64-unknown-elf-toolchain-10.2.0-2020.12.8/bin/../lib/gcc/riscv64-unknown-elf/10.2.0/../../../../riscv64-unknown-elf/lib/rv32imac/ilp32/libc_nano.a(lib_a-nano-freer.o)
                0x0000000020401ab6                _free_r
 .text._malloc_r
                0x0000000020401b58       0xd8 /Applications/FreedomStudio.app/Contents/Eclipse/SiFive/riscv64-unknown-elf-toolchain-10.2.0-2020.12.8/bin/../lib/gcc/riscv64-unknown-elf/10.2.0/../../../../riscv64-unknown-elf/lib/rv32imac/ilp32/libc_nano.a(lib_a-nano-mallocr.o)
                0x0000000020401b58                _malloc_r
 .text._sbrk_r  0x0000000020401c30       0x2e /Applications/FreedomStudio.app/Contents/Eclipse/SiFive/riscv64-unknown-elf-toolchain-10.2.0-2020.12.8/bin/../lib/gcc/riscv64-unknown-elf/10.2.0/../../../../riscv64-unknown-elf/lib/rv32imac/ilp32/libc_nano.a(lib_a-sbrkr.o)
                0x0000000020401c30                _sbrk_r
 .text.__sread  0x0000000020401c5e       0x30 /Applications/FreedomStudio.app/Contents/Eclipse/SiFive/riscv64-unknown-elf-toolchain-10.2.0-2020.12.8/bin/../lib/gcc/riscv64-unknown-elf/10.2.0/../../../../riscv64-unknown-elf/lib/rv32imac/ilp32/libc_nano.a(lib_a-stdio.o)
                0x0000000020401c5e                __sread
 .text.__swrite
                0x0000000020401c8e       0x4e /Applications/FreedomStudio.app/Contents/Eclipse/SiFive/riscv64-unknown-elf-toolchain-10.2.0-2020.12.8/bin/../lib/gcc/riscv64-unknown-elf/10.2.0/../../../../riscv64-unknown-elf/lib/rv32imac/ilp32/libc_nano.a(lib_a-stdio.o)
                0x0000000020401c8e                __swrite
 .text.__sseek  0x0000000020401cdc       0x36 /Applications/FreedomStudio.app/Contents/Eclipse/SiFive/riscv64-unknown-elf-toolchain-10.2.0-2020.12.8/bin/../lib/gcc/riscv64-unknown-elf/10.2.0/../../../../riscv64-unknown-elf/lib/rv32imac/ilp32/libc_nano.a(lib_a-stdio.o)
                0x0000000020401cdc                __sseek
 .text.__sclose
                0x0000000020401d12        0x6 /Applications/FreedomStudio.app/Contents/Eclipse/SiFive/riscv64-unknown-elf-toolchain-10.2.0-2020.12.8/bin/../lib/gcc/riscv64-unknown-elf/10.2.0/../../../../riscv64-unknown-elf/lib/rv32imac/ilp32/libc_nano.a(lib_a-stdio.o)
                0x0000000020401d12                __sclose
 .text._write_r
                0x0000000020401d18       0x32 /Applications/FreedomStudio.app/Contents/Eclipse/SiFive/riscv64-unknown-elf-toolchain-10.2.0-2020.12.8/bin/../lib/gcc/riscv64-unknown-elf/10.2.0/../../../../riscv64-unknown-elf/lib/rv32imac/ilp32/libc_nano.a(lib_a-writer.o)
                0x0000000020401d18                _write_r
 .text._close_r
                0x0000000020401d4a       0x2e /Applications/FreedomStudio.app/Contents/Eclipse/SiFive/riscv64-unknown-elf-toolchain-10.2.0-2020.12.8/bin/../lib/gcc/riscv64-unknown-elf/10.2.0/../../../../riscv64-unknown-elf/lib/rv32imac/ilp32/libc_nano.a(lib_a-closer.o)
                0x0000000020401d4a                _close_r
 .text._fstat_r
                0x0000000020401d78       0x30 /Applications/FreedomStudio.app/Contents/Eclipse/SiFive/riscv64-unknown-elf-toolchain-10.2.0-2020.12.8/bin/../lib/gcc/riscv64-unknown-elf/10.2.0/../../../../riscv64-unknown-elf/lib/rv32imac/ilp32/libc_nano.a(lib_a-fstatr.o)
                0x0000000020401d78                _fstat_r
 .text._isatty_r
                0x0000000020401da8       0x2e /Applications/FreedomStudio.app/Contents/Eclipse/SiFive/riscv64-unknown-elf-toolchain-10.2.0-2020.12.8/bin/../lib/gcc/riscv64-unknown-elf/10.2.0/../../../../riscv64-unknown-elf/lib/rv32imac/ilp32/libc_nano.a(lib_a-isattyr.o)
                0x0000000020401da8                _isatty_r
 .text._lseek_r
                0x0000000020401dd6       0x32 /Applications/FreedomStudio.app/Contents/Eclipse/SiFive/riscv64-unknown-elf-toolchain-10.2.0-2020.12.8/bin/../lib/gcc/riscv64-unknown-elf/10.2.0/../../../../riscv64-unknown-elf/lib/rv32imac/ilp32/libc_nano.a(lib_a-lseekr.o)
                0x0000000020401dd6                _lseek_r
 .text.__malloc_lock
                0x0000000020401e08        0x2 /Applications/FreedomStudio.app/Contents/Eclipse/SiFive/riscv64-unknown-elf-toolchain-10.2.0-2020.12.8/bin/../lib/gcc/riscv64-unknown-elf/10.2.0/../../../../riscv64-unknown-elf/lib/rv32imac/ilp32/libc_nano.a(lib_a-mlock.o)
                0x0000000020401e08                __malloc_lock
 .text.__malloc_unlock
                0x0000000020401e0a        0x2 /Applications/FreedomStudio.app/Contents/Eclipse/SiFive/riscv64-unknown-elf-toolchain-10.2.0-2020.12.8/bin/../lib/gcc/riscv64-unknown-elf/10.2.0/../../../../riscv64-unknown-elf/lib/rv32imac/ilp32/libc_nano.a(lib_a-mlock.o)
                0x0000000020401e0a                __malloc_unlock
 .text._read_r  0x0000000020401e0c       0x32 /Applications/FreedomStudio.app/Contents/Eclipse/SiFive/riscv64-unknown-elf-toolchain-10.2.0-2020.12.8/bin/../lib/gcc/riscv64-unknown-elf/10.2.0/../../../../riscv64-unknown-elf/lib/rv32imac/ilp32/libc_nano.a(lib_a-readr.o)
                0x0000000020401e0c                _read_r
 .text._close   0x0000000020401e3e       0x22 /Users/sushmita/Work/Code/Crypto/A3-PRESENT/bsp/install/lib/debug//libmetal-gloss.a(sys_close.o)
                0x0000000020401e3e                _close
 .text._fstat   0x0000000020401e60       0x26 /Users/sushmita/Work/Code/Crypto/A3-PRESENT/bsp/install/lib/debug//libmetal-gloss.a(sys_fstat.o)
                0x0000000020401e60                _fstat
 .text._isatty  0x0000000020401e86       0x20 /Users/sushmita/Work/Code/Crypto/A3-PRESENT/bsp/install/lib/debug//libmetal-gloss.a(sys_isatty.o)
                0x0000000020401e86                _isatty
 .text._lseek   0x0000000020401ea6       0x2a /Users/sushmita/Work/Code/Crypto/A3-PRESENT/bsp/install/lib/debug//libmetal-gloss.a(sys_lseek.o)
                0x0000000020401ea6                _lseek
 .text._read    0x0000000020401ed0       0x2a /Users/sushmita/Work/Code/Crypto/A3-PRESENT/bsp/install/lib/debug//libmetal-gloss.a(sys_read.o)
                0x0000000020401ed0                _read
 .text._sbrk    0x0000000020401efa       0x7e /Users/sushmita/Work/Code/Crypto/A3-PRESENT/bsp/install/lib/debug//libmetal-gloss.a(sys_sbrk.o)
                0x0000000020401efa                _sbrk
 .text._write   0x0000000020401f78       0x6e /Users/sushmita/Work/Code/Crypto/A3-PRESENT/bsp/install/lib/debug//libmetal-gloss.a(sys_write.o)
                0x0000000020401f78                write
                0x0000000020401f78                _write
 .text.atexit   0x0000000020401fe6        0xa /Applications/FreedomStudio.app/Contents/Eclipse/SiFive/riscv64-unknown-elf-toolchain-10.2.0-2020.12.8/bin/../lib/gcc/riscv64-unknown-elf/10.2.0/../../../../riscv64-unknown-elf/lib/rv32imac/ilp32/libc_nano.a(lib_a-atexit.o)
                0x0000000020401fe6                atexit
 .text.__errno  0x0000000020401ff0        0xa /Applications/FreedomStudio.app/Contents/Eclipse/SiFive/riscv64-unknown-elf-toolchain-10.2.0-2020.12.8/bin/../lib/gcc/riscv64-unknown-elf/10.2.0/../../../../riscv64-unknown-elf/lib/rv32imac/ilp32/libc_nano.a(lib_a-errno.o)
                0x0000000020401ff0                __errno
 .text.exit     0x0000000020401ffa       0x2a /Applications/FreedomStudio.app/Contents/Eclipse/SiFive/riscv64-unknown-elf-toolchain-10.2.0-2020.12.8/bin/../lib/gcc/riscv64-unknown-elf/10.2.0/../../../../riscv64-unknown-elf/lib/rv32imac/ilp32/libc_nano.a(lib_a-exit.o)
                0x0000000020401ffa                exit
 .text.__libc_fini_array
                0x0000000020402024       0x36 /Applications/FreedomStudio.app/Contents/Eclipse/SiFive/riscv64-unknown-elf-toolchain-10.2.0-2020.12.8/bin/../lib/gcc/riscv64-unknown-elf/10.2.0/../../../../riscv64-unknown-elf/lib/rv32imac/ilp32/libc_nano.a(lib_a-fini.o)
                0x0000000020402024                __libc_fini_array
 .text.__libc_init_array
                0x000000002040205a       0x5e /Applications/FreedomStudio.app/Contents/Eclipse/SiFive/riscv64-unknown-elf-toolchain-10.2.0-2020.12.8/bin/../lib/gcc/riscv64-unknown-elf/10.2.0/../../../../riscv64-unknown-elf/lib/rv32imac/ilp32/libc_nano.a(lib_a-init.o)
                0x000000002040205a                __libc_init_array
 .text.__register_exitproc
                0x00000000204020b8       0x7c /Applications/FreedomStudio.app/Contents/Eclipse/SiFive/riscv64-unknown-elf-toolchain-10.2.0-2020.12.8/bin/../lib/gcc/riscv64-unknown-elf/10.2.0/../../../../riscv64-unknown-elf/lib/rv32imac/ilp32/libc_nano.a(lib_a-__atexit.o)
                0x00000000204020b8                __register_exitproc
 .text.__call_exitprocs
                0x0000000020402134       0xc8 /Applications/FreedomStudio.app/Contents/Eclipse/SiFive/riscv64-unknown-elf-toolchain-10.2.0-2020.12.8/bin/../lib/gcc/riscv64-unknown-elf/10.2.0/../../../../riscv64-unknown-elf/lib/rv32imac/ilp32/libc_nano.a(lib_a-__call_atexit.o)
                0x0000000020402134                __call_exitprocs
 .text.metal_init
                0x00000000204021fc       0x78 /Users/sushmita/Work/Code/Crypto/A3-PRESENT/bsp/install/lib/debug//libmetal.a(init.o)
                0x00000000204021fc                metal_init
 .text.metal_fini
                0x0000000020402274       0x78 /Users/sushmita/Work/Code/Crypto/A3-PRESENT/bsp/install/lib/debug//libmetal.a(init.o)
                0x0000000020402274                metal_fini
 .text.metal_init_run
                0x00000000204022ec       0x14 /Users/sushmita/Work/Code/Crypto/A3-PRESENT/bsp/install/lib/debug//libmetal.a(init.o)
                0x00000000204022ec                metal_init_run
 .text.metal_fini_run
                0x0000000020402300       0x14 /Users/sushmita/Work/Code/Crypto/A3-PRESENT/bsp/install/lib/debug//libmetal.a(init.o)
                0x0000000020402300                metal_fini_run
 .text.metal_tty_putc
                0x0000000020402314       0x26 /Users/sushmita/Work/Code/Crypto/A3-PRESENT/bsp/install/lib/debug//libmetal.a(tty.o)
                0x0000000020402314                metal_tty_putc
 .text.metal_uart_init
                0x000000002040233a       0x2c /Users/sushmita/Work/Code/Crypto/A3-PRESENT/bsp/install/lib/debug//libmetal.a(uart.o)
                0x000000002040233a                metal_uart_init
 .text.metal_uart_putc
                0x0000000020402366       0x2e /Users/sushmita/Work/Code/Crypto/A3-PRESENT/bsp/install/lib/debug//libmetal.a(uart.o)
                0x0000000020402366                metal_uart_putc
 .text.metal_uart_set_baud_rate
                0x0000000020402394       0x2e /Users/sushmita/Work/Code/Crypto/A3-PRESENT/bsp/install/lib/debug//libmetal.a(uart.o)
                0x0000000020402394                metal_uart_set_baud_rate
 .text.__metal_driver_sifive_clint0_control_base
                0x00000000204023c2       0x2a /Users/sushmita/Work/Code/Crypto/A3-PRESENT/bsp/install/lib/debug//libmetal.a(riscv_clint0.o)
 .text.__metal_driver_sifive_clint0_num_interrupts
                0x00000000204023ec       0x28 /Users/sushmita/Work/Code/Crypto/A3-PRESENT/bsp/install/lib/debug//libmetal.a(riscv_clint0.o)
 .text.__metal_driver_sifive_clint0_interrupt_parents
                0x0000000020402414       0x3c /Users/sushmita/Work/Code/Crypto/A3-PRESENT/bsp/install/lib/debug//libmetal.a(riscv_clint0.o)
 .text.__metal_driver_sifive_clint0_interrupt_lines
                0x0000000020402450       0x30 /Users/sushmita/Work/Code/Crypto/A3-PRESENT/bsp/install/lib/debug//libmetal.a(riscv_clint0.o)
 .text.__metal_clint0_mtime_get
                0x0000000020402480       0x9a /Users/sushmita/Work/Code/Crypto/A3-PRESENT/bsp/install/lib/debug//libmetal.a(riscv_clint0.o)
                0x0000000020402480                __metal_clint0_mtime_get
 .text.__metal_driver_riscv_clint0_mtimecmp_set
                0x000000002040251a       0x96 /Users/sushmita/Work/Code/Crypto/A3-PRESENT/bsp/install/lib/debug//libmetal.a(riscv_clint0.o)
                0x000000002040251a                __metal_driver_riscv_clint0_mtimecmp_set
 .text._get_cpu_intc
                0x00000000204025b0       0x36 /Users/sushmita/Work/Code/Crypto/A3-PRESENT/bsp/install/lib/debug//libmetal.a(riscv_clint0.o)
 .text.__metal_driver_riscv_clint0_init
                0x00000000204025e6       0x88 /Users/sushmita/Work/Code/Crypto/A3-PRESENT/bsp/install/lib/debug//libmetal.a(riscv_clint0.o)
                0x00000000204025e6                __metal_driver_riscv_clint0_init
 .text.__metal_driver_riscv_clint0_register
                0x000000002040266e       0xda /Users/sushmita/Work/Code/Crypto/A3-PRESENT/bsp/install/lib/debug//libmetal.a(riscv_clint0.o)
                0x000000002040266e                __metal_driver_riscv_clint0_register
 .text.__metal_driver_riscv_clint0_vector_register
                0x0000000020402748       0x28 /Users/sushmita/Work/Code/Crypto/A3-PRESENT/bsp/install/lib/debug//libmetal.a(riscv_clint0.o)
                0x0000000020402748                __metal_driver_riscv_clint0_vector_register
 .text.__metal_driver_riscv_clint0_get_vector_mode
                0x0000000020402770       0x1c /Users/sushmita/Work/Code/Crypto/A3-PRESENT/bsp/install/lib/debug//libmetal.a(riscv_clint0.o)
                0x0000000020402770                __metal_driver_riscv_clint0_get_vector_mode
 .text.__metal_driver_riscv_clint0_set_vector_mode
                0x000000002040278c       0x58 /Users/sushmita/Work/Code/Crypto/A3-PRESENT/bsp/install/lib/debug//libmetal.a(riscv_clint0.o)
                0x000000002040278c                __metal_driver_riscv_clint0_set_vector_mode
 .text.__metal_driver_riscv_clint0_enable
                0x00000000204027e4       0xb2 /Users/sushmita/Work/Code/Crypto/A3-PRESENT/bsp/install/lib/debug//libmetal.a(riscv_clint0.o)
                0x00000000204027e4                __metal_driver_riscv_clint0_enable
 .text.__metal_driver_riscv_clint0_disable
                0x0000000020402896       0xb2 /Users/sushmita/Work/Code/Crypto/A3-PRESENT/bsp/install/lib/debug//libmetal.a(riscv_clint0.o)
                0x0000000020402896                __metal_driver_riscv_clint0_disable
 .text.__metal_driver_riscv_clint0_command_request
                0x0000000020402948      0x13e /Users/sushmita/Work/Code/Crypto/A3-PRESENT/bsp/install/lib/debug//libmetal.a(riscv_clint0.o)
                0x0000000020402948                __metal_driver_riscv_clint0_command_request
 .text.__metal_driver_riscv_clint0_clear_interrupt
                0x0000000020402a86       0x34 /Users/sushmita/Work/Code/Crypto/A3-PRESENT/bsp/install/lib/debug//libmetal.a(riscv_clint0.o)
                0x0000000020402a86                __metal_driver_riscv_clint0_clear_interrupt
 .text.__metal_driver_riscv_clint0_set_interrupt
                0x0000000020402aba       0x34 /Users/sushmita/Work/Code/Crypto/A3-PRESENT/bsp/install/lib/debug//libmetal.a(riscv_clint0.o)
                0x0000000020402aba                __metal_driver_riscv_clint0_set_interrupt
 .text.__metal_driver_cpu_hartid
                0x0000000020402aee       0x24 /Users/sushmita/Work/Code/Crypto/A3-PRESENT/bsp/install/lib/debug//libmetal.a(riscv_cpu.o)
 .text.__metal_driver_cpu_timebase
                0x0000000020402b12       0x2a /Users/sushmita/Work/Code/Crypto/A3-PRESENT/bsp/install/lib/debug//libmetal.a(riscv_cpu.o)
 .text.__metal_driver_cpu_interrupt_controller
                0x0000000020402b3c       0x2a /Users/sushmita/Work/Code/Crypto/A3-PRESENT/bsp/install/lib/debug//libmetal.a(riscv_cpu.o)
 .text.__metal_driver_cpu_buserror
                0x0000000020402b66       0x24 /Users/sushmita/Work/Code/Crypto/A3-PRESENT/bsp/install/lib/debug//libmetal.a(riscv_cpu.o)
 .text.__metal_driver_cpu_get
                0x0000000020402b8a       0x30 /Users/sushmita/Work/Code/Crypto/A3-PRESENT/bsp/install/lib/debug//libmetal.a(riscv_cpu.o)
                0x0000000020402b8a                __metal_driver_cpu_get
 .text.__metal_myhart_id
                0x0000000020402bba       0x1a /Users/sushmita/Work/Code/Crypto/A3-PRESENT/bsp/install/lib/debug//libmetal.a(riscv_cpu.o)
                0x0000000020402bba                __metal_myhart_id
 .text.__metal_interrupt_global_enable
                0x0000000020402bd4       0x18 /Users/sushmita/Work/Code/Crypto/A3-PRESENT/bsp/install/lib/debug//libmetal.a(riscv_cpu.o)
                0x0000000020402bd4                __metal_interrupt_global_enable
 .text.__metal_interrupt_global_disable
                0x0000000020402bec       0x18 /Users/sushmita/Work/Code/Crypto/A3-PRESENT/bsp/install/lib/debug//libmetal.a(riscv_cpu.o)
                0x0000000020402bec                __metal_interrupt_global_disable
 .text.__metal_interrupt_software_enable
                0x0000000020402c04       0x18 /Users/sushmita/Work/Code/Crypto/A3-PRESENT/bsp/install/lib/debug//libmetal.a(riscv_cpu.o)
                0x0000000020402c04                __metal_interrupt_software_enable
 .text.__metal_interrupt_software_disable
                0x0000000020402c1c       0x18 /Users/sushmita/Work/Code/Crypto/A3-PRESENT/bsp/install/lib/debug//libmetal.a(riscv_cpu.o)
                0x0000000020402c1c                __metal_interrupt_software_disable
 .text.__metal_interrupt_timer_enable
                0x0000000020402c34       0x1a /Users/sushmita/Work/Code/Crypto/A3-PRESENT/bsp/install/lib/debug//libmetal.a(riscv_cpu.o)
                0x0000000020402c34                __metal_interrupt_timer_enable
 .text.__metal_interrupt_timer_disable
                0x0000000020402c4e       0x1a /Users/sushmita/Work/Code/Crypto/A3-PRESENT/bsp/install/lib/debug//libmetal.a(riscv_cpu.o)
                0x0000000020402c4e                __metal_interrupt_timer_disable
 .text.__metal_interrupt_external_enable
                0x0000000020402c68       0x1c /Users/sushmita/Work/Code/Crypto/A3-PRESENT/bsp/install/lib/debug//libmetal.a(riscv_cpu.o)
                0x0000000020402c68                __metal_interrupt_external_enable
 .text.__metal_interrupt_external_disable
                0x0000000020402c84       0x1c /Users/sushmita/Work/Code/Crypto/A3-PRESENT/bsp/install/lib/debug//libmetal.a(riscv_cpu.o)
                0x0000000020402c84                __metal_interrupt_external_disable
 .text.__metal_interrupt_local_enable
                0x0000000020402ca0       0x2c /Users/sushmita/Work/Code/Crypto/A3-PRESENT/bsp/install/lib/debug//libmetal.a(riscv_cpu.o)
                0x0000000020402ca0                __metal_interrupt_local_enable
 .text.__metal_interrupt_local_disable
                0x0000000020402ccc       0x2c /Users/sushmita/Work/Code/Crypto/A3-PRESENT/bsp/install/lib/debug//libmetal.a(riscv_cpu.o)
                0x0000000020402ccc                __metal_interrupt_local_disable
 .text.__metal_default_exception_handler
                0x0000000020402cf8       0x18 /Users/sushmita/Work/Code/Crypto/A3-PRESENT/bsp/install/lib/debug//libmetal.a(riscv_cpu.o)
                0x0000000020402cf8                __metal_default_exception_handler
 .text.__metal_default_interrupt_handler
                0x0000000020402d10       0x18 /Users/sushmita/Work/Code/Crypto/A3-PRESENT/bsp/install/lib/debug//libmetal.a(riscv_cpu.o)
                0x0000000020402d10                __metal_default_interrupt_handler
 .text.metal_interrupt_vector_handler
                0x0000000020402d28       0x2e /Users/sushmita/Work/Code/Crypto/A3-PRESENT/bsp/install/lib/debug//libmetal.a(riscv_cpu.o)
                0x0000000020402d28                metal_interrupt_vector_handler
 .text.metal_software_interrupt_vector_handler
                0x0000000020402d56       0x92 /Users/sushmita/Work/Code/Crypto/A3-PRESENT/bsp/install/lib/debug//libmetal.a(riscv_cpu.o)
                0x0000000020402d56                metal_software_interrupt_vector_handler
 .text.__metal_default_sw_handler
                0x0000000020402de8       0x68 /Users/sushmita/Work/Code/Crypto/A3-PRESENT/bsp/install/lib/debug//libmetal.a(riscv_cpu.o)
                0x0000000020402de8                __metal_default_sw_handler
 .text.metal_timer_interrupt_vector_handler
                0x0000000020402e50       0x92 /Users/sushmita/Work/Code/Crypto/A3-PRESENT/bsp/install/lib/debug//libmetal.a(riscv_cpu.o)
                0x0000000020402e50                metal_timer_interrupt_vector_handler
 .text.__metal_default_beu_handler
                0x0000000020402ee2       0x16 /Users/sushmita/Work/Code/Crypto/A3-PRESENT/bsp/install/lib/debug//libmetal.a(riscv_cpu.o)
                0x0000000020402ee2                __metal_default_beu_handler
 .text.__metal_default_timer_handler
                0x0000000020402ef8       0x66 /Users/sushmita/Work/Code/Crypto/A3-PRESENT/bsp/install/lib/debug//libmetal.a(riscv_cpu.o)
                0x0000000020402ef8                __metal_default_timer_handler
 *fill*         0x0000000020402f5e       0x22 
 .text.__metal_exception_handler
                0x0000000020402f80      0x1f8 /Users/sushmita/Work/Code/Crypto/A3-PRESENT/bsp/install/lib/debug//libmetal.a(riscv_cpu.o)
                0x0000000020402f80                __metal_exception_handler
 .text.metal_lc0_interrupt_vector_handler
                0x0000000020403178       0x96 /Users/sushmita/Work/Code/Crypto/A3-PRESENT/bsp/install/lib/debug//libmetal.a(riscv_cpu.o)
                0x0000000020403178                metal_lc0_interrupt_vector_handler
 .text.metal_lc1_interrupt_vector_handler
                0x000000002040320e       0x96 /Users/sushmita/Work/Code/Crypto/A3-PRESENT/bsp/install/lib/debug//libmetal.a(riscv_cpu.o)
                0x000000002040320e                metal_lc1_interrupt_vector_handler
 .text.metal_lc2_interrupt_vector_handler
                0x00000000204032a4       0x96 /Users/sushmita/Work/Code/Crypto/A3-PRESENT/bsp/install/lib/debug//libmetal.a(riscv_cpu.o)
                0x00000000204032a4                metal_lc2_interrupt_vector_handler
 .text.metal_lc3_interrupt_vector_handler
                0x000000002040333a       0x96 /Users/sushmita/Work/Code/Crypto/A3-PRESENT/bsp/install/lib/debug//libmetal.a(riscv_cpu.o)
                0x000000002040333a                metal_lc3_interrupt_vector_handler
 .text.metal_lc4_interrupt_vector_handler
                0x00000000204033d0       0x96 /Users/sushmita/Work/Code/Crypto/A3-PRESENT/bsp/install/lib/debug//libmetal.a(riscv_cpu.o)
                0x00000000204033d0                metal_lc4_interrupt_vector_handler
 .text.metal_lc5_interrupt_vector_handler
                0x0000000020403466       0x96 /Users/sushmita/Work/Code/Crypto/A3-PRESENT/bsp/install/lib/debug//libmetal.a(riscv_cpu.o)
                0x0000000020403466                metal_lc5_interrupt_vector_handler
 .text.metal_lc6_interrupt_vector_handler
                0x00000000204034fc       0x96 /Users/sushmita/Work/Code/Crypto/A3-PRESENT/bsp/install/lib/debug//libmetal.a(riscv_cpu.o)
                0x00000000204034fc                metal_lc6_interrupt_vector_handler
 .text.metal_lc7_interrupt_vector_handler
                0x0000000020403592       0x96 /Users/sushmita/Work/Code/Crypto/A3-PRESENT/bsp/install/lib/debug//libmetal.a(riscv_cpu.o)
                0x0000000020403592                metal_lc7_interrupt_vector_handler
 .text.metal_lc8_interrupt_vector_handler
                0x0000000020403628       0x96 /Users/sushmita/Work/Code/Crypto/A3-PRESENT/bsp/install/lib/debug//libmetal.a(riscv_cpu.o)
                0x0000000020403628                metal_lc8_interrupt_vector_handler
 .text.metal_lc9_interrupt_vector_handler
                0x00000000204036be       0x96 /Users/sushmita/Work/Code/Crypto/A3-PRESENT/bsp/install/lib/debug//libmetal.a(riscv_cpu.o)
                0x00000000204036be                metal_lc9_interrupt_vector_handler
 .text.metal_lc10_interrupt_vector_handler
                0x0000000020403754       0x96 /Users/sushmita/Work/Code/Crypto/A3-PRESENT/bsp/install/lib/debug//libmetal.a(riscv_cpu.o)
                0x0000000020403754                metal_lc10_interrupt_vector_handler
 .text.metal_lc11_interrupt_vector_handler
                0x00000000204037ea       0x96 /Users/sushmita/Work/Code/Crypto/A3-PRESENT/bsp/install/lib/debug//libmetal.a(riscv_cpu.o)
                0x00000000204037ea                metal_lc11_interrupt_vector_handler
 .text.metal_lc12_interrupt_vector_handler
                0x0000000020403880       0x96 /Users/sushmita/Work/Code/Crypto/A3-PRESENT/bsp/install/lib/debug//libmetal.a(riscv_cpu.o)
                0x0000000020403880                metal_lc12_interrupt_vector_handler
 .text.metal_lc13_interrupt_vector_handler
                0x0000000020403916       0x96 /Users/sushmita/Work/Code/Crypto/A3-PRESENT/bsp/install/lib/debug//libmetal.a(riscv_cpu.o)
                0x0000000020403916                metal_lc13_interrupt_vector_handler
 .text.metal_lc14_interrupt_vector_handler
                0x00000000204039ac       0x96 /Users/sushmita/Work/Code/Crypto/A3-PRESENT/bsp/install/lib/debug//libmetal.a(riscv_cpu.o)
                0x00000000204039ac                metal_lc14_interrupt_vector_handler
 .text.metal_lc15_interrupt_vector_handler
                0x0000000020403a42       0x96 /Users/sushmita/Work/Code/Crypto/A3-PRESENT/bsp/install/lib/debug//libmetal.a(riscv_cpu.o)
                0x0000000020403a42                metal_lc15_interrupt_vector_handler
 .text.__metal_controller_interrupt_vector_mode
                0x0000000020403ad8       0x58 /Users/sushmita/Work/Code/Crypto/A3-PRESENT/bsp/install/lib/debug//libmetal.a(riscv_cpu.o)
                0x0000000020403ad8                __metal_controller_interrupt_vector_mode
 .text.__metal_controller_interrupt_vector
                0x0000000020403b30       0xb2 /Users/sushmita/Work/Code/Crypto/A3-PRESENT/bsp/install/lib/debug//libmetal.a(riscv_cpu.o)
                0x0000000020403b30                __metal_controller_interrupt_vector
 .text.__metal_valid_interrupt_id
                0x0000000020403be2       0x58 /Users/sushmita/Work/Code/Crypto/A3-PRESENT/bsp/install/lib/debug//libmetal.a(riscv_cpu.o)
                0x0000000020403be2                __metal_valid_interrupt_id
 .text.__metal_local_interrupt_enable
                0x0000000020403c3a       0xbc /Users/sushmita/Work/Code/Crypto/A3-PRESENT/bsp/install/lib/debug//libmetal.a(riscv_cpu.o)
                0x0000000020403c3a                __metal_local_interrupt_enable
 .text.__metal_exception_register
                0x0000000020403cf6       0x4e /Users/sushmita/Work/Code/Crypto/A3-PRESENT/bsp/install/lib/debug//libmetal.a(riscv_cpu.o)
                0x0000000020403cf6                __metal_exception_register
 .text.__metal_driver_riscv_cpu_controller_interrupt_init
                0x0000000020403d44       0xe2 /Users/sushmita/Work/Code/Crypto/A3-PRESENT/bsp/install/lib/debug//libmetal.a(riscv_cpu.o)
                0x0000000020403d44                __metal_driver_riscv_cpu_controller_interrupt_init
 .text.__metal_driver_riscv_cpu_controller_interrupt_register
                0x0000000020403e26      0x1e0 /Users/sushmita/Work/Code/Crypto/A3-PRESENT/bsp/install/lib/debug//libmetal.a(riscv_cpu.o)
                0x0000000020403e26                __metal_driver_riscv_cpu_controller_interrupt_register
 .text.__metal_driver_riscv_cpu_controller_interrupt_enable
                0x0000000020404006       0x2a /Users/sushmita/Work/Code/Crypto/A3-PRESENT/bsp/install/lib/debug//libmetal.a(riscv_cpu.o)
                0x0000000020404006                __metal_driver_riscv_cpu_controller_interrupt_enable
 .text.__metal_driver_riscv_cpu_controller_interrupt_disable
                0x0000000020404030       0x2a /Users/sushmita/Work/Code/Crypto/A3-PRESENT/bsp/install/lib/debug//libmetal.a(riscv_cpu.o)
                0x0000000020404030                __metal_driver_riscv_cpu_controller_interrupt_disable
 .text.__metal_driver_riscv_cpu_controller_get_vector_mode
                0x000000002040405a       0x1c /Users/sushmita/Work/Code/Crypto/A3-PRESENT/bsp/install/lib/debug//libmetal.a(riscv_cpu.o)
                0x000000002040405a                __metal_driver_riscv_cpu_controller_get_vector_mode
 .text.__metal_driver_riscv_cpu_controller_set_vector_mode
                0x0000000020404076       0x54 /Users/sushmita/Work/Code/Crypto/A3-PRESENT/bsp/install/lib/debug//libmetal.a(riscv_cpu.o)
                0x0000000020404076                __metal_driver_riscv_cpu_controller_set_vector_mode
 .text.__metal_driver_riscv_cpu_controller_command_request
                0x00000000204040ca       0x1c /Users/sushmita/Work/Code/Crypto/A3-PRESENT/bsp/install/lib/debug//libmetal.a(riscv_cpu.o)
                0x00000000204040ca                __metal_driver_riscv_cpu_controller_command_request
 .text.__metal_driver_cpu_mcycle_get
                0x00000000204040e6       0x70 /Users/sushmita/Work/Code/Crypto/A3-PRESENT/bsp/install/lib/debug//libmetal.a(riscv_cpu.o)
                0x00000000204040e6                __metal_driver_cpu_mcycle_get
 .text.__metal_driver_cpu_timebase_get
                0x0000000020404156       0x46 /Users/sushmita/Work/Code/Crypto/A3-PRESENT/bsp/install/lib/debug//libmetal.a(riscv_cpu.o)
                0x0000000020404156                __metal_driver_cpu_timebase_get
 .text.__metal_driver_cpu_mtime_get
                0x000000002040419c       0x66 /Users/sushmita/Work/Code/Crypto/A3-PRESENT/bsp/install/lib/debug//libmetal.a(riscv_cpu.o)
                0x000000002040419c                __metal_driver_cpu_mtime_get
 .text.__metal_driver_cpu_mtimecmp_set
                0x0000000020404202       0x76 /Users/sushmita/Work/Code/Crypto/A3-PRESENT/bsp/install/lib/debug//libmetal.a(riscv_cpu.o)
                0x0000000020404202                __metal_driver_cpu_mtimecmp_set
 .text.__metal_driver_cpu_timer_controller_interrupt
                0x0000000020404278       0x1a /Users/sushmita/Work/Code/Crypto/A3-PRESENT/bsp/install/lib/debug//libmetal.a(riscv_cpu.o)
                0x0000000020404278                __metal_driver_cpu_timer_controller_interrupt
 .text.__metal_driver_cpu_get_timer_interrupt_id
                0x0000000020404292       0x14 /Users/sushmita/Work/Code/Crypto/A3-PRESENT/bsp/install/lib/debug//libmetal.a(riscv_cpu.o)
                0x0000000020404292                __metal_driver_cpu_get_timer_interrupt_id
 .text.__metal_driver_cpu_sw_controller_interrupt
                0x00000000204042a6       0x1a /Users/sushmita/Work/Code/Crypto/A3-PRESENT/bsp/install/lib/debug//libmetal.a(riscv_cpu.o)
                0x00000000204042a6                __metal_driver_cpu_sw_controller_interrupt
 .text.__metal_driver_cpu_get_sw_interrupt_id
                0x00000000204042c0       0x14 /Users/sushmita/Work/Code/Crypto/A3-PRESENT/bsp/install/lib/debug//libmetal.a(riscv_cpu.o)
                0x00000000204042c0                __metal_driver_cpu_get_sw_interrupt_id
 .text.__metal_driver_cpu_set_sw_ipi
                0x00000000204042d4       0x62 /Users/sushmita/Work/Code/Crypto/A3-PRESENT/bsp/install/lib/debug//libmetal.a(riscv_cpu.o)
                0x00000000204042d4                __metal_driver_cpu_set_sw_ipi
 .text.__metal_driver_cpu_clear_sw_ipi
                0x0000000020404336       0x62 /Users/sushmita/Work/Code/Crypto/A3-PRESENT/bsp/install/lib/debug//libmetal.a(riscv_cpu.o)
                0x0000000020404336                __metal_driver_cpu_clear_sw_ipi
 .text.__metal_driver_cpu_get_msip
                0x0000000020404398       0x60 /Users/sushmita/Work/Code/Crypto/A3-PRESENT/bsp/install/lib/debug//libmetal.a(riscv_cpu.o)
                0x0000000020404398                __metal_driver_cpu_get_msip
 .text.__metal_driver_cpu_controller_interrupt
                0x00000000204043f8       0x20 /Users/sushmita/Work/Code/Crypto/A3-PRESENT/bsp/install/lib/debug//libmetal.a(riscv_cpu.o)
                0x00000000204043f8                __metal_driver_cpu_controller_interrupt
 .text.__metal_driver_cpu_exception_register
                0x0000000020404418       0x46 /Users/sushmita/Work/Code/Crypto/A3-PRESENT/bsp/install/lib/debug//libmetal.a(riscv_cpu.o)
                0x0000000020404418                __metal_driver_cpu_exception_register
 .text.__metal_driver_cpu_get_instruction_length
                0x000000002040445e       0x2e /Users/sushmita/Work/Code/Crypto/A3-PRESENT/bsp/install/lib/debug//libmetal.a(riscv_cpu.o)
                0x000000002040445e                __metal_driver_cpu_get_instruction_length
 .text.__metal_driver_cpu_get_exception_pc
                0x000000002040448c       0x1e /Users/sushmita/Work/Code/Crypto/A3-PRESENT/bsp/install/lib/debug//libmetal.a(riscv_cpu.o)
                0x000000002040448c                __metal_driver_cpu_get_exception_pc
 .text.__metal_driver_cpu_set_exception_pc
                0x00000000204044aa       0x20 /Users/sushmita/Work/Code/Crypto/A3-PRESENT/bsp/install/lib/debug//libmetal.a(riscv_cpu.o)
                0x00000000204044aa                __metal_driver_cpu_set_exception_pc
 .text.__metal_driver_cpu_get_buserror
                0x00000000204044ca       0x20 /Users/sushmita/Work/Code/Crypto/A3-PRESENT/bsp/install/lib/debug//libmetal.a(riscv_cpu.o)
                0x00000000204044ca                __metal_driver_cpu_get_buserror
 .text.__metal_driver_sifive_plic0_control_base
                0x00000000204044ea       0x2a /Users/sushmita/Work/Code/Crypto/A3-PRESENT/bsp/install/lib/debug//libmetal.a(riscv_plic0.o)
 .text.__metal_driver_sifive_plic0_num_interrupts
                0x0000000020404514       0x28 /Users/sushmita/Work/Code/Crypto/A3-PRESENT/bsp/install/lib/debug//libmetal.a(riscv_plic0.o)
 .text.__metal_driver_sifive_plic0_max_priority
                0x000000002040453c       0x28 /Users/sushmita/Work/Code/Crypto/A3-PRESENT/bsp/install/lib/debug//libmetal.a(riscv_plic0.o)
 .text.__metal_driver_sifive_plic0_interrupt_parents
                0x0000000020404564       0x28 /Users/sushmita/Work/Code/Crypto/A3-PRESENT/bsp/install/lib/debug//libmetal.a(riscv_plic0.o)
 .text.__metal_driver_sifive_plic0_interrupt_lines
                0x000000002040458c       0x22 /Users/sushmita/Work/Code/Crypto/A3-PRESENT/bsp/install/lib/debug//libmetal.a(riscv_plic0.o)
 .text.__metal_driver_sifive_plic0_context_ids
                0x00000000204045ae       0x1e /Users/sushmita/Work/Code/Crypto/A3-PRESENT/bsp/install/lib/debug//libmetal.a(riscv_plic0.o)
 .text.__metal_plic0_claim_interrupt
                0x00000000204045cc       0x3c /Users/sushmita/Work/Code/Crypto/A3-PRESENT/bsp/install/lib/debug//libmetal.a(riscv_plic0.o)
                0x00000000204045cc                __metal_plic0_claim_interrupt
 .text.__metal_plic0_complete_interrupt
                0x0000000020404608       0x46 /Users/sushmita/Work/Code/Crypto/A3-PRESENT/bsp/install/lib/debug//libmetal.a(riscv_plic0.o)
                0x0000000020404608                __metal_plic0_complete_interrupt
 .text.__metal_plic0_set_threshold
                0x000000002040464e       0x46 /Users/sushmita/Work/Code/Crypto/A3-PRESENT/bsp/install/lib/debug//libmetal.a(riscv_plic0.o)
                0x000000002040464e                __metal_plic0_set_threshold
 .text.__metal_plic0_get_threshold
                0x0000000020404694       0x3a /Users/sushmita/Work/Code/Crypto/A3-PRESENT/bsp/install/lib/debug//libmetal.a(riscv_plic0.o)
                0x0000000020404694                __metal_plic0_get_threshold
 .text.__metal_driver_riscv_plic0_set_priority
                0x00000000204046ce       0x62 /Users/sushmita/Work/Code/Crypto/A3-PRESENT/bsp/install/lib/debug//libmetal.a(riscv_plic0.o)
                0x00000000204046ce                __metal_driver_riscv_plic0_set_priority
 .text.__metal_driver_riscv_plic0_get_priority
                0x0000000020404730       0x34 /Users/sushmita/Work/Code/Crypto/A3-PRESENT/bsp/install/lib/debug//libmetal.a(riscv_plic0.o)
                0x0000000020404730                __metal_driver_riscv_plic0_get_priority
 .text.__metal_plic0_enable
                0x0000000020404764       0xa2 /Users/sushmita/Work/Code/Crypto/A3-PRESENT/bsp/install/lib/debug//libmetal.a(riscv_plic0.o)
                0x0000000020404764                __metal_plic0_enable
 .text.__metal_plic0_default_handler
                0x0000000020404806       0x18 /Users/sushmita/Work/Code/Crypto/A3-PRESENT/bsp/install/lib/debug//libmetal.a(riscv_plic0.o)
                0x0000000020404806                __metal_plic0_default_handler
 .text.__metal_plic0_handler
                0x000000002040481e       0xa4 /Users/sushmita/Work/Code/Crypto/A3-PRESENT/bsp/install/lib/debug//libmetal.a(riscv_plic0.o)
                0x000000002040481e                __metal_plic0_handler
 .text.__metal_driver_riscv_plic0_init
                0x00000000204048c2      0x152 /Users/sushmita/Work/Code/Crypto/A3-PRESENT/bsp/install/lib/debug//libmetal.a(riscv_plic0.o)
                0x00000000204048c2                __metal_driver_riscv_plic0_init
 .text.__metal_driver_riscv_plic0_register
                0x0000000020404a14       0xc2 /Users/sushmita/Work/Code/Crypto/A3-PRESENT/bsp/install/lib/debug//libmetal.a(riscv_plic0.o)
                0x0000000020404a14                __metal_driver_riscv_plic0_register
 .text.__metal_driver_riscv_plic0_enable
                0x0000000020404ad6       0x50 /Users/sushmita/Work/Code/Crypto/A3-PRESENT/bsp/install/lib/debug//libmetal.a(riscv_plic0.o)
                0x0000000020404ad6                __metal_driver_riscv_plic0_enable
 .text.__metal_driver_riscv_plic0_disable
                0x0000000020404b26       0x50 /Users/sushmita/Work/Code/Crypto/A3-PRESENT/bsp/install/lib/debug//libmetal.a(riscv_plic0.o)
                0x0000000020404b26                __metal_driver_riscv_plic0_disable
 .text.__metal_driver_riscv_plic0_set_threshold
                0x0000000020404b76       0x30 /Users/sushmita/Work/Code/Crypto/A3-PRESENT/bsp/install/lib/debug//libmetal.a(riscv_plic0.o)
                0x0000000020404b76                __metal_driver_riscv_plic0_set_threshold
 .text.__metal_driver_riscv_plic0_get_threshold
                0x0000000020404ba6       0x28 /Users/sushmita/Work/Code/Crypto/A3-PRESENT/bsp/install/lib/debug//libmetal.a(riscv_plic0.o)
                0x0000000020404ba6                __metal_driver_riscv_plic0_get_threshold
 .text.__metal_driver_riscv_plic0_affinity_enable
                0x0000000020404bce       0x9c /Users/sushmita/Work/Code/Crypto/A3-PRESENT/bsp/install/lib/debug//libmetal.a(riscv_plic0.o)
                0x0000000020404bce                __metal_driver_riscv_plic0_affinity_enable
 .text.__metal_driver_riscv_plic0_affinity_disable
                0x0000000020404c6a       0x9c /Users/sushmita/Work/Code/Crypto/A3-PRESENT/bsp/install/lib/debug//libmetal.a(riscv_plic0.o)
                0x0000000020404c6a                __metal_driver_riscv_plic0_affinity_disable
 .text.__metal_driver_riscv_plic0_affinity_set_threshold
                0x0000000020404d06       0x74 /Users/sushmita/Work/Code/Crypto/A3-PRESENT/bsp/install/lib/debug//libmetal.a(riscv_plic0.o)
                0x0000000020404d06                __metal_driver_riscv_plic0_affinity_set_threshold
 .text.__metal_driver_riscv_plic0_affinity_get_threshold
                0x0000000020404d7a       0x28 /Users/sushmita/Work/Code/Crypto/A3-PRESENT/bsp/install/lib/debug//libmetal.a(riscv_plic0.o)
                0x0000000020404d7a                __metal_driver_riscv_plic0_affinity_get_threshold
 .text.__metal_driver_sifive_fe310_g000_hfrosc_ref
                0x0000000020404da2       0x1a /Users/sushmita/Work/Code/Crypto/A3-PRESENT/bsp/install/lib/debug//libmetal.a(sifive_fe310-g000_hfrosc.o)
 .text.__metal_driver_sifive_fe310_g000_hfrosc_config_base
                0x0000000020404dbc       0x16 /Users/sushmita/Work/Code/Crypto/A3-PRESENT/bsp/install/lib/debug//libmetal.a(sifive_fe310-g000_hfrosc.o)
 .text.__metal_driver_sifive_fe310_g000_hfrosc_config_offset
                0x0000000020404dd2       0x14 /Users/sushmita/Work/Code/Crypto/A3-PRESENT/bsp/install/lib/debug//libmetal.a(sifive_fe310-g000_hfrosc.o)
 .text.__metal_driver_sifive_fe310_g000_prci_vtable
                0x0000000020404de6       0x16 /Users/sushmita/Work/Code/Crypto/A3-PRESENT/bsp/install/lib/debug//libmetal.a(sifive_fe310-g000_hfrosc.o)
 .text.__metal_driver_sifive_fe310_g000_hfrosc_get_rate_hz
                0x0000000020404dfc       0x84 /Users/sushmita/Work/Code/Crypto/A3-PRESENT/bsp/install/lib/debug//libmetal.a(sifive_fe310-g000_hfrosc.o)
                0x0000000020404dfc                __metal_driver_sifive_fe310_g000_hfrosc_get_rate_hz
 .text.__metal_driver_sifive_fe310_g000_hfrosc_set_rate_hz
                0x0000000020404e80       0x22 /Users/sushmita/Work/Code/Crypto/A3-PRESENT/bsp/install/lib/debug//libmetal.a(sifive_fe310-g000_hfrosc.o)
                0x0000000020404e80                __metal_driver_sifive_fe310_g000_hfrosc_set_rate_hz
 .text.__metal_driver_sifive_fe310_g000_hfxosc_ref
                0x0000000020404ea2       0x1a /Users/sushmita/Work/Code/Crypto/A3-PRESENT/bsp/install/lib/debug//libmetal.a(sifive_fe310-g000_hfxosc.o)
 .text.__metal_driver_sifive_fe310_g000_hfxosc_config_base
                0x0000000020404ebc       0x16 /Users/sushmita/Work/Code/Crypto/A3-PRESENT/bsp/install/lib/debug//libmetal.a(sifive_fe310-g000_hfxosc.o)
 .text.__metal_driver_sifive_fe310_g000_hfxosc_config_offset
                0x0000000020404ed2       0x14 /Users/sushmita/Work/Code/Crypto/A3-PRESENT/bsp/install/lib/debug//libmetal.a(sifive_fe310-g000_hfxosc.o)
 .text.__metal_driver_sifive_fe310_g000_prci_vtable
                0x0000000020404ee6       0x16 /Users/sushmita/Work/Code/Crypto/A3-PRESENT/bsp/install/lib/debug//libmetal.a(sifive_fe310-g000_hfxosc.o)
 .text.__metal_driver_sifive_fe310_g000_hfxosc_get_rate_hz
                0x0000000020404efc       0x74 /Users/sushmita/Work/Code/Crypto/A3-PRESENT/bsp/install/lib/debug//libmetal.a(sifive_fe310-g000_hfxosc.o)
                0x0000000020404efc                __metal_driver_sifive_fe310_g000_hfxosc_get_rate_hz
 .text.__metal_driver_sifive_fe310_g000_hfxosc_set_rate_hz
                0x0000000020404f70       0x22 /Users/sushmita/Work/Code/Crypto/A3-PRESENT/bsp/install/lib/debug//libmetal.a(sifive_fe310-g000_hfxosc.o)
                0x0000000020404f70                __metal_driver_sifive_fe310_g000_hfxosc_set_rate_hz
 .text.__metal_driver_sifive_fe310_g000_pll_pllsel0
                0x0000000020404f92       0x1a /Users/sushmita/Work/Code/Crypto/A3-PRESENT/bsp/install/lib/debug//libmetal.a(sifive_fe310-g000_pll.o)
 .text.__metal_driver_sifive_fe310_g000_pll_pllref
                0x0000000020404fac       0x1a /Users/sushmita/Work/Code/Crypto/A3-PRESENT/bsp/install/lib/debug//libmetal.a(sifive_fe310-g000_pll.o)
 .text.__metal_driver_sifive_fe310_g000_pll_divider_base
                0x0000000020404fc6       0x16 /Users/sushmita/Work/Code/Crypto/A3-PRESENT/bsp/install/lib/debug//libmetal.a(sifive_fe310-g000_pll.o)
 .text.__metal_driver_sifive_fe310_g000_pll_divider_offset
                0x0000000020404fdc       0x14 /Users/sushmita/Work/Code/Crypto/A3-PRESENT/bsp/install/lib/debug//libmetal.a(sifive_fe310-g000_pll.o)
 .text.__metal_driver_sifive_fe310_g000_pll_config_base
                0x0000000020404ff0       0x12 /Users/sushmita/Work/Code/Crypto/A3-PRESENT/bsp/install/lib/debug//libmetal.a(sifive_fe310-g000_pll.o)
 .text.__metal_driver_sifive_fe310_g000_pll_config_offset
                0x0000000020405002       0x10 /Users/sushmita/Work/Code/Crypto/A3-PRESENT/bsp/install/lib/debug//libmetal.a(sifive_fe310-g000_pll.o)
 .text.__metal_driver_sifive_fe310_g000_pll_init_rate
                0x0000000020405012       0x16 /Users/sushmita/Work/Code/Crypto/A3-PRESENT/bsp/install/lib/debug//libmetal.a(sifive_fe310-g000_pll.o)
 .text.__metal_driver_sifive_fe310_g000_prci_base
                0x0000000020405028       0x12 /Users/sushmita/Work/Code/Crypto/A3-PRESENT/bsp/install/lib/debug//libmetal.a(sifive_fe310-g000_pll.o)
 .text.__metal_driver_sifive_fe310_g000_prci_vtable
                0x000000002040503a       0x16 /Users/sushmita/Work/Code/Crypto/A3-PRESENT/bsp/install/lib/debug//libmetal.a(sifive_fe310-g000_pll.o)
 .text.get_pll_config_freq
                0x0000000020405050       0x4e /Users/sushmita/Work/Code/Crypto/A3-PRESENT/bsp/install/lib/debug//libmetal.a(sifive_fe310-g000_pll.o)
 .text.__metal_driver_sifive_fe310_g000_pll_init
                0x000000002040509e       0xa4 /Users/sushmita/Work/Code/Crypto/A3-PRESENT/bsp/install/lib/debug//libmetal.a(sifive_fe310-g000_pll.o)
                0x000000002040509e                __metal_driver_sifive_fe310_g000_pll_init
 .text.__metal_driver_sifive_fe310_g000_pll_get_rate_hz
                0x0000000020405142      0x170 /Users/sushmita/Work/Code/Crypto/A3-PRESENT/bsp/install/lib/debug//libmetal.a(sifive_fe310-g000_pll.o)
                0x0000000020405142                __metal_driver_sifive_fe310_g000_pll_get_rate_hz
 .text.find_closest_config
                0x00000000204052b2       0xac /Users/sushmita/Work/Code/Crypto/A3-PRESENT/bsp/install/lib/debug//libmetal.a(sifive_fe310-g000_pll.o)
 .text.configure_pll
                0x000000002040535e      0x1b0 /Users/sushmita/Work/Code/Crypto/A3-PRESENT/bsp/install/lib/debug//libmetal.a(sifive_fe310-g000_pll.o)
 .text.__metal_driver_sifive_fe310_g000_pll_set_rate_hz
                0x000000002040550e      0x166 /Users/sushmita/Work/Code/Crypto/A3-PRESENT/bsp/install/lib/debug//libmetal.a(sifive_fe310-g000_pll.o)
                0x000000002040550e                __metal_driver_sifive_fe310_g000_pll_set_rate_hz
 .text.__metal_driver_sifive_fe310_g000_prci_base
                0x0000000020405674       0x12 /Users/sushmita/Work/Code/Crypto/A3-PRESENT/bsp/install/lib/debug//libmetal.a(sifive_fe310-g000_prci.o)
 .text.__metal_driver_sifive_fe310_g000_prci_get_reg
                0x0000000020405686       0x2e /Users/sushmita/Work/Code/Crypto/A3-PRESENT/bsp/install/lib/debug//libmetal.a(sifive_fe310-g000_prci.o)
                0x0000000020405686                __metal_driver_sifive_fe310_g000_prci_get_reg
 .text.__metal_driver_sifive_fe310_g000_prci_set_reg
                0x00000000204056b4       0x38 /Users/sushmita/Work/Code/Crypto/A3-PRESENT/bsp/install/lib/debug//libmetal.a(sifive_fe310-g000_prci.o)
                0x00000000204056b4                __metal_driver_sifive_fe310_g000_prci_set_reg
 .text.__metal_driver_sifive_gpio0_base
                0x00000000204056ec       0x26 /Users/sushmita/Work/Code/Crypto/A3-PRESENT/bsp/install/lib/debug//libmetal.a(sifive_gpio0.o)
 .text.__metal_driver_sifive_gpio0_interrupt_parent
                0x0000000020405712       0x2a /Users/sushmita/Work/Code/Crypto/A3-PRESENT/bsp/install/lib/debug//libmetal.a(sifive_gpio0.o)
 .text.__metal_driver_sifive_gpio0_interrupt_lines
                0x000000002040573c      0x1b4 /Users/sushmita/Work/Code/Crypto/A3-PRESENT/bsp/install/lib/debug//libmetal.a(sifive_gpio0.o)
 .text.__metal_driver_sifive_gpio0_enable_input
                0x00000000204058f0       0x40 /Users/sushmita/Work/Code/Crypto/A3-PRESENT/bsp/install/lib/debug//libmetal.a(sifive_gpio0.o)
                0x00000000204058f0                __metal_driver_sifive_gpio0_enable_input
 .text.__metal_driver_sifive_gpio0_disable_input
                0x0000000020405930       0x46 /Users/sushmita/Work/Code/Crypto/A3-PRESENT/bsp/install/lib/debug//libmetal.a(sifive_gpio0.o)
                0x0000000020405930                __metal_driver_sifive_gpio0_disable_input
 .text.__metal_driver_sifive_gpio0_input
                0x0000000020405976       0x2a /Users/sushmita/Work/Code/Crypto/A3-PRESENT/bsp/install/lib/debug//libmetal.a(sifive_gpio0.o)
                0x0000000020405976                __metal_driver_sifive_gpio0_input
 .text.__metal_driver_sifive_gpio0_output
                0x00000000204059a0       0x2c /Users/sushmita/Work/Code/Crypto/A3-PRESENT/bsp/install/lib/debug//libmetal.a(sifive_gpio0.o)
                0x00000000204059a0                __metal_driver_sifive_gpio0_output
 .text.__metal_driver_sifive_gpio0_disable_output
                0x00000000204059cc       0x46 /Users/sushmita/Work/Code/Crypto/A3-PRESENT/bsp/install/lib/debug//libmetal.a(sifive_gpio0.o)
                0x00000000204059cc                __metal_driver_sifive_gpio0_disable_output
 .text.__metal_driver_sifive_gpio0_enable_output
                0x0000000020405a12       0x40 /Users/sushmita/Work/Code/Crypto/A3-PRESENT/bsp/install/lib/debug//libmetal.a(sifive_gpio0.o)
                0x0000000020405a12                __metal_driver_sifive_gpio0_enable_output
 .text.__metal_driver_sifive_gpio0_output_set
                0x0000000020405a52       0x40 /Users/sushmita/Work/Code/Crypto/A3-PRESENT/bsp/install/lib/debug//libmetal.a(sifive_gpio0.o)
                0x0000000020405a52                __metal_driver_sifive_gpio0_output_set
 .text.__metal_driver_sifive_gpio0_output_clear
                0x0000000020405a92       0x46 /Users/sushmita/Work/Code/Crypto/A3-PRESENT/bsp/install/lib/debug//libmetal.a(sifive_gpio0.o)
                0x0000000020405a92                __metal_driver_sifive_gpio0_output_clear
 .text.__metal_driver_sifive_gpio0_output_toggle
                0x0000000020405ad8       0x40 /Users/sushmita/Work/Code/Crypto/A3-PRESENT/bsp/install/lib/debug//libmetal.a(sifive_gpio0.o)
                0x0000000020405ad8                __metal_driver_sifive_gpio0_output_toggle
 .text.__metal_driver_sifive_gpio0_enable_io
                0x0000000020405b18       0x62 /Users/sushmita/Work/Code/Crypto/A3-PRESENT/bsp/install/lib/debug//libmetal.a(sifive_gpio0.o)
                0x0000000020405b18                __metal_driver_sifive_gpio0_enable_io
 .text.__metal_driver_sifive_gpio0_disable_io
                0x0000000020405b7a       0x4a /Users/sushmita/Work/Code/Crypto/A3-PRESENT/bsp/install/lib/debug//libmetal.a(sifive_gpio0.o)
                0x0000000020405b7a                __metal_driver_sifive_gpio0_disable_io
 .text.__metal_driver_sifive_gpio0_config_int
                0x0000000020405bc4      0x206 /Users/sushmita/Work/Code/Crypto/A3-PRESENT/bsp/install/lib/debug//libmetal.a(sifive_gpio0.o)
                0x0000000020405bc4                __metal_driver_sifive_gpio0_config_int
 .text.__metal_driver_sifive_gpio0_clear_int
                0x0000000020405dca      0x188 /Users/sushmita/Work/Code/Crypto/A3-PRESENT/bsp/install/lib/debug//libmetal.a(sifive_gpio0.o)
                0x0000000020405dca                __metal_driver_sifive_gpio0_clear_int
 .text.__metal_driver_gpio_interrupt_controller
                0x0000000020405f52       0x20 /Users/sushmita/Work/Code/Crypto/A3-PRESENT/bsp/install/lib/debug//libmetal.a(sifive_gpio0.o)
                0x0000000020405f52                __metal_driver_gpio_interrupt_controller
 .text.__metal_driver_gpio_get_interrupt_id
                0x0000000020405f72       0x2e /Users/sushmita/Work/Code/Crypto/A3-PRESENT/bsp/install/lib/debug//libmetal.a(sifive_gpio0.o)
                0x0000000020405f72                __metal_driver_gpio_get_interrupt_id
 .text.__metal_driver_sifive_test0_base
                0x0000000020405fa0       0x26 /Users/sushmita/Work/Code/Crypto/A3-PRESENT/bsp/install/lib/debug//libmetal.a(sifive_test0.o)
 .text.__metal_driver_sifive_test0_exit
                0x0000000020405fc6       0x4a /Users/sushmita/Work/Code/Crypto/A3-PRESENT/bsp/install/lib/debug//libmetal.a(sifive_test0.o)
                0x0000000020405fc6                __metal_driver_sifive_test0_exit
 .text.__metal_driver_sifive_uart0_control_base
                0x0000000020406010       0x2a /Users/sushmita/Work/Code/Crypto/A3-PRESENT/bsp/install/lib/debug//libmetal.a(sifive_uart0.o)
 .text.__metal_driver_sifive_uart0_interrupt_parent
                0x000000002040603a       0x2e /Users/sushmita/Work/Code/Crypto/A3-PRESENT/bsp/install/lib/debug//libmetal.a(sifive_uart0.o)
 .text.__metal_driver_sifive_uart0_interrupt_line
                0x0000000020406068       0x28 /Users/sushmita/Work/Code/Crypto/A3-PRESENT/bsp/install/lib/debug//libmetal.a(sifive_uart0.o)
 .text.__metal_driver_sifive_uart0_clock
                0x0000000020406090       0x2e /Users/sushmita/Work/Code/Crypto/A3-PRESENT/bsp/install/lib/debug//libmetal.a(sifive_uart0.o)
 .text.__metal_driver_sifive_uart0_pinmux
                0x00000000204060be       0x2a /Users/sushmita/Work/Code/Crypto/A3-PRESENT/bsp/install/lib/debug//libmetal.a(sifive_uart0.o)
 .text.__metal_driver_sifive_uart0_pinmux_output_selector
                0x00000000204060e8       0x28 /Users/sushmita/Work/Code/Crypto/A3-PRESENT/bsp/install/lib/debug//libmetal.a(sifive_uart0.o)
 .text.__metal_driver_sifive_uart0_pinmux_source_selector
                0x0000000020406110       0x2a /Users/sushmita/Work/Code/Crypto/A3-PRESENT/bsp/install/lib/debug//libmetal.a(sifive_uart0.o)
 .text.__metal_driver_sifive_uart0_interrupt_controller
                0x000000002040613a       0x1e /Users/sushmita/Work/Code/Crypto/A3-PRESENT/bsp/install/lib/debug//libmetal.a(sifive_uart0.o)
                0x000000002040613a                __metal_driver_sifive_uart0_interrupt_controller
 .text.__metal_driver_sifive_uart0_get_interrupt_id
                0x0000000020406158       0x1e /Users/sushmita/Work/Code/Crypto/A3-PRESENT/bsp/install/lib/debug//libmetal.a(sifive_uart0.o)
                0x0000000020406158                __metal_driver_sifive_uart0_get_interrupt_id
 .text.__metal_driver_sifive_uart0_tx_interrupt_enable
                0x0000000020406176       0x38 /Users/sushmita/Work/Code/Crypto/A3-PRESENT/bsp/install/lib/debug//libmetal.a(sifive_uart0.o)
                0x0000000020406176                __metal_driver_sifive_uart0_tx_interrupt_enable
 .text.__metal_driver_sifive_uart0_tx_interrupt_disable
                0x00000000204061ae       0x36 /Users/sushmita/Work/Code/Crypto/A3-PRESENT/bsp/install/lib/debug//libmetal.a(sifive_uart0.o)
                0x00000000204061ae                __metal_driver_sifive_uart0_tx_interrupt_disable
 .text.__metal_driver_sifive_uart0_rx_interrupt_enable
                0x00000000204061e4       0x3a /Users/sushmita/Work/Code/Crypto/A3-PRESENT/bsp/install/lib/debug//libmetal.a(sifive_uart0.o)
                0x00000000204061e4                __metal_driver_sifive_uart0_rx_interrupt_enable
 .text.__metal_driver_sifive_uart0_rx_interrupt_disable
                0x000000002040621e       0x38 /Users/sushmita/Work/Code/Crypto/A3-PRESENT/bsp/install/lib/debug//libmetal.a(sifive_uart0.o)
                0x000000002040621e                __metal_driver_sifive_uart0_rx_interrupt_disable
 .text.__metal_driver_sifive_uart0_txready
                0x0000000020406256       0x30 /Users/sushmita/Work/Code/Crypto/A3-PRESENT/bsp/install/lib/debug//libmetal.a(sifive_uart0.o)
                0x0000000020406256                __metal_driver_sifive_uart0_txready
 .text.__metal_driver_sifive_uart0_set_tx_watermark
                0x0000000020406286       0x4a /Users/sushmita/Work/Code/Crypto/A3-PRESENT/bsp/install/lib/debug//libmetal.a(sifive_uart0.o)
                0x0000000020406286                __metal_driver_sifive_uart0_set_tx_watermark
 .text.__metal_driver_sifive_uart0_get_tx_watermark
                0x00000000204062d0       0x30 /Users/sushmita/Work/Code/Crypto/A3-PRESENT/bsp/install/lib/debug//libmetal.a(sifive_uart0.o)
                0x00000000204062d0                __metal_driver_sifive_uart0_get_tx_watermark
 .text.__metal_driver_sifive_uart0_set_rx_watermark
                0x0000000020406300       0x4a /Users/sushmita/Work/Code/Crypto/A3-PRESENT/bsp/install/lib/debug//libmetal.a(sifive_uart0.o)
                0x0000000020406300                __metal_driver_sifive_uart0_set_rx_watermark
 .text.__metal_driver_sifive_uart0_get_rx_watermark
                0x000000002040634a       0x30 /Users/sushmita/Work/Code/Crypto/A3-PRESENT/bsp/install/lib/debug//libmetal.a(sifive_uart0.o)
                0x000000002040634a                __metal_driver_sifive_uart0_get_rx_watermark
 .text.__metal_driver_sifive_uart0_putc
                0x000000002040637a       0x40 /Users/sushmita/Work/Code/Crypto/A3-PRESENT/bsp/install/lib/debug//libmetal.a(sifive_uart0.o)
                0x000000002040637a                __metal_driver_sifive_uart0_putc
 .text.__metal_driver_sifive_uart0_getc
                0x00000000204063ba       0x56 /Users/sushmita/Work/Code/Crypto/A3-PRESENT/bsp/install/lib/debug//libmetal.a(sifive_uart0.o)
                0x00000000204063ba                __metal_driver_sifive_uart0_getc
 .text.__metal_driver_sifive_uart0_get_baud_rate
                0x0000000020406410       0x20 /Users/sushmita/Work/Code/Crypto/A3-PRESENT/bsp/install/lib/debug//libmetal.a(sifive_uart0.o)
                0x0000000020406410                __metal_driver_sifive_uart0_get_baud_rate
 .text.__metal_driver_sifive_uart0_set_baud_rate
                0x0000000020406430       0xa0 /Users/sushmita/Work/Code/Crypto/A3-PRESENT/bsp/install/lib/debug//libmetal.a(sifive_uart0.o)
                0x0000000020406430                __metal_driver_sifive_uart0_set_baud_rate
 .text.pre_rate_change_callback_func
                0x00000000204064d0       0xda /Users/sushmita/Work/Code/Crypto/A3-PRESENT/bsp/install/lib/debug//libmetal.a(sifive_uart0.o)
 .text.post_rate_change_callback_func
                0x00000000204065aa       0x30 /Users/sushmita/Work/Code/Crypto/A3-PRESENT/bsp/install/lib/debug//libmetal.a(sifive_uart0.o)
 .text.__metal_driver_sifive_uart0_init
                0x00000000204065da       0xd2 /Users/sushmita/Work/Code/Crypto/A3-PRESENT/bsp/install/lib/debug//libmetal.a(sifive_uart0.o)
                0x00000000204065da                __metal_driver_sifive_uart0_init
 .text._metal_clock_call_all_callbacks
                0x00000000204066ac       0x42 /Users/sushmita/Work/Code/Crypto/A3-PRESENT/bsp/install/lib/debug//libmetal.a(clock.o)
                0x00000000204066ac                _metal_clock_call_all_callbacks
 .text._metal_clock_append_to_callbacks
                0x00000000204066ee       0x54 /Users/sushmita/Work/Code/Crypto/A3-PRESENT/bsp/install/lib/debug//libmetal.a(clock.o)
                0x00000000204066ee                _metal_clock_append_to_callbacks
 .text.metal_clock_get_rate_hz
                0x0000000020406742       0x26 /Users/sushmita/Work/Code/Crypto/A3-PRESENT/bsp/install/lib/debug//libmetal.a(clock.o)
                0x0000000020406742                metal_clock_get_rate_hz
 .text.metal_clock_set_rate_hz
                0x0000000020406768       0x48 /Users/sushmita/Work/Code/Crypto/A3-PRESENT/bsp/install/lib/debug//libmetal.a(clock.o)
                0x0000000020406768                metal_clock_set_rate_hz
 .text.metal_clock_register_pre_rate_change_callback
                0x00000000204067b0       0x30 /Users/sushmita/Work/Code/Crypto/A3-PRESENT/bsp/install/lib/debug//libmetal.a(clock.o)
                0x00000000204067b0                metal_clock_register_pre_rate_change_callback
 .text.metal_clock_register_post_rate_change_callback
                0x00000000204067e0       0x30 /Users/sushmita/Work/Code/Crypto/A3-PRESENT/bsp/install/lib/debug//libmetal.a(clock.o)
                0x00000000204067e0                metal_clock_register_post_rate_change_callback
 .text.metal_cpu_interrupt_controller
                0x0000000020406810       0x26 /Users/sushmita/Work/Code/Crypto/A3-PRESENT/bsp/install/lib/debug//libmetal.a(cpu.o)
                0x0000000020406810                metal_cpu_interrupt_controller
 .text.metal_cpu_get
                0x0000000020406836       0x2e /Users/sushmita/Work/Code/Crypto/A3-PRESENT/bsp/install/lib/debug//libmetal.a(cpu.o)
                0x0000000020406836                metal_cpu_get
 .text.metal_cpu_get_current_hartid
                0x0000000020406864       0x1a /Users/sushmita/Work/Code/Crypto/A3-PRESENT/bsp/install/lib/debug//libmetal.a(cpu.o)
                0x0000000020406864                metal_cpu_get_current_hartid
 .text.__metal_shutdown_exit
                0x000000002040687e       0x22 /Users/sushmita/Work/Code/Crypto/A3-PRESENT/bsp/install/lib/debug//libmetal.a(shutdown.o)
                0x000000002040687e                __metal_shutdown_exit
 .text.metal_shutdown
                0x00000000204068a0       0x16 /Users/sushmita/Work/Code/Crypto/A3-PRESENT/bsp/install/lib/debug//libmetal.a(shutdown.o)
                0x00000000204068a0                metal_shutdown
 *fill*         0x00000000204068b6       0x4a 
 .text          0x0000000020406900       0x80 /Users/sushmita/Work/Code/Crypto/A3-PRESENT/bsp/install/lib/debug//libmetal.a(vector.o)
                0x0000000020406900                __metal_vector_table
 .text.__metal_driver_fixed_clock_rate
                0x0000000020406980       0x62 /Users/sushmita/Work/Code/Crypto/A3-PRESENT/bsp/install/lib/debug//libmetal.a(fixed-clock.o)
 .text.__metal_driver_fixed_clock_get_rate_hz
                0x00000000204069e2       0x1e /Users/sushmita/Work/Code/Crypto/A3-PRESENT/bsp/install/lib/debug//libmetal.a(fixed-clock.o)
                0x00000000204069e2                __metal_driver_fixed_clock_get_rate_hz
 .text.__metal_driver_fixed_clock_set_rate_hz
                0x0000000020406a00       0x22 /Users/sushmita/Work/Code/Crypto/A3-PRESENT/bsp/install/lib/debug//libmetal.a(fixed-clock.o)
                0x0000000020406a00                __metal_driver_fixed_clock_set_rate_hz
 .text._exit    0x0000000020406a22       0x14 /Users/sushmita/Work/Code/Crypto/A3-PRESENT/bsp/install/lib/debug//libmetal-gloss.a(sys_exit.o)
                0x0000000020406a22                _exit
 *(.gnu.linkonce.t.*)

.rela.dyn       0x0000000020406a38        0x0
 .rela.text.metal.init.enter
                0x0000000020406a38        0x0 /var/folders/9x/yg8zr0vn2s7c1p5s66rfgmwc0000gn/T//ccNVFtjO.o
 .rela.text.metal.init.scrub
                0x0000000020406a38        0x0 /var/folders/9x/yg8zr0vn2s7c1p5s66rfgmwc0000gn/T//ccNVFtjO.o
 .rela.text.libgloss.start
                0x0000000020406a38        0x0 /var/folders/9x/yg8zr0vn2s7c1p5s66rfgmwc0000gn/T//ccNVFtjO.o
 .rela.sdata.__brk
                0x0000000020406a38        0x0 /var/folders/9x/yg8zr0vn2s7c1p5s66rfgmwc0000gn/T//ccNVFtjO.o
 .rela.text._sbrk
                0x0000000020406a38        0x0 /var/folders/9x/yg8zr0vn2s7c1p5s66rfgmwc0000gn/T//ccNVFtjO.o
 .rela.text.__libc_fini_array
                0x0000000020406a38        0x0 /var/folders/9x/yg8zr0vn2s7c1p5s66rfgmwc0000gn/T//ccNVFtjO.o
 .rela.text.__libc_init_array
                0x0000000020406a38        0x0 /var/folders/9x/yg8zr0vn2s7c1p5s66rfgmwc0000gn/T//ccNVFtjO.o
 .rela.text.__register_exitproc
                0x0000000020406a38        0x0 /var/folders/9x/yg8zr0vn2s7c1p5s66rfgmwc0000gn/T//ccNVFtjO.o
 .rela.text.metal_init
                0x0000000020406a38        0x0 /var/folders/9x/yg8zr0vn2s7c1p5s66rfgmwc0000gn/T//ccNVFtjO.o
 .rela.text.metal_fini
                0x0000000020406a38        0x0 /var/folders/9x/yg8zr0vn2s7c1p5s66rfgmwc0000gn/T//ccNVFtjO.o
 .rela.text.__metal_driver_cpu_get
                0x0000000020406a38        0x0 /var/folders/9x/yg8zr0vn2s7c1p5s66rfgmwc0000gn/T//ccNVFtjO.o
 .rela.text.metal_software_interrupt_vector_handler
                0x0000000020406a38        0x0 /var/folders/9x/yg8zr0vn2s7c1p5s66rfgmwc0000gn/T//ccNVFtjO.o
 .rela.text.__metal_default_sw_handler
                0x0000000020406a38        0x0 /var/folders/9x/yg8zr0vn2s7c1p5s66rfgmwc0000gn/T//ccNVFtjO.o
 .rela.text.metal_timer_interrupt_vector_handler
                0x0000000020406a38        0x0 /var/folders/9x/yg8zr0vn2s7c1p5s66rfgmwc0000gn/T//ccNVFtjO.o
 .rela.text.__metal_exception_handler
                0x0000000020406a38        0x0 /var/folders/9x/yg8zr0vn2s7c1p5s66rfgmwc0000gn/T//ccNVFtjO.o
 .rela.text.metal_lc0_interrupt_vector_handler
                0x0000000020406a38        0x0 /var/folders/9x/yg8zr0vn2s7c1p5s66rfgmwc0000gn/T//ccNVFtjO.o
 .rela.text.metal_lc1_interrupt_vector_handler
                0x0000000020406a38        0x0 /var/folders/9x/yg8zr0vn2s7c1p5s66rfgmwc0000gn/T//ccNVFtjO.o
 .rela.text.metal_lc2_interrupt_vector_handler
                0x0000000020406a38        0x0 /var/folders/9x/yg8zr0vn2s7c1p5s66rfgmwc0000gn/T//ccNVFtjO.o
 .rela.text.metal_lc3_interrupt_vector_handler
                0x0000000020406a38        0x0 /var/folders/9x/yg8zr0vn2s7c1p5s66rfgmwc0000gn/T//ccNVFtjO.o
 .rela.text.metal_lc4_interrupt_vector_handler
                0x0000000020406a38        0x0 /var/folders/9x/yg8zr0vn2s7c1p5s66rfgmwc0000gn/T//ccNVFtjO.o
 .rela.text.metal_lc5_interrupt_vector_handler
                0x0000000020406a38        0x0 /var/folders/9x/yg8zr0vn2s7c1p5s66rfgmwc0000gn/T//ccNVFtjO.o
 .rela.text.metal_lc6_interrupt_vector_handler
                0x0000000020406a38        0x0 /var/folders/9x/yg8zr0vn2s7c1p5s66rfgmwc0000gn/T//ccNVFtjO.o
 .rela.text.metal_lc7_interrupt_vector_handler
                0x0000000020406a38        0x0 /var/folders/9x/yg8zr0vn2s7c1p5s66rfgmwc0000gn/T//ccNVFtjO.o
 .rela.text.metal_lc8_interrupt_vector_handler
                0x0000000020406a38        0x0 /var/folders/9x/yg8zr0vn2s7c1p5s66rfgmwc0000gn/T//ccNVFtjO.o
 .rela.text.metal_lc9_interrupt_vector_handler
                0x0000000020406a38        0x0 /var/folders/9x/yg8zr0vn2s7c1p5s66rfgmwc0000gn/T//ccNVFtjO.o
 .rela.text.metal_lc10_interrupt_vector_handler
                0x0000000020406a38        0x0 /var/folders/9x/yg8zr0vn2s7c1p5s66rfgmwc0000gn/T//ccNVFtjO.o
 .rela.text.metal_lc11_interrupt_vector_handler
                0x0000000020406a38        0x0 /var/folders/9x/yg8zr0vn2s7c1p5s66rfgmwc0000gn/T//ccNVFtjO.o
 .rela.text.metal_lc12_interrupt_vector_handler
                0x0000000020406a38        0x0 /var/folders/9x/yg8zr0vn2s7c1p5s66rfgmwc0000gn/T//ccNVFtjO.o
 .rela.text.metal_lc13_interrupt_vector_handler
                0x0000000020406a38        0x0 /var/folders/9x/yg8zr0vn2s7c1p5s66rfgmwc0000gn/T//ccNVFtjO.o
 .rela.text.metal_lc14_interrupt_vector_handler
                0x0000000020406a38        0x0 /var/folders/9x/yg8zr0vn2s7c1p5s66rfgmwc0000gn/T//ccNVFtjO.o
 .rela.text.metal_lc15_interrupt_vector_handler
                0x0000000020406a38        0x0 /var/folders/9x/yg8zr0vn2s7c1p5s66rfgmwc0000gn/T//ccNVFtjO.o
 .rela.text.metal_cpu_get
                0x0000000020406a38        0x0 /var/folders/9x/yg8zr0vn2s7c1p5s66rfgmwc0000gn/T//ccNVFtjO.o
 .rela.text     0x0000000020406a38        0x0 /var/folders/9x/yg8zr0vn2s7c1p5s66rfgmwc0000gn/T//ccNVFtjO.o

.data           0x0000000080000000      0xe58 load address 0x0000000020406a38
 *(.data .data.*)
 .data          0x0000000080000000      0x690 /var/folders/9x/yg8zr0vn2s7c1p5s66rfgmwc0000gn/T//ccEECPAw.o
 .data.impure_data
                0x0000000080000690       0x60 /Applications/FreedomStudio.app/Contents/Eclipse/SiFive/riscv64-unknown-elf-toolchain-10.2.0-2020.12.8/bin/../lib/gcc/riscv64-unknown-elf/10.2.0/../../../../riscv64-unknown-elf/lib/rv32imac/ilp32/libc_nano.a(lib_a-impure.o)
 .data.__metal_dt_clock_0
                0x00000000800006f0        0xc /Users/sushmita/Work/Code/Crypto/A3-PRESENT/bsp/install/lib/debug//libmetal.a(inline.o)
                0x00000000800006f0                __metal_dt_clock_0
 .data.__metal_dt_clock_2
                0x00000000800006fc        0xc /Users/sushmita/Work/Code/Crypto/A3-PRESENT/bsp/install/lib/debug//libmetal.a(inline.o)
                0x00000000800006fc                __metal_dt_clock_2
 .data.__metal_dt_clock_5
                0x0000000080000708        0xc /Users/sushmita/Work/Code/Crypto/A3-PRESENT/bsp/install/lib/debug//libmetal.a(inline.o)
                0x0000000080000708                __metal_dt_clock_5
 *fill*         0x0000000080000714        0x4 
 .data.__metal_dt_cpu_0_interrupt_controller
                0x0000000080000718      0x3d0 /Users/sushmita/Work/Code/Crypto/A3-PRESENT/bsp/install/lib/debug//libmetal.a(inline.o)
                0x0000000080000718                __metal_dt_cpu_0_interrupt_controller
 .data.__metal_dt_interrupt_controller_c000000
                0x0000000080000ae8      0x300 /Users/sushmita/Work/Code/Crypto/A3-PRESENT/bsp/install/lib/debug//libmetal.a(inline.o)
                0x0000000080000ae8                __metal_dt_interrupt_controller_c000000
 .data.__metal_dt_serial_10013000
                0x0000000080000de8       0x20 /Users/sushmita/Work/Code/Crypto/A3-PRESENT/bsp/install/lib/debug//libmetal.a(inline.o)
                0x0000000080000de8                __metal_dt_serial_10013000
 .data.__metal_dt_clock_3
                0x0000000080000e08        0xc /Users/sushmita/Work/Code/Crypto/A3-PRESENT/bsp/install/lib/debug//libmetal.a(inline.o)
                0x0000000080000e08                __metal_dt_clock_3
 .data.__metal_dt_clock_1
                0x0000000080000e14        0xc /Users/sushmita/Work/Code/Crypto/A3-PRESENT/bsp/install/lib/debug//libmetal.a(inline.o)
                0x0000000080000e14                __metal_dt_clock_1
 .data.__metal_dt_clock_4
                0x0000000080000e20        0xc /Users/sushmita/Work/Code/Crypto/A3-PRESENT/bsp/install/lib/debug//libmetal.a(inline.o)
                0x0000000080000e20                __metal_dt_clock_4
 *(.gnu.linkonce.d.*)
                0x0000000080000e30                . = ALIGN (0x8)
 *fill*         0x0000000080000e2c        0x4 
                0x0000000080001630                PROVIDE (__global_pointer$ = (. + 0x800))
 *(.sdata .sdata.* .sdata2.*)
 .sdata._impure_ptr
                0x0000000080000e30        0x4 /Applications/FreedomStudio.app/Contents/Eclipse/SiFive/riscv64-unknown-elf-toolchain-10.2.0-2020.12.8/bin/../lib/gcc/riscv64-unknown-elf/10.2.0/../../../../riscv64-unknown-elf/lib/rv32imac/ilp32/libc_nano.a(lib_a-impure.o)
                0x0000000080000e30                _impure_ptr
 .sdata.__brk   0x0000000080000e34        0x4 /Users/sushmita/Work/Code/Crypto/A3-PRESENT/bsp/install/lib/debug//libmetal-gloss.a(sys_sbrk.o)
 .sdata.__metal_cpu_table
                0x0000000080000e38        0x4 /Users/sushmita/Work/Code/Crypto/A3-PRESENT/bsp/install/lib/debug//libmetal.a(synchronize_harts.o)
                0x0000000080000e38                __metal_cpu_table
 .sdata.__metal_dt_clint_2000000
                0x0000000080000e3c        0x8 /Users/sushmita/Work/Code/Crypto/A3-PRESENT/bsp/install/lib/debug//libmetal.a(inline.o)
                0x0000000080000e3c                __metal_dt_clint_2000000
 .sdata.__metal_dt_cpu_0
                0x0000000080000e44        0x8 /Users/sushmita/Work/Code/Crypto/A3-PRESENT/bsp/install/lib/debug//libmetal.a(inline.o)
                0x0000000080000e44                __metal_dt_cpu_0
 .sdata.__metal_dt_gpio_10012000
                0x0000000080000e4c        0x4 /Users/sushmita/Work/Code/Crypto/A3-PRESENT/bsp/install/lib/debug//libmetal.a(inline.o)
                0x0000000080000e4c                __metal_dt_gpio_10012000
 .sdata.__metal_dt_test_100000
                0x0000000080000e50        0x4 /Users/sushmita/Work/Code/Crypto/A3-PRESENT/bsp/install/lib/debug//libmetal.a(inline.o)
                0x0000000080000e50                __metal_dt_test_100000
 .sdata.__metal_dt_prci_10008000
                0x0000000080000e54        0x4 /Users/sushmita/Work/Code/Crypto/A3-PRESENT/bsp/install/lib/debug//libmetal.a(inline.o)
                0x0000000080000e54                __metal_dt_prci_10008000
 *(.gnu.linkonce.s.*)

.tdata          0x0000000080000e58        0x0 load address 0x0000000020407890
                0x0000000080000e58                PROVIDE (__tls_base = .)
 *(.tdata .tdata.* .gnu.linkonce.td.*)
                [!provide]                        PROVIDE (__tdata_source = LOADADDR (.tdata))
                [!provide]                        PROVIDE (__tdata_size = SIZEOF (.tdata))
                0x0000000020406a38                PROVIDE (metal_segment_data_source_start = LOADADDR (.data))
                0x0000000080000000                PROVIDE (metal_segment_data_target_start = ADDR (.data))
                0x0000000080000e58                PROVIDE (metal_segment_data_target_end = (ADDR (.tdata) + SIZEOF (.tdata)))

.tbss           0x0000000080000e58        0x0
 *(.tbss .tbss.* .gnu.linkonce.tb.*)
 *(.tcommon .tcommon.*)
                [!provide]                        PROVIDE (__tls_end = .)
                0x0000000000000000                PROVIDE (__tbss_size = SIZEOF (.tbss))
                [!provide]                        PROVIDE (__tls_size = (__tls_end - __tls_base))

.tbss_space     0x0000000080000e58        0x0
                0x0000000080000e58                . = (. + __tbss_size)

.bss            0x0000000080000e58       0xa4
 *(.sbss*)
 .sbss.__malloc_free_list
                0x0000000080000e58        0x4 /Applications/FreedomStudio.app/Contents/Eclipse/SiFive/riscv64-unknown-elf-toolchain-10.2.0-2020.12.8/bin/../lib/gcc/riscv64-unknown-elf/10.2.0/../../../../riscv64-unknown-elf/lib/rv32imac/ilp32/libc_nano.a(lib_a-nano-mallocr.o)
                0x0000000080000e58                __malloc_free_list
 .sbss.__malloc_sbrk_start
                0x0000000080000e5c        0x4 /Applications/FreedomStudio.app/Contents/Eclipse/SiFive/riscv64-unknown-elf-toolchain-10.2.0-2020.12.8/bin/../lib/gcc/riscv64-unknown-elf/10.2.0/../../../../riscv64-unknown-elf/lib/rv32imac/ilp32/libc_nano.a(lib_a-nano-mallocr.o)
                0x0000000080000e5c                __malloc_sbrk_start
 .sbss.errno    0x0000000080000e60        0x4 /Applications/FreedomStudio.app/Contents/Eclipse/SiFive/riscv64-unknown-elf-toolchain-10.2.0-2020.12.8/bin/../lib/gcc/riscv64-unknown-elf/10.2.0/../../../../riscv64-unknown-elf/lib/rv32imac/ilp32/libc_nano.a(lib_a-reent.o)
                0x0000000080000e60                errno
 .sbss._global_atexit
                0x0000000080000e64        0x4 /Applications/FreedomStudio.app/Contents/Eclipse/SiFive/riscv64-unknown-elf-toolchain-10.2.0-2020.12.8/bin/../lib/gcc/riscv64-unknown-elf/10.2.0/../../../../riscv64-unknown-elf/lib/rv32imac/ilp32/libc_nano.a(lib_a-__call_atexit.o)
                0x0000000080000e64                _global_atexit
 .sbss.init_done.1
                0x0000000080000e68        0x4 /Users/sushmita/Work/Code/Crypto/A3-PRESENT/bsp/install/lib/debug//libmetal.a(init.o)
 .sbss.fini_done.0
                0x0000000080000e6c        0x4 /Users/sushmita/Work/Code/Crypto/A3-PRESENT/bsp/install/lib/debug//libmetal.a(init.o)
 *(.gnu.linkonce.sb.*)
 *(.bss .bss.*)
 .bss._global_atexit0
                0x0000000080000e70       0x8c /Applications/FreedomStudio.app/Contents/Eclipse/SiFive/riscv64-unknown-elf-toolchain-10.2.0-2020.12.8/bin/../lib/gcc/riscv64-unknown-elf/10.2.0/../../../../riscv64-unknown-elf/lib/rv32imac/ilp32/libc_nano.a(lib_a-__atexit.o)
 *(.gnu.linkonce.b.*)
 *(COMMON)
                [!provide]                        PROVIDE (metal_segment_bss_source_start = LOADADDR (.tbss))
                0x0000000080000e58                PROVIDE (metal_segment_bss_target_start = ADDR (.tbss))
                0x0000000080000efc                PROVIDE (metal_segment_bss_target_end = (ADDR (.bss) + SIZEOF (.bss)))

.stack          0x0000000080000f00      0x400
                [!provide]                        PROVIDE (metal_segment_stack_begin = .)
                0x0000000080001300                . = (. + __stack_size)
 *fill*         0x0000000080000f00      0x400 
                0x0000000080001300                PROVIDE (_sp = .)
                [!provide]                        PROVIDE (metal_segment_stack_end = .)

.heap           0x0000000080001300      0x800
                [!provide]                        PROVIDE (__end = .)
                [!provide]                        PROVIDE (__heap_start = .)