Archive member included to satisfy reference by file (symbol)

/Applications/FreedomStudio.app/Contents/Eclipse/SiFive/riscv64-unknown-elf-toolchain-10.2.0-2020.12.8/bin/../lib/gcc/riscv64-unknown-elf/10.2.0/../../../../riscv64-unknown-elf/lib/rv32imac/ilp32/libc_nano.a(lib_a-puts.o)
                              /var/folders/9x/yg8zr0vn2s7c1p5s66rfgmwc0000gn/T//ccBOChFL.o (puts)
/Applications/FreedomStudio.app/Contents/Eclipse/SiFive/riscv64-unknown-elf-toolchain-10.2.0-2020.12.8/bin/../lib/gcc/riscv64-unknown-elf/10.2.0/../../../../riscv64-unknown-elf/lib/rv32imac/ilp32/libc_nano.a(lib_a-wbuf.o)
                              /Applications/FreedomStudio.app/Contents/Eclipse/SiFive/riscv64-unknown-elf-toolchain-10.2.0-2020.12.8/bin/../lib/gcc/riscv64-unknown-elf/10.2.0/../../../../riscv64-unknown-elf/lib/rv32imac/ilp32/libc_nano.a(lib_a-puts.o) (__swbuf_r)
/Applications/FreedomStudio.app/Contents/Eclipse/SiFive/riscv64-unknown-elf-toolchain-10.2.0-2020.12.8/bin/../lib/gcc/riscv64-unknown-elf/10.2.0/../../../../riscv64-unknown-elf/lib/rv32imac/ilp32/libc_nano.a(lib_a-wsetup.o)
                              /Applications/FreedomStudio.app/Contents/Eclipse/SiFive/riscv64-unknown-elf-toolchain-10.2.0-2020.12.8/bin/../lib/gcc/riscv64-unknown-elf/10.2.0/../../../../riscv64-unknown-elf/lib/rv32imac/ilp32/libc_nano.a(lib_a-puts.o) (__swsetup_r)
/Applications/FreedomStudio.app/Contents/Eclipse/SiFive/riscv64-unknown-elf-toolchain-10.2.0-2020.12.8/bin/../lib/gcc/riscv64-unknown-elf/10.2.0/../../../../riscv64-unknown-elf/lib/rv32imac/ilp32/libc_nano.a(lib_a-fflush.o)
                              /Applications/FreedomStudio.app/Contents/Eclipse/SiFive/riscv64-unknown-elf-toolchain-10.2.0-2020.12.8/bin/../lib/gcc/riscv64-unknown-elf/10.2.0/../../../../riscv64-unknown-elf/lib/rv32imac/ilp32/libc_nano.a(lib_a-wbuf.o) (_fflush_r)
/Applications/FreedomStudio.app/Contents/Eclipse/SiFive/riscv64-unknown-elf-toolchain-10.2.0-2020.12.8/bin/../lib/gcc/riscv64-unknown-elf/10.2.0/../../../../riscv64-unknown-elf/lib/rv32imac/ilp32/libc_nano.a(lib_a-findfp.o)
                              /Applications/FreedomStudio.app/Contents/Eclipse/SiFive/riscv64-unknown-elf-toolchain-10.2.0-2020.12.8/bin/../lib/gcc/riscv64-unknown-elf/10.2.0/../../../../riscv64-unknown-elf/lib/rv32imac/ilp32/libc_nano.a(lib_a-puts.o) (__sinit)
/Applications/FreedomStudio.app/Contents/Eclipse/SiFive/riscv64-unknown-elf-toolchain-10.2.0-2020.12.8/bin/../lib/gcc/riscv64-unknown-elf/10.2.0/../../../../riscv64-unknown-elf/lib/rv32imac/ilp32/libc_nano.a(lib_a-fwalk.o)
                              /Applications/FreedomStudio.app/Contents/Eclipse/SiFive/riscv64-unknown-elf-toolchain-10.2.0-2020.12.8/bin/../lib/gcc/riscv64-unknown-elf/10.2.0/../../../../riscv64-unknown-elf/lib/rv32imac/ilp32/libc_nano.a(lib_a-findfp.o) (_fwalk)
/Applications/FreedomStudio.app/Contents/Eclipse/SiFive/riscv64-unknown-elf-toolchain-10.2.0-2020.12.8/bin/../lib/gcc/riscv64-unknown-elf/10.2.0/../../../../riscv64-unknown-elf/lib/rv32imac/ilp32/libc_nano.a(lib_a-impure.o)
                              /Applications/FreedomStudio.app/Contents/Eclipse/SiFive/riscv64-unknown-elf-toolchain-10.2.0-2020.12.8/bin/../lib/gcc/riscv64-unknown-elf/10.2.0/../../../../riscv64-unknown-elf/lib/rv32imac/ilp32/libc_nano.a(lib_a-fflush.o) (_global_impure_ptr)
/Applications/FreedomStudio.app/Contents/Eclipse/SiFive/riscv64-unknown-elf-toolchain-10.2.0-2020.12.8/bin/../lib/gcc/riscv64-unknown-elf/10.2.0/../../../../riscv64-unknown-elf/lib/rv32imac/ilp32/libc_nano.a(lib_a-makebuf.o)
                              /Applications/FreedomStudio.app/Contents/Eclipse/SiFive/riscv64-unknown-elf-toolchain-10.2.0-2020.12.8/bin/../lib/gcc/riscv64-unknown-elf/10.2.0/../../../../riscv64-unknown-elf/lib/rv32imac/ilp32/libc_nano.a(lib_a-wsetup.o) (__smakebuf_r)
/Applications/FreedomStudio.app/Contents/Eclipse/SiFive/riscv64-unknown-elf-toolchain-10.2.0-2020.12.8/bin/../lib/gcc/riscv64-unknown-elf/10.2.0/../../../../riscv64-unknown-elf/lib/rv32imac/ilp32/libc_nano.a(lib_a-memset.o)
                              /Applications/FreedomStudio.app/Contents/Eclipse/SiFive/riscv64-unknown-elf-toolchain-10.2.0-2020.12.8/bin/../lib/gcc/riscv64-unknown-elf/10.2.0/../../../../riscv64-unknown-elf/lib/rv32imac/ilp32/libc_nano.a(lib_a-findfp.o) (memset)
/Applications/FreedomStudio.app/Contents/Eclipse/SiFive/riscv64-unknown-elf-toolchain-10.2.0-2020.12.8/bin/../lib/gcc/riscv64-unknown-elf/10.2.0/../../../../riscv64-unknown-elf/lib/rv32imac/ilp32/libc_nano.a(lib_a-nano-freer.o)
                              /Applications/FreedomStudio.app/Contents/Eclipse/SiFive/riscv64-unknown-elf-toolchain-10.2.0-2020.12.8/bin/../lib/gcc/riscv64-unknown-elf/10.2.0/../../../../riscv64-unknown-elf/lib/rv32imac/ilp32/libc_nano.a(lib_a-wsetup.o) (_free_r)
[...]
Memory Configuration

Name             Origin             Length             Attributes
ram              0x0000000080000000 0x0000000000400000 axrwl
rom              0x0000000020400000 0x000000001fc00000 xrl !aw
*default*        0x0000000000000000 0xffffffffffffffff

Linker script and memory map

LOAD /var/folders/9x/yg8zr0vn2s7c1p5s66rfgmwc0000gn/T//ccBOChFL.o
LOAD /var/folders/9x/yg8zr0vn2s7c1p5s66rfgmwc0000gn/T//cccM7zkq.o
START GROUP
LOAD /Applications/FreedomStudio.app/Contents/Eclipse/SiFive/riscv64-unknown-elf-toolchain-10.2.0-2020.12.8/bin/../lib/gcc/riscv64-unknown-elf/10.2.0/../../../../riscv64-unknown-elf/lib/rv32imac/ilp32/libc_nano.a
LOAD /Applications/FreedomStudio.app/Contents/Eclipse/SiFive/riscv64-unknown-elf-toolchain-10.2.0-2020.12.8/bin/../lib/gcc/riscv64-unknown-elf/10.2.0/rv32imac/ilp32/libgcc.a
LOAD /Applications/FreedomStudio.app/Contents/Eclipse/SiFive/riscv64-unknown-elf-toolchain-10.2.0-2020.12.8/bin/../lib/gcc/riscv64-unknown-elf/10.2.0/../../../../riscv64-unknown-elf/lib/rv32imac/ilp32/libm_nano.a
LOAD /Users/sushmita/Work/Code/Crypto/A2-RECTANGLE/bsp/install/lib/debug//libmetal.a
LOAD /Users/sushmita/Work/Code/Crypto/A2-RECTANGLE/bsp/install/lib/debug//libmetal-gloss.a
END GROUP
                0x0000000000000400                __stack_size = DEFINED (__stack_size)?__stack_size:0x400
                [!provide]                        PROVIDE (__stack_size = __stack_size)
                0x0000000000000800                __heap_size = DEFINED (__heap_size)?__heap_size:0x800
                0x0000000000000000                PROVIDE (__metal_boot_hart = 0x0)
                0x0000000000000001                PROVIDE (__metal_chicken_bit = 0x1)
                0x0000000000000000                PROVIDE (__metal_eccscrub_bit = 0x0)
                [!provide]                        PROVIDE (metal_dtim_0_memory_start = 0x80000000)
                [!provide]                        PROVIDE (metal_dtim_0_memory_end = 0x80010000)

.init           0x0000000020400000      0x2dc
 *(.text.metal.init.enter)
 .text.metal.init.enter
                0x0000000020400000       0x88 /Users/sushmita/Work/Code/Crypto/A2-RECTANGLE/bsp/install/lib/debug//libmetal.a(entry.o)
                0x0000000020400000                _enter
 *(.text.metal.init.*)
 .text.metal.init.__register_frame_info
                0x0000000020400088        0x2 /Users/sushmita/Work/Code/Crypto/A2-RECTANGLE/bsp/install/lib/debug//libmetal.a(entry.o)
                0x0000000020400088                __register_frame_info
 .text.metal.init.scrub
                0x000000002040008a       0xa8 /Users/sushmita/Work/Code/Crypto/A2-RECTANGLE/bsp/install/lib/debug//libmetal.a(scrub.o)
                0x000000002040008a                metal_mem_scrub
                0x00000000204000cc                __metal_before_start
 *fill*         0x0000000020400132        0x2 
 .text.metal.init.trapvec
                0x0000000020400134        0xe /Users/sushmita/Work/Code/Crypto/A2-RECTANGLE/bsp/install/lib/debug//libmetal.a(trap.o)
                0x0000000020400134                early_trap_vector
 *(SORT_NONE(.init))
 .init          0x0000000020400142        0xe /Users/sushmita/Work/Code/Crypto/A2-RECTANGLE/bsp/install/lib/debug//libmetal.a(synchronize_harts.o)
                0x0000000020400142                __metal_synchronize_harts
 *(.text.libgloss.start)
 .text.libgloss.start
                0x0000000020400150      0x18c /Users/sushmita/Work/Code/Crypto/A2-RECTANGLE/bsp/install/lib/debug//libmetal-gloss.a(crt0.o)
                0x0000000020400150                _start
                0x00000000204002ba                _init
                0x00000000204002ba                _fini
                0x00000000204002bc                secondary_main

.fini
 *(SORT_NONE(.fini))

.preinit_array  0x00000000204002e0        0x0
                0x00000000204002e0                PROVIDE (__preinit_array_start = .)
 *(.preinit_array)
                0x00000000204002e0                PROVIDE (__preinit_array_end = .)

.init_array     0x00000000204002e0        0xc
                0x00000000204002e0                PROVIDE (__init_array_start = .)
 *(SORT_BY_INIT_PRIORITY(.init_array.*) SORT_BY_INIT_PRIORITY(.ctors.*))
 *(.init_array EXCLUDE_FILE(*crtend?.o *crtend.o *crtbegin?.o *crtbegin.o) .ctors)
                0x00000000204002e0                PROVIDE (__init_array_end = .)
                0x00000000204002e0                PROVIDE (metal_constructors_start = .)
 *(SORT_BY_INIT_PRIORITY(.metal.init_array.*))
 .metal.init_array.5000
                0x00000000204002e0        0x4 /Users/sushmita/Work/Code/Crypto/A2-RECTANGLE/bsp/install/lib/debug//libmetal.a(tty.o)
                0x00000000204002e0                _metal_tty_init_ptr
 .metal.init_array.5000
                0x00000000204002e4        0x8 /Users/sushmita/Work/Code/Crypto/A2-RECTANGLE/bsp/install/lib/debug//libmetal.a(sifive_fe310-g000_pll.o)
                0x00000000204002e4                _metal_sifive_fe310_g000_pll_init_ptr
                0x00000000204002e8                _use_hfxosc_ptr
 *(.metal.init_array)
                0x00000000204002ec                PROVIDE (metal_constructors_end = .)

.fini_array     0x00000000204002f0        0x0
                0x00000000204002f0                PROVIDE (__fini_array_start = .)
 *(SORT_BY_INIT_PRIORITY(.fini_array.*) SORT_BY_INIT_PRIORITY(.dtors.*))
 *(.fini_array EXCLUDE_FILE(*crtend?.o *crtend.o *crtbegin?.o *crtbegin.o) .dtors)
                0x00000000204002f0                PROVIDE (__fini_array_end = .)
                0x00000000204002f0                PROVIDE (metal_destructors_start = .)
 *(SORT_BY_INIT_PRIORITY(.metal.fini_array.*))
 *(.metal.fini_array)
                0x00000000204002f0                PROVIDE (metal_destructors_end = .)

.ctors          0x00000000204002ec       0x7a
 *crtbegin.o(.ctors)
 *crtbegin?.o(.ctors)
 *(EXCLUDE_FILE(*crtend?.o *crtend.o) .ctors)
 *(SORT_BY_NAME(.ctors.*))
 *(.ctors)
 *(.metal.ctors .metal.ctors.*)
 .metal.ctors   0x00000000204002ec       0x24 /Users/sushmita/Work/Code/Crypto/A2-RECTANGLE/bsp/install/lib/debug//libmetal.a(tty.o)
                0x00000000204002ec                metal_tty_init
 .metal.ctors   0x0000000020400310       0x56 /Users/sushmita/Work/Code/Crypto/A2-RECTANGLE/bsp/install/lib/debug//libmetal.a(sifive_fe310-g000_pll.o)
                0x0000000020400310                metal_sifive_fe310_g000_pll_init
                0x000000002040033c                use_hfxosc

.dtors
 *crtbegin.o(.dtors)
 *crtbegin?.o(.dtors)
 *(EXCLUDE_FILE(*crtend?.o *crtend.o) .dtors)
 *(SORT_BY_NAME(.dtors.*))
 *(.dtors)
 *(.metal.dtors .metal.dtors.*)

.rodata         0x0000000020400368      0xbf8
 *(.rdata)
 *(.rodata .rodata.*)
 .rodata        0x0000000020400368       0x1e /var/folders/9x/yg8zr0vn2s7c1p5s66rfgmwc0000gn/T//ccBOChFL.o
 *fill*         0x0000000020400386        0x2 
 .rodata.__sf_fake_stderr
                0x0000000020400388       0x20 /Applications/FreedomStudio.app/Contents/Eclipse/SiFive/riscv64-unknown-elf-toolchain-10.2.0-2020.12.8/bin/../lib/gcc/riscv64-unknown-elf/10.2.0/../../../../riscv64-unknown-elf/lib/rv32imac/ilp32/libc_nano.a(lib_a-findfp.o)
                0x0000000020400388                __sf_fake_stderr
 .rodata.__sf_fake_stdin
                0x00000000204003a8       0x20 /Applications/FreedomStudio.app/Contents/Eclipse/SiFive/riscv64-unknown-elf-toolchain-10.2.0-2020.12.8/bin/../lib/gcc/riscv64-unknown-elf/10.2.0/../../../../riscv64-unknown-elf/lib/rv32imac/ilp32/libc_nano.a(lib_a-findfp.o)
                0x00000000204003a8                __sf_fake_stdin
 .rodata.__sf_fake_stdout
                0x00000000204003c8       0x20 /Applications/FreedomStudio.app/Contents/Eclipse/SiFive/riscv64-unknown-elf-toolchain-10.2.0-2020.12.8/bin/../lib/gcc/riscv64-unknown-elf/10.2.0/../../../../riscv64-unknown-elf/lib/rv32imac/ilp32/libc_nano.a(lib_a-findfp.o)
                0x00000000204003c8                __sf_fake_stdout
 .rodata.libgloss.start
                0x00000000204003e8       0x11 /Users/sushmita/Work/Code/Crypto/A2-RECTANGLE/bsp/install/lib/debug//libmetal-gloss.a(crt0.o)
 *fill*         0x00000000204003f9        0x3 
 .rodata.__metal_driver_vtable_riscv_clint0
                0x00000000204003fc       0x64 /Users/sushmita/Work/Code/Crypto/A2-RECTANGLE/bsp/install/lib/debug//libmetal.a(riscv_clint0.o)
                0x00000000204003fc                __metal_driver_vtable_riscv_clint0
 .rodata.__metal_local_interrupt_enable
                0x0000000020400460       0x80 /Users/sushmita/Work/Code/Crypto/A2-RECTANGLE/bsp/install/lib/debug//libmetal.a(riscv_cpu.o)
 .rodata.__metal_driver_vtable_riscv_cpu_intc
                0x00000000204004e0       0x64 /Users/sushmita/Work/Code/Crypto/A2-RECTANGLE/bsp/install/lib/debug//libmetal.a(riscv_cpu.o)
                0x00000000204004e0                __metal_driver_vtable_riscv_cpu_intc
 .rodata.__metal_driver_vtable_cpu
                0x0000000020400544       0x44 /Users/sushmita/Work/Code/Crypto/A2-RECTANGLE/bsp/install/lib/debug//libmetal.a(riscv_cpu.o)
                0x0000000020400544                __metal_driver_vtable_cpu
 .rodata.__metal_driver_vtable_riscv_plic0
                0x0000000020400588       0x64 /Users/sushmita/Work/Code/Crypto/A2-RECTANGLE/bsp/install/lib/debug//libmetal.a(riscv_plic0.o)
                0x0000000020400588                __metal_driver_vtable_riscv_plic0
 .rodata.pll_configs
                0x00000000204005ec      0x880 /Users/sushmita/Work/Code/Crypto/A2-RECTANGLE/bsp/install/lib/debug//libmetal.a(sifive_fe310-g000_pll.o)
 .rodata.__metal_driver_vtable_sifive_fe310_g000_pll
                0x0000000020400e6c        0xc /Users/sushmita/Work/Code/Crypto/A2-RECTANGLE/bsp/install/lib/debug//libmetal.a(sifive_fe310-g000_pll.o)
                0x0000000020400e6c                __metal_driver_vtable_sifive_fe310_g000_pll
 .rodata.__metal_driver_sifive_gpio0_config_int
                0x0000000020400e78       0x20 /Users/sushmita/Work/Code/Crypto/A2-RECTANGLE/bsp/install/lib/debug//libmetal.a(sifive_gpio0.o)
 .rodata.__metal_driver_sifive_gpio0_clear_int
                0x0000000020400e98       0x20 /Users/sushmita/Work/Code/Crypto/A2-RECTANGLE/bsp/install/lib/debug//libmetal.a(sifive_gpio0.o)
 .rodata.__metal_driver_vtable_sifive_gpio0
                0x0000000020400eb8       0x3c /Users/sushmita/Work/Code/Crypto/A2-RECTANGLE/bsp/install/lib/debug//libmetal.a(sifive_gpio0.o)
                0x0000000020400eb8                __metal_driver_vtable_sifive_gpio0
 .rodata.__metal_driver_vtable_sifive_uart0
                0x0000000020400ef4       0x40 /Users/sushmita/Work/Code/Crypto/A2-RECTANGLE/bsp/install/lib/debug//libmetal.a(sifive_uart0.o)
                0x0000000020400ef4                __metal_driver_vtable_sifive_uart0
 *(.gnu.linkonce.r.*)
                0x0000000020400f38                . = ALIGN (0x8)
 *fill*         0x0000000020400f34        0x4 
 *(.srodata.cst16)
 *(.srodata.cst8)
 *(.srodata.cst4)
 *(.srodata.cst2)
 *(.srodata .srodata.*)
 .srodata._global_impure_ptr
                0x0000000020400f38        0x4 /Applications/FreedomStudio.app/Contents/Eclipse/SiFive/riscv64-unknown-elf-toolchain-10.2.0-2020.12.8/bin/../lib/gcc/riscv64-unknown-elf/10.2.0/../../../../riscv64-unknown-elf/lib/rv32imac/ilp32/libc_nano.a(lib_a-impure.o)
                0x0000000020400f38                _global_impure_ptr
 .srodata.__metal_driver_vtable_sifive_fe310_g000_hfrosc
                0x0000000020400f3c        0x8 /Users/sushmita/Work/Code/Crypto/A2-RECTANGLE/bsp/install/lib/debug//libmetal.a(sifive_fe310-g000_hfrosc.o)
                0x0000000020400f3c                __metal_driver_vtable_sifive_fe310_g000_hfrosc
 .srodata.__metal_driver_vtable_sifive_fe310_g000_hfxosc
                0x0000000020400f44        0x8 /Users/sushmita/Work/Code/Crypto/A2-RECTANGLE/bsp/install/lib/debug//libmetal.a(sifive_fe310-g000_hfxosc.o)
                0x0000000020400f44                __metal_driver_vtable_sifive_fe310_g000_hfxosc
 .srodata.__metal_driver_vtable_sifive_fe310_g000_prci
                0x0000000020400f4c        0x8 /Users/sushmita/Work/Code/Crypto/A2-RECTANGLE/bsp/install/lib/debug//libmetal.a(sifive_fe310-g000_prci.o)
                0x0000000020400f4c                __metal_driver_vtable_sifive_fe310_g000_prci
 .srodata.__metal_driver_vtable_sifive_test0
                0x0000000020400f54        0x4 /Users/sushmita/Work/Code/Crypto/A2-RECTANGLE/bsp/install/lib/debug//libmetal.a(sifive_test0.o)
                0x0000000020400f54                __metal_driver_vtable_sifive_test0
 .srodata.__metal_driver_vtable_fixed_clock
                0x0000000020400f58        0x8 /Users/sushmita/Work/Code/Crypto/A2-RECTANGLE/bsp/install/lib/debug//libmetal.a(fixed-clock.o)
                0x0000000020400f58                __metal_driver_vtable_fixed_clock

.itim           0x0000000080000000        0x0 load address 0x0000000020400f60
 *(.itim .itim.*)
                0x0000000020400f60                PROVIDE (metal_segment_itim_source_start = LOADADDR (.itim))
                0x0000000080000000                PROVIDE (metal_segment_itim_target_start = ADDR (.itim))
                0x0000000080000000                PROVIDE (metal_segment_itim_target_end = (ADDR (.itim) + SIZEOF (.itim)))

.lim            0x0000000080000000        0x0 load address 0x0000000020400f60
 *(.lim .lim.*)
                0x0000000020400f60                PROVIDE (metal_segment_lim_source_start = LOADADDR (.lim))
                0x0000000080000000                PROVIDE (metal_segment_lim_target_start = ADDR (.lim))
                0x0000000080000000                PROVIDE (metal_segment_lim_target_end = (ADDR (.lim) + SIZEOF (.lim)))

.text           0x0000000020400f80     0x5836
 *(.text.unlikely .text.unlikely.*)
 *(.text.startup .text.startup.*)
 *(.text .text.*)
 .text.main     0x0000000020400f80       0x20 /var/folders/9x/yg8zr0vn2s7c1p5s66rfgmwc0000gn/T//ccBOChFL.o
                0x0000000020400f80                main
 .text          0x0000000020400fa0       0x92 /var/folders/9x/yg8zr0vn2s7c1p5s66rfgmwc0000gn/T//cccM7zkq.o
                0x0000000020400fa0                rectangle
 .text._puts_r  0x0000000020401032       0xda /Applications/FreedomStudio.app/Contents/Eclipse/SiFive/riscv64-unknown-elf-toolchain-10.2.0-2020.12.8/bin/../lib/gcc/riscv64-unknown-elf/10.2.0/../../../../riscv64-unknown-elf/lib/rv32imac/ilp32/libc_nano.a(lib_a-puts.o)
                0x0000000020401032                _puts_r
 .text.puts     0x000000002040110c        0xc /Applications/FreedomStudio.app/Contents/Eclipse/SiFive/riscv64-unknown-elf-toolchain-10.2.0-2020.12.8/bin/../lib/gcc/riscv64-unknown-elf/10.2.0/../../../../riscv64-unknown-elf/lib/rv32imac/ilp32/libc_nano.a(lib_a-puts.o)
                0x000000002040110c                puts
 .text.__swbuf_r
                0x0000000020401118       0xc0 /Applications/FreedomStudio.app/Contents/Eclipse/SiFive/riscv64-unknown-elf-toolchain-10.2.0-2020.12.8/bin/../lib/gcc/riscv64-unknown-elf/10.2.0/../../../../riscv64-unknown-elf/lib/rv32imac/ilp32/libc_nano.a(lib_a-wbuf.o)
                0x0000000020401118                __swbuf_r
 .text.__swsetup_r
                0x00000000204011d8      0x10a /Applications/FreedomStudio.app/Contents/Eclipse/SiFive/riscv64-unknown-elf-toolchain-10.2.0-2020.12.8/bin/../lib/gcc/riscv64-unknown-elf/10.2.0/../../../../riscv64-unknown-elf/lib/rv32imac/ilp32/libc_nano.a(lib_a-wsetup.o)
                0x00000000204011d8                __swsetup_r
 .text.__sflush_r
                0x00000000204012e2      0x146 /Applications/FreedomStudio.app/Contents/Eclipse/SiFive/riscv64-unknown-elf-toolchain-10.2.0-2020.12.8/bin/../lib/gcc/riscv64-unknown-elf/10.2.0/../../../../riscv64-unknown-elf/lib/rv32imac/ilp32/libc_nano.a(lib_a-fflush.o)
                0x00000000204012e2                __sflush_r
 .text._fflush_r
                0x0000000020401428       0x64 /Applications/FreedomStudio.app/Contents/Eclipse/SiFive/riscv64-unknown-elf-toolchain-10.2.0-2020.12.8/bin/../lib/gcc/riscv64-unknown-elf/10.2.0/../../../../riscv64-unknown-elf/lib/rv32imac/ilp32/libc_nano.a(lib_a-fflush.o)
                0x0000000020401428                _fflush_r
 .text.std      0x000000002040148c       0x68 /Applications/FreedomStudio.app/Contents/Eclipse/SiFive/riscv64-unknown-elf-toolchain-10.2.0-2020.12.8/bin/../lib/gcc/riscv64-unknown-elf/10.2.0/../../../../riscv64-unknown-elf/lib/rv32imac/ilp32/libc_nano.a(lib_a-findfp.o)
 .text._cleanup_r
                0x00000000204014f4        0xa /Applications/FreedomStudio.app/Contents/Eclipse/SiFive/riscv64-unknown-elf-toolchain-10.2.0-2020.12.8/bin/../lib/gcc/riscv64-unknown-elf/10.2.0/../../../../riscv64-unknown-elf/lib/rv32imac/ilp32/libc_nano.a(lib_a-findfp.o)
                0x00000000204014f4                _cleanup_r
 .text.__sfmoreglue
                0x00000000204014fe       0x44 /Applications/FreedomStudio.app/Contents/Eclipse/SiFive/riscv64-unknown-elf-toolchain-10.2.0-2020.12.8/bin/../lib/gcc/riscv64-unknown-elf/10.2.0/../../../../riscv64-unknown-elf/lib/rv32imac/ilp32/libc_nano.a(lib_a-findfp.o)
                0x00000000204014fe                __sfmoreglue
 .text.__sinit  0x0000000020401542       0x6a /Applications/FreedomStudio.app/Contents/Eclipse/SiFive/riscv64-unknown-elf-toolchain-10.2.0-2020.12.8/bin/../lib/gcc/riscv64-unknown-elf/10.2.0/../../../../riscv64-unknown-elf/lib/rv32imac/ilp32/libc_nano.a(lib_a-findfp.o)
                0x0000000020401542                __sinit
 .text.__sfp    0x00000000204015ac       0x9c /Applications/FreedomStudio.app/Contents/Eclipse/SiFive/riscv64-unknown-elf-toolchain-10.2.0-2020.12.8/bin/../lib/gcc/riscv64-unknown-elf/10.2.0/../../../../riscv64-unknown-elf/lib/rv32imac/ilp32/libc_nano.a(lib_a-findfp.o)
                0x00000000204015ac                __sfp
 .text._fwalk_reent
                0x0000000020401648       0x6a /Applications/FreedomStudio.app/Contents/Eclipse/SiFive/riscv64-unknown-elf-toolchain-10.2.0-2020.12.8/bin/../lib/gcc/riscv64-unknown-elf/10.2.0/../../../../riscv64-unknown-elf/lib/rv32imac/ilp32/libc_nano.a(lib_a-fwalk.o)
                0x0000000020401648                _fwalk_reent
 .text.__swhatbuf_r
                0x00000000204016b2       0x5a /Applications/FreedomStudio.app/Contents/Eclipse/SiFive/riscv64-unknown-elf-toolchain-10.2.0-2020.12.8/bin/../lib/gcc/riscv64-unknown-elf/10.2.0/../../../../riscv64-unknown-elf/lib/rv32imac/ilp32/libc_nano.a(lib_a-makebuf.o)
                0x00000000204016b2                __swhatbuf_r
 .text.__smakebuf_r
                0x000000002040170c       0x9c /Applications/FreedomStudio.app/Contents/Eclipse/SiFive/riscv64-unknown-elf-toolchain-10.2.0-2020.12.8/bin/../lib/gcc/riscv64-unknown-elf/10.2.0/../../../../riscv64-unknown-elf/lib/rv32imac/ilp32/libc_nano.a(lib_a-makebuf.o)
                0x000000002040170c                __smakebuf_r
 .text          0x00000000204017a8       0xa8 /Applications/FreedomStudio.app/Contents/Eclipse/SiFive/riscv64-unknown-elf-toolchain-10.2.0-2020.12.8/bin/../lib/gcc/riscv64-unknown-elf/10.2.0/../../../../riscv64-unknown-elf/lib/rv32imac/ilp32/libc_nano.a(lib_a-memset.o)
                0x00000000204017a8                memset
 .text._free_r  0x0000000020401850       0xa2 /Applications/FreedomStudio.app/Contents/Eclipse/SiFive/riscv64-unknown-elf-toolchain-10.2.0-2020.12.8/bin/../lib/gcc/riscv64-unknown-elf/10.2.0/../../../../riscv64-unknown-elf/lib/rv32imac/ilp32/libc_nano.a(lib_a-nano-freer.o)
                0x0000000020401850                _free_r
 .text._malloc_r
                0x00000000204018f2       0xd8 /Applications/FreedomStudio.app/Contents/Eclipse/SiFive/riscv64-unknown-elf-toolchain-10.2.0-2020.12.8/bin/../lib/gcc/riscv64-unknown-elf/10.2.0/../../../../riscv64-unknown-elf/lib/rv32imac/ilp32/libc_nano.a(lib_a-nano-mallocr.o)
                0x00000000204018f2                _malloc_r
 .text._sbrk_r  0x00000000204019ca       0x2e /Applications/FreedomStudio.app/Contents/Eclipse/SiFive/riscv64-unknown-elf-toolchain-10.2.0-2020.12.8/bin/../lib/gcc/riscv64-unknown-elf/10.2.0/../../../../riscv64-unknown-elf/lib/rv32imac/ilp32/libc_nano.a(lib_a-sbrkr.o)
                0x00000000204019ca                _sbrk_r
 .text.__sread  0x00000000204019f8       0x30 /Applications/FreedomStudio.app/Contents/Eclipse/SiFive/riscv64-unknown-elf-toolchain-10.2.0-2020.12.8/bin/../lib/gcc/riscv64-unknown-elf/10.2.0/../../../../riscv64-unknown-elf/lib/rv32imac/ilp32/libc_nano.a(lib_a-stdio.o)
                0x00000000204019f8                __sread
 .text.__swrite
                0x0000000020401a28       0x4e /Applications/FreedomStudio.app/Contents/Eclipse/SiFive/riscv64-unknown-elf-toolchain-10.2.0-2020.12.8/bin/../lib/gcc/riscv64-unknown-elf/10.2.0/../../../../riscv64-unknown-elf/lib/rv32imac/ilp32/libc_nano.a(lib_a-stdio.o)
                0x0000000020401a28                __swrite
 .text.__sseek  0x0000000020401a76       0x36 /Applications/FreedomStudio.app/Contents/Eclipse/SiFive/riscv64-unknown-elf-toolchain-10.2.0-2020.12.8/bin/../lib/gcc/riscv64-unknown-elf/10.2.0/../../../../riscv64-unknown-elf/lib/rv32imac/ilp32/libc_nano.a(lib_a-stdio.o)
                0x0000000020401a76                __sseek
 .text.__sclose
                0x0000000020401aac        0x6 /Applications/FreedomStudio.app/Contents/Eclipse/SiFive/riscv64-unknown-elf-toolchain-10.2.0-2020.12.8/bin/../lib/gcc/riscv64-unknown-elf/10.2.0/../../../../riscv64-unknown-elf/lib/rv32imac/ilp32/libc_nano.a(lib_a-stdio.o)
                0x0000000020401aac                __sclose
 .text._write_r
                0x0000000020401ab2       0x32 /Applications/FreedomStudio.app/Contents/Eclipse/SiFive/riscv64-unknown-elf-toolchain-10.2.0-2020.12.8/bin/../lib/gcc/riscv64-unknown-elf/10.2.0/../../../../riscv64-unknown-elf/lib/rv32imac/ilp32/libc_nano.a(lib_a-writer.o)
                0x0000000020401ab2                _write_r
 .text._close_r
                0x0000000020401ae4       0x2e /Applications/FreedomStudio.app/Contents/Eclipse/SiFive/riscv64-unknown-elf-toolchain-10.2.0-2020.12.8/bin/../lib/gcc/riscv64-unknown-elf/10.2.0/../../../../riscv64-unknown-elf/lib/rv32imac/ilp32/libc_nano.a(lib_a-closer.o)
                0x0000000020401ae4                _close_r
 .text._fstat_r
                0x0000000020401b12       0x30 /Applications/FreedomStudio.app/Contents/Eclipse/SiFive/riscv64-unknown-elf-toolchain-10.2.0-2020.12.8/bin/../lib/gcc/riscv64-unknown-elf/10.2.0/../../../../riscv64-unknown-elf/lib/rv32imac/ilp32/libc_nano.a(lib_a-fstatr.o)
                0x0000000020401b12                _fstat_r
 .text._isatty_r
                0x0000000020401b42       0x2e /Applications/FreedomStudio.app/Contents/Eclipse/SiFive/riscv64-unknown-elf-toolchain-10.2.0-2020.12.8/bin/../lib/gcc/riscv64-unknown-elf/10.2.0/../../../../riscv64-unknown-elf/lib/rv32imac/ilp32/libc_nano.a(lib_a-isattyr.o)
                0x0000000020401b42                _isatty_r
 .text._lseek_r
                0x0000000020401b70       0x32 /Applications/FreedomStudio.app/Contents/Eclipse/SiFive/riscv64-unknown-elf-toolchain-10.2.0-2020.12.8/bin/../lib/gcc/riscv64-unknown-elf/10.2.0/../../../../riscv64-unknown-elf/lib/rv32imac/ilp32/libc_nano.a(lib_a-lseekr.o)
                0x0000000020401b70                _lseek_r
 .text.__malloc_lock
                0x0000000020401ba2        0x2 /Applications/FreedomStudio.app/Contents/Eclipse/SiFive/riscv64-unknown-elf-toolchain-10.2.0-2020.12.8/bin/../lib/gcc/riscv64-unknown-elf/10.2.0/../../../../riscv64-unknown-elf/lib/rv32imac/ilp32/libc_nano.a(lib_a-mlock.o)
                0x0000000020401ba2                __malloc_lock
 .text.__malloc_unlock
                0x0000000020401ba4        0x2 /Applications/FreedomStudio.app/Contents/Eclipse/SiFive/riscv64-unknown-elf-toolchain-10.2.0-2020.12.8/bin/../lib/gcc/riscv64-unknown-elf/10.2.0/../../../../riscv64-unknown-elf/lib/rv32imac/ilp32/libc_nano.a(lib_a-mlock.o)
                0x0000000020401ba4                __malloc_unlock
 .text._read_r  0x0000000020401ba6       0x32 /Applications/FreedomStudio.app/Contents/Eclipse/SiFive/riscv64-unknown-elf-toolchain-10.2.0-2020.12.8/bin/../lib/gcc/riscv64-unknown-elf/10.2.0/../../../../riscv64-unknown-elf/lib/rv32imac/ilp32/libc_nano.a(lib_a-readr.o)
                0x0000000020401ba6                _read_r
 .text._close   0x0000000020401bd8       0x22 /Users/sushmita/Work/Code/Crypto/A2-RECTANGLE/bsp/install/lib/debug//libmetal-gloss.a(sys_close.o)
                0x0000000020401bd8                _close
 .text._fstat   0x0000000020401bfa       0x26 /Users/sushmita/Work/Code/Crypto/A2-RECTANGLE/bsp/install/lib/debug//libmetal-gloss.a(sys_fstat.o)
                0x0000000020401bfa                _fstat
 .text._isatty  0x0000000020401c20       0x20 /Users/sushmita/Work/Code/Crypto/A2-RECTANGLE/bsp/install/lib/debug//libmetal-gloss.a(sys_isatty.o)
                0x0000000020401c20                _isatty
 .text._lseek   0x0000000020401c40       0x2a /Users/sushmita/Work/Code/Crypto/A2-RECTANGLE/bsp/install/lib/debug//libmetal-gloss.a(sys_lseek.o)
                0x0000000020401c40                _lseek
 .text._read    0x0000000020401c6a       0x2a /Users/sushmita/Work/Code/Crypto/A2-RECTANGLE/bsp/install/lib/debug//libmetal-gloss.a(sys_read.o)
                0x0000000020401c6a                _read
 .text._sbrk    0x0000000020401c94       0x7e /Users/sushmita/Work/Code/Crypto/A2-RECTANGLE/bsp/install/lib/debug//libmetal-gloss.a(sys_sbrk.o)
                0x0000000020401c94                _sbrk
 .text._write   0x0000000020401d12       0x6e /Users/sushmita/Work/Code/Crypto/A2-RECTANGLE/bsp/install/lib/debug//libmetal-gloss.a(sys_write.o)
                0x0000000020401d12                write
                0x0000000020401d12                _write
 .text.atexit   0x0000000020401d80        0xa /Applications/FreedomStudio.app/Contents/Eclipse/SiFive/riscv64-unknown-elf-toolchain-10.2.0-2020.12.8/bin/../lib/gcc/riscv64-unknown-elf/10.2.0/../../../../riscv64-unknown-elf/lib/rv32imac/ilp32/libc_nano.a(lib_a-atexit.o)
                0x0000000020401d80                atexit
 .text.__errno  0x0000000020401d8a        0xa /Applications/FreedomStudio.app/Contents/Eclipse/SiFive/riscv64-unknown-elf-toolchain-10.2.0-2020.12.8/bin/../lib/gcc/riscv64-unknown-elf/10.2.0/../../../../riscv64-unknown-elf/lib/rv32imac/ilp32/libc_nano.a(lib_a-errno.o)
                0x0000000020401d8a                __errno
 .text.exit     0x0000000020401d94       0x2a /Applications/FreedomStudio.app/Contents/Eclipse/SiFive/riscv64-unknown-elf-toolchain-10.2.0-2020.12.8/bin/../lib/gcc/riscv64-unknown-elf/10.2.0/../../../../riscv64-unknown-elf/lib/rv32imac/ilp32/libc_nano.a(lib_a-exit.o)
                0x0000000020401d94                exit
 .text.__libc_fini_array
                0x0000000020401dbe       0x36 /Applications/FreedomStudio.app/Contents/Eclipse/SiFive/riscv64-unknown-elf-toolchain-10.2.0-2020.12.8/bin/../lib/gcc/riscv64-unknown-elf/10.2.0/../../../../riscv64-unknown-elf/lib/rv32imac/ilp32/libc_nano.a(lib_a-fini.o)
                0x0000000020401dbe                __libc_fini_array
 .text.__libc_init_array
                0x0000000020401df4       0x5e /Applications/FreedomStudio.app/Contents/Eclipse/SiFive/riscv64-unknown-elf-toolchain-10.2.0-2020.12.8/bin/../lib/gcc/riscv64-unknown-elf/10.2.0/../../../../riscv64-unknown-elf/lib/rv32imac/ilp32/libc_nano.a(lib_a-init.o)
                0x0000000020401df4                __libc_init_array
 .text.__register_exitproc
                0x0000000020401e52       0x7c /Applications/FreedomStudio.app/Contents/Eclipse/SiFive/riscv64-unknown-elf-toolchain-10.2.0-2020.12.8/bin/../lib/gcc/riscv64-unknown-elf/10.2.0/../../../../riscv64-unknown-elf/lib/rv32imac/ilp32/libc_nano.a(lib_a-__atexit.o)
                0x0000000020401e52                __register_exitproc
 .text.__call_exitprocs
                0x0000000020401ece       0xc8 /Applications/FreedomStudio.app/Contents/Eclipse/SiFive/riscv64-unknown-elf-toolchain-10.2.0-2020.12.8/bin/../lib/gcc/riscv64-unknown-elf/10.2.0/../../../../riscv64-unknown-elf/lib/rv32imac/ilp32/libc_nano.a(lib_a-__call_atexit.o)
                0x0000000020401ece                __call_exitprocs
 .text.metal_init
                0x0000000020401f96       0x78 /Users/sushmita/Work/Code/Crypto/A2-RECTANGLE/bsp/install/lib/debug//libmetal.a(init.o)
                0x0000000020401f96                metal_init
 .text.metal_fini
                0x000000002040200e       0x78 /Users/sushmita/Work/Code/Crypto/A2-RECTANGLE/bsp/install/lib/debug//libmetal.a(init.o)
                0x000000002040200e                metal_fini
 .text.metal_init_run
                0x0000000020402086       0x14 /Users/sushmita/Work/Code/Crypto/A2-RECTANGLE/bsp/install/lib/debug//libmetal.a(init.o)
                0x0000000020402086                metal_init_run
 .text.metal_fini_run
                0x000000002040209a       0x14 /Users/sushmita/Work/Code/Crypto/A2-RECTANGLE/bsp/install/lib/debug//libmetal.a(init.o)
                0x000000002040209a                metal_fini_run
 .text.metal_tty_putc
                0x00000000204020ae       0x26 /Users/sushmita/Work/Code/Crypto/A2-RECTANGLE/bsp/install/lib/debug//libmetal.a(tty.o)
                0x00000000204020ae                metal_tty_putc
 .text.metal_uart_init
                0x00000000204020d4       0x2c /Users/sushmita/Work/Code/Crypto/A2-RECTANGLE/bsp/install/lib/debug//libmetal.a(uart.o)
                0x00000000204020d4                metal_uart_init
 .text.metal_uart_putc
                0x0000000020402100       0x2e /Users/sushmita/Work/Code/Crypto/A2-RECTANGLE/bsp/install/lib/debug//libmetal.a(uart.o)
                0x0000000020402100                metal_uart_putc
 .text.metal_uart_set_baud_rate
                0x000000002040212e       0x2e /Users/sushmita/Work/Code/Crypto/A2-RECTANGLE/bsp/install/lib/debug//libmetal.a(uart.o)
                0x000000002040212e                metal_uart_set_baud_rate
 .text.__metal_driver_sifive_clint0_control_base
                0x000000002040215c       0x2a /Users/sushmita/Work/Code/Crypto/A2-RECTANGLE/bsp/install/lib/debug//libmetal.a(riscv_clint0.o)
 .text.__metal_driver_sifive_clint0_num_interrupts
                0x0000000020402186       0x28 /Users/sushmita/Work/Code/Crypto/A2-RECTANGLE/bsp/install/lib/debug//libmetal.a(riscv_clint0.o)
 .text.__metal_driver_sifive_clint0_interrupt_parents
                0x00000000204021ae       0x3c /Users/sushmita/Work/Code/Crypto/A2-RECTANGLE/bsp/install/lib/debug//libmetal.a(riscv_clint0.o)
 .text.__metal_driver_sifive_clint0_interrupt_lines
                0x00000000204021ea       0x30 /Users/sushmita/Work/Code/Crypto/A2-RECTANGLE/bsp/install/lib/debug//libmetal.a(riscv_clint0.o)
 .text.__metal_clint0_mtime_get
                0x000000002040221a       0x9a /Users/sushmita/Work/Code/Crypto/A2-RECTANGLE/bsp/install/lib/debug//libmetal.a(riscv_clint0.o)
                0x000000002040221a                __metal_clint0_mtime_get
 .text.__metal_driver_riscv_clint0_mtimecmp_set
                0x00000000204022b4       0x96 /Users/sushmita/Work/Code/Crypto/A2-RECTANGLE/bsp/install/lib/debug//libmetal.a(riscv_clint0.o)
                0x00000000204022b4                __metal_driver_riscv_clint0_mtimecmp_set
 .text._get_cpu_intc
                0x000000002040234a       0x36 /Users/sushmita/Work/Code/Crypto/A2-RECTANGLE/bsp/install/lib/debug//libmetal.a(riscv_clint0.o)
 .text.__metal_driver_riscv_clint0_init
                0x0000000020402380       0x88 /Users/sushmita/Work/Code/Crypto/A2-RECTANGLE/bsp/install/lib/debug//libmetal.a(riscv_clint0.o)
                0x0000000020402380                __metal_driver_riscv_clint0_init
 .text.__metal_driver_riscv_clint0_register
                0x0000000020402408       0xda /Users/sushmita/Work/Code/Crypto/A2-RECTANGLE/bsp/install/lib/debug//libmetal.a(riscv_clint0.o)
                0x0000000020402408                __metal_driver_riscv_clint0_register
 .text.__metal_driver_riscv_clint0_vector_register
                0x00000000204024e2       0x28 /Users/sushmita/Work/Code/Crypto/A2-RECTANGLE/bsp/install/lib/debug//libmetal.a(riscv_clint0.o)
                0x00000000204024e2                __metal_driver_riscv_clint0_vector_register
 .text.__metal_driver_riscv_clint0_get_vector_mode
                0x000000002040250a       0x1c /Users/sushmita/Work/Code/Crypto/A2-RECTANGLE/bsp/install/lib/debug//libmetal.a(riscv_clint0.o)
                0x000000002040250a                __metal_driver_riscv_clint0_get_vector_mode
 .text.__metal_driver_riscv_clint0_set_vector_mode
                0x0000000020402526       0x58 /Users/sushmita/Work/Code/Crypto/A2-RECTANGLE/bsp/install/lib/debug//libmetal.a(riscv_clint0.o)
                0x0000000020402526                __metal_driver_riscv_clint0_set_vector_mode
 .text.__metal_driver_riscv_clint0_enable
                0x000000002040257e       0xb2 /Users/sushmita/Work/Code/Crypto/A2-RECTANGLE/bsp/install/lib/debug//libmetal.a(riscv_clint0.o)
                0x000000002040257e                __metal_driver_riscv_clint0_enable
 .text.__metal_driver_riscv_clint0_disable
                0x0000000020402630       0xb2 /Users/sushmita/Work/Code/Crypto/A2-RECTANGLE/bsp/install/lib/debug//libmetal.a(riscv_clint0.o)
                0x0000000020402630                __metal_driver_riscv_clint0_disable
 .text.__metal_driver_riscv_clint0_command_request
                0x00000000204026e2      0x13e /Users/sushmita/Work/Code/Crypto/A2-RECTANGLE/bsp/install/lib/debug//libmetal.a(riscv_clint0.o)
                0x00000000204026e2                __metal_driver_riscv_clint0_command_request
 .text.__metal_driver_riscv_clint0_clear_interrupt
                0x0000000020402820       0x34 /Users/sushmita/Work/Code/Crypto/A2-RECTANGLE/bsp/install/lib/debug//libmetal.a(riscv_clint0.o)
                0x0000000020402820                __metal_driver_riscv_clint0_clear_interrupt
 .text.__metal_driver_riscv_clint0_set_interrupt
                0x0000000020402854       0x34 /Users/sushmita/Work/Code/Crypto/A2-RECTANGLE/bsp/install/lib/debug//libmetal.a(riscv_clint0.o)
                0x0000000020402854                __metal_driver_riscv_clint0_set_interrupt
 .text.__metal_driver_cpu_hartid
                0x0000000020402888       0x24 /Users/sushmita/Work/Code/Crypto/A2-RECTANGLE/bsp/install/lib/debug//libmetal.a(riscv_cpu.o)
 .text.__metal_driver_cpu_timebase
                0x00000000204028ac       0x2a /Users/sushmita/Work/Code/Crypto/A2-RECTANGLE/bsp/install/lib/debug//libmetal.a(riscv_cpu.o)
 .text.__metal_driver_cpu_interrupt_controller
                0x00000000204028d6       0x2a /Users/sushmita/Work/Code/Crypto/A2-RECTANGLE/bsp/install/lib/debug//libmetal.a(riscv_cpu.o)
 .text.__metal_driver_cpu_buserror
                0x0000000020402900       0x24 /Users/sushmita/Work/Code/Crypto/A2-RECTANGLE/bsp/install/lib/debug//libmetal.a(riscv_cpu.o)
 .text.__metal_driver_cpu_get
                0x0000000020402924       0x30 /Users/sushmita/Work/Code/Crypto/A2-RECTANGLE/bsp/install/lib/debug//libmetal.a(riscv_cpu.o)
                0x0000000020402924                __metal_driver_cpu_get
 .text.__metal_myhart_id
                0x0000000020402954       0x1a /Users/sushmita/Work/Code/Crypto/A2-RECTANGLE/bsp/install/lib/debug//libmetal.a(riscv_cpu.o)
                0x0000000020402954                __metal_myhart_id
 .text.__metal_interrupt_global_enable
                0x000000002040296e       0x18 /Users/sushmita/Work/Code/Crypto/A2-RECTANGLE/bsp/install/lib/debug//libmetal.a(riscv_cpu.o)
                0x000000002040296e                __metal_interrupt_global_enable
 .text.__metal_interrupt_global_disable
                0x0000000020402986       0x18 /Users/sushmita/Work/Code/Crypto/A2-RECTANGLE/bsp/install/lib/debug//libmetal.a(riscv_cpu.o)
                0x0000000020402986                __metal_interrupt_global_disable
 .text.__metal_interrupt_software_enable
                0x000000002040299e       0x18 /Users/sushmita/Work/Code/Crypto/A2-RECTANGLE/bsp/install/lib/debug//libmetal.a(riscv_cpu.o)
                0x000000002040299e                __metal_interrupt_software_enable
 .text.__metal_interrupt_software_disable
                0x00000000204029b6       0x18 /Users/sushmita/Work/Code/Crypto/A2-RECTANGLE/bsp/install/lib/debug//libmetal.a(riscv_cpu.o)
                0x00000000204029b6                __metal_interrupt_software_disable
 .text.__metal_interrupt_timer_enable
                0x00000000204029ce       0x1a /Users/sushmita/Work/Code/Crypto/A2-RECTANGLE/bsp/install/lib/debug//libmetal.a(riscv_cpu.o)
                0x00000000204029ce                __metal_interrupt_timer_enable
 .text.__metal_interrupt_timer_disable
                0x00000000204029e8       0x1a /Users/sushmita/Work/Code/Crypto/A2-RECTANGLE/bsp/install/lib/debug//libmetal.a(riscv_cpu.o)
                0x00000000204029e8                __metal_interrupt_timer_disable
 .text.__metal_interrupt_external_enable
                0x0000000020402a02       0x1c /Users/sushmita/Work/Code/Crypto/A2-RECTANGLE/bsp/install/lib/debug//libmetal.a(riscv_cpu.o)
                0x0000000020402a02                __metal_interrupt_external_enable
 .text.__metal_interrupt_external_disable
                0x0000000020402a1e       0x1c /Users/sushmita/Work/Code/Crypto/A2-RECTANGLE/bsp/install/lib/debug//libmetal.a(riscv_cpu.o)
                0x0000000020402a1e                __metal_interrupt_external_disable
 .text.__metal_interrupt_local_enable
                0x0000000020402a3a       0x2c /Users/sushmita/Work/Code/Crypto/A2-RECTANGLE/bsp/install/lib/debug//libmetal.a(riscv_cpu.o)
                0x0000000020402a3a                __metal_interrupt_local_enable
 .text.__metal_interrupt_local_disable
                0x0000000020402a66       0x2c /Users/sushmita/Work/Code/Crypto/A2-RECTANGLE/bsp/install/lib/debug//libmetal.a(riscv_cpu.o)
                0x0000000020402a66                __metal_interrupt_local_disable
 .text.__metal_default_exception_handler
                0x0000000020402a92       0x18 /Users/sushmita/Work/Code/Crypto/A2-RECTANGLE/bsp/install/lib/debug//libmetal.a(riscv_cpu.o)
                0x0000000020402a92                __metal_default_exception_handler
 .text.__metal_default_interrupt_handler
                0x0000000020402aaa       0x18 /Users/sushmita/Work/Code/Crypto/A2-RECTANGLE/bsp/install/lib/debug//libmetal.a(riscv_cpu.o)
                0x0000000020402aaa                __metal_default_interrupt_handler
 .text.metal_interrupt_vector_handler
                0x0000000020402ac2       0x2e /Users/sushmita/Work/Code/Crypto/A2-RECTANGLE/bsp/install/lib/debug//libmetal.a(riscv_cpu.o)
                0x0000000020402ac2                metal_interrupt_vector_handler
 .text.metal_software_interrupt_vector_handler
                0x0000000020402af0       0x92 /Users/sushmita/Work/Code/Crypto/A2-RECTANGLE/bsp/install/lib/debug//libmetal.a(riscv_cpu.o)
                0x0000000020402af0                metal_software_interrupt_vector_handler
 .text.__metal_default_sw_handler
                0x0000000020402b82       0x68 /Users/sushmita/Work/Code/Crypto/A2-RECTANGLE/bsp/install/lib/debug//libmetal.a(riscv_cpu.o)
                0x0000000020402b82                __metal_default_sw_handler
 .text.metal_timer_interrupt_vector_handler
                0x0000000020402bea       0x92 /Users/sushmita/Work/Code/Crypto/A2-RECTANGLE/bsp/install/lib/debug//libmetal.a(riscv_cpu.o)
                0x0000000020402bea                metal_timer_interrupt_vector_handler
 .text.__metal_default_beu_handler
                0x0000000020402c7c       0x16 /Users/sushmita/Work/Code/Crypto/A2-RECTANGLE/bsp/install/lib/debug//libmetal.a(riscv_cpu.o)
                0x0000000020402c7c                __metal_default_beu_handler
 .text.__metal_default_timer_handler
                0x0000000020402c92       0x66 /Users/sushmita/Work/Code/Crypto/A2-RECTANGLE/bsp/install/lib/debug//libmetal.a(riscv_cpu.o)
                0x0000000020402c92                __metal_default_timer_handler
 *fill*         0x0000000020402cf8        0x8 
 .text.__metal_exception_handler
                0x0000000020402d00      0x1f8 /Users/sushmita/Work/Code/Crypto/A2-RECTANGLE/bsp/install/lib/debug//libmetal.a(riscv_cpu.o)
                0x0000000020402d00                __metal_exception_handler
 .text.metal_lc0_interrupt_vector_handler
                0x0000000020402ef8       0x96 /Users/sushmita/Work/Code/Crypto/A2-RECTANGLE/bsp/install/lib/debug//libmetal.a(riscv_cpu.o)
                0x0000000020402ef8                metal_lc0_interrupt_vector_handler
 .text.metal_lc1_interrupt_vector_handler
                0x0000000020402f8e       0x96 /Users/sushmita/Work/Code/Crypto/A2-RECTANGLE/bsp/install/lib/debug//libmetal.a(riscv_cpu.o)
                0x0000000020402f8e                metal_lc1_interrupt_vector_handler
 .text.metal_lc2_interrupt_vector_handler
                0x0000000020403024       0x96 /Users/sushmita/Work/Code/Crypto/A2-RECTANGLE/bsp/install/lib/debug//libmetal.a(riscv_cpu.o)
                0x0000000020403024                metal_lc2_interrupt_vector_handler
 .text.metal_lc3_interrupt_vector_handler
                0x00000000204030ba       0x96 /Users/sushmita/Work/Code/Crypto/A2-RECTANGLE/bsp/install/lib/debug//libmetal.a(riscv_cpu.o)
                0x00000000204030ba                metal_lc3_interrupt_vector_handler
 .text.metal_lc4_interrupt_vector_handler
                0x0000000020403150       0x96 /Users/sushmita/Work/Code/Crypto/A2-RECTANGLE/bsp/install/lib/debug//libmetal.a(riscv_cpu.o)
                0x0000000020403150                metal_lc4_interrupt_vector_handler
 .text.metal_lc5_interrupt_vector_handler
                0x00000000204031e6       0x96 /Users/sushmita/Work/Code/Crypto/A2-RECTANGLE/bsp/install/lib/debug//libmetal.a(riscv_cpu.o)
                0x00000000204031e6                metal_lc5_interrupt_vector_handler
 .text.metal_lc6_interrupt_vector_handler
                0x000000002040327c       0x96 /Users/sushmita/Work/Code/Crypto/A2-RECTANGLE/bsp/install/lib/debug//libmetal.a(riscv_cpu.o)
                0x000000002040327c                metal_lc6_interrupt_vector_handler
 .text.metal_lc7_interrupt_vector_handler
                0x0000000020403312       0x96 /Users/sushmita/Work/Code/Crypto/A2-RECTANGLE/bsp/install/lib/debug//libmetal.a(riscv_cpu.o)
                0x0000000020403312                metal_lc7_interrupt_vector_handler
 .text.metal_lc8_interrupt_vector_handler
                0x00000000204033a8       0x96 /Users/sushmita/Work/Code/Crypto/A2-RECTANGLE/bsp/install/lib/debug//libmetal.a(riscv_cpu.o)
                0x00000000204033a8                metal_lc8_interrupt_vector_handler
 .text.metal_lc9_interrupt_vector_handler
                0x000000002040343e       0x96 /Users/sushmita/Work/Code/Crypto/A2-RECTANGLE/bsp/install/lib/debug//libmetal.a(riscv_cpu.o)
                0x000000002040343e                metal_lc9_interrupt_vector_handler
 .text.metal_lc10_interrupt_vector_handler
                0x00000000204034d4       0x96 /Users/sushmita/Work/Code/Crypto/A2-RECTANGLE/bsp/install/lib/debug//libmetal.a(riscv_cpu.o)
                0x00000000204034d4                metal_lc10_interrupt_vector_handler
 .text.metal_lc11_interrupt_vector_handler
                0x000000002040356a       0x96 /Users/sushmita/Work/Code/Crypto/A2-RECTANGLE/bsp/install/lib/debug//libmetal.a(riscv_cpu.o)
                0x000000002040356a                metal_lc11_interrupt_vector_handler
 .text.metal_lc12_interrupt_vector_handler
                0x0000000020403600       0x96 /Users/sushmita/Work/Code/Crypto/A2-RECTANGLE/bsp/install/lib/debug//libmetal.a(riscv_cpu.o)
                0x0000000020403600                metal_lc12_interrupt_vector_handler
 .text.metal_lc13_interrupt_vector_handler
                0x0000000020403696       0x96 /Users/sushmita/Work/Code/Crypto/A2-RECTANGLE/bsp/install/lib/debug//libmetal.a(riscv_cpu.o)
                0x0000000020403696                metal_lc13_interrupt_vector_handler
 .text.metal_lc14_interrupt_vector_handler
                0x000000002040372c       0x96 /Users/sushmita/Work/Code/Crypto/A2-RECTANGLE/bsp/install/lib/debug//libmetal.a(riscv_cpu.o)
                0x000000002040372c                metal_lc14_interrupt_vector_handler
 .text.metal_lc15_interrupt_vector_handler
                0x00000000204037c2       0x96 /Users/sushmita/Work/Code/Crypto/A2-RECTANGLE/bsp/install/lib/debug//libmetal.a(riscv_cpu.o)
                0x00000000204037c2                metal_lc15_interrupt_vector_handler
 .text.__metal_controller_interrupt_vector_mode
                0x0000000020403858       0x58 /Users/sushmita/Work/Code/Crypto/A2-RECTANGLE/bsp/install/lib/debug//libmetal.a(riscv_cpu.o)
                0x0000000020403858                __metal_controller_interrupt_vector_mode
 .text.__metal_controller_interrupt_vector
                0x00000000204038b0       0xb2 /Users/sushmita/Work/Code/Crypto/A2-RECTANGLE/bsp/install/lib/debug//libmetal.a(riscv_cpu.o)
                0x00000000204038b0                __metal_controller_interrupt_vector
 .text.__metal_valid_interrupt_id
                0x0000000020403962       0x58 /Users/sushmita/Work/Code/Crypto/A2-RECTANGLE/bsp/install/lib/debug//libmetal.a(riscv_cpu.o)
                0x0000000020403962                __metal_valid_interrupt_id
 .text.__metal_local_interrupt_enable
                0x00000000204039ba       0xbc /Users/sushmita/Work/Code/Crypto/A2-RECTANGLE/bsp/install/lib/debug//libmetal.a(riscv_cpu.o)
                0x00000000204039ba                __metal_local_interrupt_enable
 .text.__metal_exception_register
                0x0000000020403a76       0x4e /Users/sushmita/Work/Code/Crypto/A2-RECTANGLE/bsp/install/lib/debug//libmetal.a(riscv_cpu.o)
                0x0000000020403a76                __metal_exception_register
 .text.__metal_driver_riscv_cpu_controller_interrupt_init
                0x0000000020403ac4       0xe2 /Users/sushmita/Work/Code/Crypto/A2-RECTANGLE/bsp/install/lib/debug//libmetal.a(riscv_cpu.o)
                0x0000000020403ac4                __metal_driver_riscv_cpu_controller_interrupt_init
 .text.__metal_driver_riscv_cpu_controller_interrupt_register
                0x0000000020403ba6      0x1e0 /Users/sushmita/Work/Code/Crypto/A2-RECTANGLE/bsp/install/lib/debug//libmetal.a(riscv_cpu.o)
                0x0000000020403ba6                __metal_driver_riscv_cpu_controller_interrupt_register
 .text.__metal_driver_riscv_cpu_controller_interrupt_enable
                0x0000000020403d86       0x2c /Users/sushmita/Work/Code/Crypto/A2-RECTANGLE/bsp/install/lib/debug//libmetal.a(riscv_cpu.o)
                0x0000000020403d86                __metal_driver_riscv_cpu_controller_interrupt_enable
 .text.__metal_driver_riscv_cpu_controller_interrupt_disable
                0x0000000020403db2       0x2c /Users/sushmita/Work/Code/Crypto/A2-RECTANGLE/bsp/install/lib/debug//libmetal.a(riscv_cpu.o)
                0x0000000020403db2                __metal_driver_riscv_cpu_controller_interrupt_disable
 .text.__metal_driver_riscv_cpu_controller_get_vector_mode
                0x0000000020403dde       0x1c /Users/sushmita/Work/Code/Crypto/A2-RECTANGLE/bsp/install/lib/debug//libmetal.a(riscv_cpu.o)
                0x0000000020403dde                __metal_driver_riscv_cpu_controller_get_vector_mode
 .text.__metal_driver_riscv_cpu_controller_set_vector_mode
                0x0000000020403dfa       0x54 /Users/sushmita/Work/Code/Crypto/A2-RECTANGLE/bsp/install/lib/debug//libmetal.a(riscv_cpu.o)
                0x0000000020403dfa                __metal_driver_riscv_cpu_controller_set_vector_mode
 .text.__metal_driver_riscv_cpu_controller_command_request
                0x0000000020403e4e       0x1c /Users/sushmita/Work/Code/Crypto/A2-RECTANGLE/bsp/install/lib/debug//libmetal.a(riscv_cpu.o)
                0x0000000020403e4e                __metal_driver_riscv_cpu_controller_command_request
 .text.__metal_driver_cpu_mcycle_get
                0x0000000020403e6a       0x70 /Users/sushmita/Work/Code/Crypto/A2-RECTANGLE/bsp/install/lib/debug//libmetal.a(riscv_cpu.o)
                0x0000000020403e6a                __metal_driver_cpu_mcycle_get
 .text.__metal_driver_cpu_timebase_get
                0x0000000020403eda       0x46 /Users/sushmita/Work/Code/Crypto/A2-RECTANGLE/bsp/install/lib/debug//libmetal.a(riscv_cpu.o)
                0x0000000020403eda                __metal_driver_cpu_timebase_get
 .text.__metal_driver_cpu_mtime_get
                0x0000000020403f20       0x66 /Users/sushmita/Work/Code/Crypto/A2-RECTANGLE/bsp/install/lib/debug//libmetal.a(riscv_cpu.o)
                0x0000000020403f20                __metal_driver_cpu_mtime_get
 .text.__metal_driver_cpu_mtimecmp_set
                0x0000000020403f86       0x76 /Users/sushmita/Work/Code/Crypto/A2-RECTANGLE/bsp/install/lib/debug//libmetal.a(riscv_cpu.o)
                0x0000000020403f86                __metal_driver_cpu_mtimecmp_set
 .text.__metal_driver_cpu_timer_controller_interrupt
                0x0000000020403ffc       0x1a /Users/sushmita/Work/Code/Crypto/A2-RECTANGLE/bsp/install/lib/debug//libmetal.a(riscv_cpu.o)
                0x0000000020403ffc                __metal_driver_cpu_timer_controller_interrupt
 .text.__metal_driver_cpu_get_timer_interrupt_id
                0x0000000020404016       0x14 /Users/sushmita/Work/Code/Crypto/A2-RECTANGLE/bsp/install/lib/debug//libmetal.a(riscv_cpu.o)
                0x0000000020404016                __metal_driver_cpu_get_timer_interrupt_id
 .text.__metal_driver_cpu_sw_controller_interrupt
                0x000000002040402a       0x1a /Users/sushmita/Work/Code/Crypto/A2-RECTANGLE/bsp/install/lib/debug//libmetal.a(riscv_cpu.o)
                0x000000002040402a                __metal_driver_cpu_sw_controller_interrupt
 .text.__metal_driver_cpu_get_sw_interrupt_id
                0x0000000020404044       0x14 /Users/sushmita/Work/Code/Crypto/A2-RECTANGLE/bsp/install/lib/debug//libmetal.a(riscv_cpu.o)
                0x0000000020404044                __metal_driver_cpu_get_sw_interrupt_id
 .text.__metal_driver_cpu_set_sw_ipi
                0x0000000020404058       0x62 /Users/sushmita/Work/Code/Crypto/A2-RECTANGLE/bsp/install/lib/debug//libmetal.a(riscv_cpu.o)
                0x0000000020404058                __metal_driver_cpu_set_sw_ipi
 .text.__metal_driver_cpu_clear_sw_ipi
                0x00000000204040ba       0x62 /Users/sushmita/Work/Code/Crypto/A2-RECTANGLE/bsp/install/lib/debug//libmetal.a(riscv_cpu.o)
                0x00000000204040ba                __metal_driver_cpu_clear_sw_ipi
 .text.__metal_driver_cpu_get_msip
                0x000000002040411c       0x60 /Users/sushmita/Work/Code/Crypto/A2-RECTANGLE/bsp/install/lib/debug//libmetal.a(riscv_cpu.o)
                0x000000002040411c                __metal_driver_cpu_get_msip
 .text.__metal_driver_cpu_controller_interrupt
                0x000000002040417c       0x20 /Users/sushmita/Work/Code/Crypto/A2-RECTANGLE/bsp/install/lib/debug//libmetal.a(riscv_cpu.o)
                0x000000002040417c                __metal_driver_cpu_controller_interrupt
 .text.__metal_driver_cpu_exception_register
                0x000000002040419c       0x46 /Users/sushmita/Work/Code/Crypto/A2-RECTANGLE/bsp/install/lib/debug//libmetal.a(riscv_cpu.o)
                0x000000002040419c                __metal_driver_cpu_exception_register
 .text.__metal_driver_cpu_get_instruction_length
                0x00000000204041e2       0x2e /Users/sushmita/Work/Code/Crypto/A2-RECTANGLE/bsp/install/lib/debug//libmetal.a(riscv_cpu.o)
                0x00000000204041e2                __metal_driver_cpu_get_instruction_length
 .text.__metal_driver_cpu_get_exception_pc
                0x0000000020404210       0x1e /Users/sushmita/Work/Code/Crypto/A2-RECTANGLE/bsp/install/lib/debug//libmetal.a(riscv_cpu.o)
                0x0000000020404210                __metal_driver_cpu_get_exception_pc
 .text.__metal_driver_cpu_set_exception_pc
                0x000000002040422e       0x20 /Users/sushmita/Work/Code/Crypto/A2-RECTANGLE/bsp/install/lib/debug//libmetal.a(riscv_cpu.o)
                0x000000002040422e                __metal_driver_cpu_set_exception_pc
 .text.__metal_driver_cpu_get_buserror
                0x000000002040424e       0x20 /Users/sushmita/Work/Code/Crypto/A2-RECTANGLE/bsp/install/lib/debug//libmetal.a(riscv_cpu.o)
                0x000000002040424e                __metal_driver_cpu_get_buserror
 .text.__metal_driver_sifive_plic0_control_base
                0x000000002040426e       0x2a /Users/sushmita/Work/Code/Crypto/A2-RECTANGLE/bsp/install/lib/debug//libmetal.a(riscv_plic0.o)
 .text.__metal_driver_sifive_plic0_num_interrupts
                0x0000000020404298       0x28 /Users/sushmita/Work/Code/Crypto/A2-RECTANGLE/bsp/install/lib/debug//libmetal.a(riscv_plic0.o)
 .text.__metal_driver_sifive_plic0_max_priority
                0x00000000204042c0       0x28 /Users/sushmita/Work/Code/Crypto/A2-RECTANGLE/bsp/install/lib/debug//libmetal.a(riscv_plic0.o)
 .text.__metal_driver_sifive_plic0_interrupt_parents
                0x00000000204042e8       0x28 /Users/sushmita/Work/Code/Crypto/A2-RECTANGLE/bsp/install/lib/debug//libmetal.a(riscv_plic0.o)
 .text.__metal_driver_sifive_plic0_interrupt_lines
                0x0000000020404310       0x22 /Users/sushmita/Work/Code/Crypto/A2-RECTANGLE/bsp/install/lib/debug//libmetal.a(riscv_plic0.o)
 .text.__metal_driver_sifive_plic0_context_ids
                0x0000000020404332       0x1e /Users/sushmita/Work/Code/Crypto/A2-RECTANGLE/bsp/install/lib/debug//libmetal.a(riscv_plic0.o)
 .text.__metal_plic0_claim_interrupt
                0x0000000020404350       0x3c /Users/sushmita/Work/Code/Crypto/A2-RECTANGLE/bsp/install/lib/debug//libmetal.a(riscv_plic0.o)
                0x0000000020404350                __metal_plic0_claim_interrupt
 .text.__metal_plic0_complete_interrupt
                0x000000002040438c       0x46 /Users/sushmita/Work/Code/Crypto/A2-RECTANGLE/bsp/install/lib/debug//libmetal.a(riscv_plic0.o)
                0x000000002040438c                __metal_plic0_complete_interrupt
 .text.__metal_plic0_set_threshold
                0x00000000204043d2       0x46 /Users/sushmita/Work/Code/Crypto/A2-RECTANGLE/bsp/install/lib/debug//libmetal.a(riscv_plic0.o)
                0x00000000204043d2                __metal_plic0_set_threshold
 .text.__metal_plic0_get_threshold
                0x0000000020404418       0x3a /Users/sushmita/Work/Code/Crypto/A2-RECTANGLE/bsp/install/lib/debug//libmetal.a(riscv_plic0.o)
                0x0000000020404418                __metal_plic0_get_threshold
 .text.__metal_driver_riscv_plic0_set_priority
                0x0000000020404452       0x62 /Users/sushmita/Work/Code/Crypto/A2-RECTANGLE/bsp/install/lib/debug//libmetal.a(riscv_plic0.o)
                0x0000000020404452                __metal_driver_riscv_plic0_set_priority
 .text.__metal_driver_riscv_plic0_get_priority
                0x00000000204044b4       0x34 /Users/sushmita/Work/Code/Crypto/A2-RECTANGLE/bsp/install/lib/debug//libmetal.a(riscv_plic0.o)
                0x00000000204044b4                __metal_driver_riscv_plic0_get_priority
 .text.__metal_plic0_enable
                0x00000000204044e8       0xa2 /Users/sushmita/Work/Code/Crypto/A2-RECTANGLE/bsp/install/lib/debug//libmetal.a(riscv_plic0.o)
                0x00000000204044e8                __metal_plic0_enable
 .text.__metal_plic0_default_handler
                0x000000002040458a       0x18 /Users/sushmita/Work/Code/Crypto/A2-RECTANGLE/bsp/install/lib/debug//libmetal.a(riscv_plic0.o)
                0x000000002040458a                __metal_plic0_default_handler
 .text.__metal_plic0_handler
                0x00000000204045a2       0xa4 /Users/sushmita/Work/Code/Crypto/A2-RECTANGLE/bsp/install/lib/debug//libmetal.a(riscv_plic0.o)
                0x00000000204045a2                __metal_plic0_handler
 .text.__metal_driver_riscv_plic0_init
                0x0000000020404646      0x158 /Users/sushmita/Work/Code/Crypto/A2-RECTANGLE/bsp/install/lib/debug//libmetal.a(riscv_plic0.o)
                0x0000000020404646                __metal_driver_riscv_plic0_init
 .text.__metal_driver_riscv_plic0_register
                0x000000002040479e       0xc2 /Users/sushmita/Work/Code/Crypto/A2-RECTANGLE/bsp/install/lib/debug//libmetal.a(riscv_plic0.o)
                0x000000002040479e                __metal_driver_riscv_plic0_register
 .text.__metal_driver_riscv_plic0_enable
                0x0000000020404860       0x50 /Users/sushmita/Work/Code/Crypto/A2-RECTANGLE/bsp/install/lib/debug//libmetal.a(riscv_plic0.o)
                0x0000000020404860                __metal_driver_riscv_plic0_enable
 .text.__metal_driver_riscv_plic0_disable
                0x00000000204048b0       0x50 /Users/sushmita/Work/Code/Crypto/A2-RECTANGLE/bsp/install/lib/debug//libmetal.a(riscv_plic0.o)
                0x00000000204048b0                __metal_driver_riscv_plic0_disable
 .text.__metal_driver_riscv_plic0_set_threshold
                0x0000000020404900       0x30 /Users/sushmita/Work/Code/Crypto/A2-RECTANGLE/bsp/install/lib/debug//libmetal.a(riscv_plic0.o)
                0x0000000020404900                __metal_driver_riscv_plic0_set_threshold
 .text.__metal_driver_riscv_plic0_get_threshold
                0x0000000020404930       0x28 /Users/sushmita/Work/Code/Crypto/A2-RECTANGLE/bsp/install/lib/debug//libmetal.a(riscv_plic0.o)
                0x0000000020404930                __metal_driver_riscv_plic0_get_threshold
 .text.__metal_driver_riscv_plic0_affinity_enable
                0x0000000020404958       0x9c /Users/sushmita/Work/Code/Crypto/A2-RECTANGLE/bsp/install/lib/debug//libmetal.a(riscv_plic0.o)
                0x0000000020404958                __metal_driver_riscv_plic0_affinity_enable
 .text.__metal_driver_riscv_plic0_affinity_disable
                0x00000000204049f4       0x9c /Users/sushmita/Work/Code/Crypto/A2-RECTANGLE/bsp/install/lib/debug//libmetal.a(riscv_plic0.o)
                0x00000000204049f4                __metal_driver_riscv_plic0_affinity_disable
 .text.__metal_driver_riscv_plic0_affinity_set_threshold
                0x0000000020404a90       0x74 /Users/sushmita/Work/Code/Crypto/A2-RECTANGLE/bsp/install/lib/debug//libmetal.a(riscv_plic0.o)
                0x0000000020404a90                __metal_driver_riscv_plic0_affinity_set_threshold
 .text.__metal_driver_riscv_plic0_affinity_get_threshold
                0x0000000020404b04       0x28 /Users/sushmita/Work/Code/Crypto/A2-RECTANGLE/bsp/install/lib/debug//libmetal.a(riscv_plic0.o)
                0x0000000020404b04                __metal_driver_riscv_plic0_affinity_get_threshold
 .text.__metal_driver_sifive_fe310_g000_hfrosc_ref
                0x0000000020404b2c       0x1a /Users/sushmita/Work/Code/Crypto/A2-RECTANGLE/bsp/install/lib/debug//libmetal.a(sifive_fe310-g000_hfrosc.o)
 .text.__metal_driver_sifive_fe310_g000_hfrosc_config_base
                0x0000000020404b46       0x16 /Users/sushmita/Work/Code/Crypto/A2-RECTANGLE/bsp/install/lib/debug//libmetal.a(sifive_fe310-g000_hfrosc.o)
 .text.__metal_driver_sifive_fe310_g000_hfrosc_config_offset
                0x0000000020404b5c       0x14 /Users/sushmita/Work/Code/Crypto/A2-RECTANGLE/bsp/install/lib/debug//libmetal.a(sifive_fe310-g000_hfrosc.o)
 .text.__metal_driver_sifive_fe310_g000_prci_vtable
                0x0000000020404b70       0x16 /Users/sushmita/Work/Code/Crypto/A2-RECTANGLE/bsp/install/lib/debug//libmetal.a(sifive_fe310-g000_hfrosc.o)
 .text.__metal_driver_sifive_fe310_g000_hfrosc_get_rate_hz
                0x0000000020404b86       0x84 /Users/sushmita/Work/Code/Crypto/A2-RECTANGLE/bsp/install/lib/debug//libmetal.a(sifive_fe310-g000_hfrosc.o)
                0x0000000020404b86                __metal_driver_sifive_fe310_g000_hfrosc_get_rate_hz
 .text.__metal_driver_sifive_fe310_g000_hfrosc_set_rate_hz
                0x0000000020404c0a       0x22 /Users/sushmita/Work/Code/Crypto/A2-RECTANGLE/bsp/install/lib/debug//libmetal.a(sifive_fe310-g000_hfrosc.o)
                0x0000000020404c0a                __metal_driver_sifive_fe310_g000_hfrosc_set_rate_hz
 .text.__metal_driver_sifive_fe310_g000_hfxosc_ref
                0x0000000020404c2c       0x1a /Users/sushmita/Work/Code/Crypto/A2-RECTANGLE/bsp/install/lib/debug//libmetal.a(sifive_fe310-g000_hfxosc.o)
 .text.__metal_driver_sifive_fe310_g000_hfxosc_config_base
                0x0000000020404c46       0x16 /Users/sushmita/Work/Code/Crypto/A2-RECTANGLE/bsp/install/lib/debug//libmetal.a(sifive_fe310-g000_hfxosc.o)
 .text.__metal_driver_sifive_fe310_g000_hfxosc_config_offset
                0x0000000020404c5c       0x14 /Users/sushmita/Work/Code/Crypto/A2-RECTANGLE/bsp/install/lib/debug//libmetal.a(sifive_fe310-g000_hfxosc.o)
 .text.__metal_driver_sifive_fe310_g000_prci_vtable
                0x0000000020404c70       0x16 /Users/sushmita/Work/Code/Crypto/A2-RECTANGLE/bsp/install/lib/debug//libmetal.a(sifive_fe310-g000_hfxosc.o)
 .text.__metal_driver_sifive_fe310_g000_hfxosc_get_rate_hz
                0x0000000020404c86       0x74 /Users/sushmita/Work/Code/Crypto/A2-RECTANGLE/bsp/install/lib/debug//libmetal.a(sifive_fe310-g000_hfxosc.o)
                0x0000000020404c86                __metal_driver_sifive_fe310_g000_hfxosc_get_rate_hz
 .text.__metal_driver_sifive_fe310_g000_hfxosc_set_rate_hz
                0x0000000020404cfa       0x22 /Users/sushmita/Work/Code/Crypto/A2-RECTANGLE/bsp/install/lib/debug//libmetal.a(sifive_fe310-g000_hfxosc.o)
                0x0000000020404cfa                __metal_driver_sifive_fe310_g000_hfxosc_set_rate_hz
 .text.__metal_driver_sifive_fe310_g000_pll_pllsel0
                0x0000000020404d1c       0x1a /Users/sushmita/Work/Code/Crypto/A2-RECTANGLE/bsp/install/lib/debug//libmetal.a(sifive_fe310-g000_pll.o)
 .text.__metal_driver_sifive_fe310_g000_pll_pllref
                0x0000000020404d36       0x1a /Users/sushmita/Work/Code/Crypto/A2-RECTANGLE/bsp/install/lib/debug//libmetal.a(sifive_fe310-g000_pll.o)
 .text.__metal_driver_sifive_fe310_g000_pll_divider_base
                0x0000000020404d50       0x16 /Users/sushmita/Work/Code/Crypto/A2-RECTANGLE/bsp/install/lib/debug//libmetal.a(sifive_fe310-g000_pll.o)
 .text.__metal_driver_sifive_fe310_g000_pll_divider_offset
                0x0000000020404d66       0x14 /Users/sushmita/Work/Code/Crypto/A2-RECTANGLE/bsp/install/lib/debug//libmetal.a(sifive_fe310-g000_pll.o)
 .text.__metal_driver_sifive_fe310_g000_pll_config_base
                0x0000000020404d7a       0x12 /Users/sushmita/Work/Code/Crypto/A2-RECTANGLE/bsp/install/lib/debug//libmetal.a(sifive_fe310-g000_pll.o)
 .text.__metal_driver_sifive_fe310_g000_pll_config_offset
                0x0000000020404d8c       0x10 /Users/sushmita/Work/Code/Crypto/A2-RECTANGLE/bsp/install/lib/debug//libmetal.a(sifive_fe310-g000_pll.o)
 .text.__metal_driver_sifive_fe310_g000_pll_init_rate
                0x0000000020404d9c       0x16 /Users/sushmita/Work/Code/Crypto/A2-RECTANGLE/bsp/install/lib/debug//libmetal.a(sifive_fe310-g000_pll.o)
 .text.__metal_driver_sifive_fe310_g000_prci_base
                0x0000000020404db2       0x12 /Users/sushmita/Work/Code/Crypto/A2-RECTANGLE/bsp/install/lib/debug//libmetal.a(sifive_fe310-g000_pll.o)
 .text.__metal_driver_sifive_fe310_g000_prci_vtable
                0x0000000020404dc4       0x16 /Users/sushmita/Work/Code/Crypto/A2-RECTANGLE/bsp/install/lib/debug//libmetal.a(sifive_fe310-g000_pll.o)
 .text.get_pll_config_freq
                0x0000000020404dda       0x4e /Users/sushmita/Work/Code/Crypto/A2-RECTANGLE/bsp/install/lib/debug//libmetal.a(sifive_fe310-g000_pll.o)
 .text.__metal_driver_sifive_fe310_g000_pll_init
                0x0000000020404e28       0xa4 /Users/sushmita/Work/Code/Crypto/A2-RECTANGLE/bsp/install/lib/debug//libmetal.a(sifive_fe310-g000_pll.o)
                0x0000000020404e28                __metal_driver_sifive_fe310_g000_pll_init
 .text.__metal_driver_sifive_fe310_g000_pll_get_rate_hz
                0x0000000020404ecc      0x170 /Users/sushmita/Work/Code/Crypto/A2-RECTANGLE/bsp/install/lib/debug//libmetal.a(sifive_fe310-g000_pll.o)
                0x0000000020404ecc                __metal_driver_sifive_fe310_g000_pll_get_rate_hz
 .text.find_closest_config
                0x000000002040503c       0xac /Users/sushmita/Work/Code/Crypto/A2-RECTANGLE/bsp/install/lib/debug//libmetal.a(sifive_fe310-g000_pll.o)
 .text.configure_pll
                0x00000000204050e8      0x1b0 /Users/sushmita/Work/Code/Crypto/A2-RECTANGLE/bsp/install/lib/debug//libmetal.a(sifive_fe310-g000_pll.o)
 .text.__metal_driver_sifive_fe310_g000_pll_set_rate_hz
                0x0000000020405298      0x166 /Users/sushmita/Work/Code/Crypto/A2-RECTANGLE/bsp/install/lib/debug//libmetal.a(sifive_fe310-g000_pll.o)
                0x0000000020405298                __metal_driver_sifive_fe310_g000_pll_set_rate_hz
 .text.__metal_driver_sifive_fe310_g000_prci_base
                0x00000000204053fe       0x12 /Users/sushmita/Work/Code/Crypto/A2-RECTANGLE/bsp/install/lib/debug//libmetal.a(sifive_fe310-g000_prci.o)
 .text.__metal_driver_sifive_fe310_g000_prci_get_reg
                0x0000000020405410       0x2e /Users/sushmita/Work/Code/Crypto/A2-RECTANGLE/bsp/install/lib/debug//libmetal.a(sifive_fe310-g000_prci.o)
                0x0000000020405410                __metal_driver_sifive_fe310_g000_prci_get_reg
 .text.__metal_driver_sifive_fe310_g000_prci_set_reg
                0x000000002040543e       0x38 /Users/sushmita/Work/Code/Crypto/A2-RECTANGLE/bsp/install/lib/debug//libmetal.a(sifive_fe310-g000_prci.o)
                0x000000002040543e                __metal_driver_sifive_fe310_g000_prci_set_reg
 .text.__metal_driver_sifive_gpio0_base
                0x0000000020405476       0x26 /Users/sushmita/Work/Code/Crypto/A2-RECTANGLE/bsp/install/lib/debug//libmetal.a(sifive_gpio0.o)
 .text.__metal_driver_sifive_gpio0_interrupt_parent
                0x000000002040549c       0x2a /Users/sushmita/Work/Code/Crypto/A2-RECTANGLE/bsp/install/lib/debug//libmetal.a(sifive_gpio0.o)
 .text.__metal_driver_sifive_gpio0_interrupt_lines
                0x00000000204054c6      0x1b4 /Users/sushmita/Work/Code/Crypto/A2-RECTANGLE/bsp/install/lib/debug//libmetal.a(sifive_gpio0.o)
 .text.__metal_driver_sifive_gpio0_enable_input
                0x000000002040567a       0x40 /Users/sushmita/Work/Code/Crypto/A2-RECTANGLE/bsp/install/lib/debug//libmetal.a(sifive_gpio0.o)
                0x000000002040567a                __metal_driver_sifive_gpio0_enable_input
 .text.__metal_driver_sifive_gpio0_disable_input
                0x00000000204056ba       0x46 /Users/sushmita/Work/Code/Crypto/A2-RECTANGLE/bsp/install/lib/debug//libmetal.a(sifive_gpio0.o)
                0x00000000204056ba                __metal_driver_sifive_gpio0_disable_input
 .text.__metal_driver_sifive_gpio0_input
                0x0000000020405700       0x2a /Users/sushmita/Work/Code/Crypto/A2-RECTANGLE/bsp/install/lib/debug//libmetal.a(sifive_gpio0.o)
                0x0000000020405700                __metal_driver_sifive_gpio0_input
 .text.__metal_driver_sifive_gpio0_output
                0x000000002040572a       0x2c /Users/sushmita/Work/Code/Crypto/A2-RECTANGLE/bsp/install/lib/debug//libmetal.a(sifive_gpio0.o)
                0x000000002040572a                __metal_driver_sifive_gpio0_output
 .text.__metal_driver_sifive_gpio0_disable_output
                0x0000000020405756       0x46 /Users/sushmita/Work/Code/Crypto/A2-RECTANGLE/bsp/install/lib/debug//libmetal.a(sifive_gpio0.o)
                0x0000000020405756                __metal_driver_sifive_gpio0_disable_output
 .text.__metal_driver_sifive_gpio0_enable_output
                0x000000002040579c       0x40 /Users/sushmita/Work/Code/Crypto/A2-RECTANGLE/bsp/install/lib/debug//libmetal.a(sifive_gpio0.o)
                0x000000002040579c                __metal_driver_sifive_gpio0_enable_output
 .text.__metal_driver_sifive_gpio0_output_set
                0x00000000204057dc       0x40 /Users/sushmita/Work/Code/Crypto/A2-RECTANGLE/bsp/install/lib/debug//libmetal.a(sifive_gpio0.o)
                0x00000000204057dc                __metal_driver_sifive_gpio0_output_set
 .text.__metal_driver_sifive_gpio0_output_clear
                0x000000002040581c       0x46 /Users/sushmita/Work/Code/Crypto/A2-RECTANGLE/bsp/install/lib/debug//libmetal.a(sifive_gpio0.o)
                0x000000002040581c                __metal_driver_sifive_gpio0_output_clear
 .text.__metal_driver_sifive_gpio0_output_toggle
                0x0000000020405862       0x40 /Users/sushmita/Work/Code/Crypto/A2-RECTANGLE/bsp/install/lib/debug//libmetal.a(sifive_gpio0.o)
                0x0000000020405862                __metal_driver_sifive_gpio0_output_toggle
 .text.__metal_driver_sifive_gpio0_enable_io
                0x00000000204058a2       0x62 /Users/sushmita/Work/Code/Crypto/A2-RECTANGLE/bsp/install/lib/debug//libmetal.a(sifive_gpio0.o)
                0x00000000204058a2                __metal_driver_sifive_gpio0_enable_io
 .text.__metal_driver_sifive_gpio0_disable_io
                0x0000000020405904       0x4a /Users/sushmita/Work/Code/Crypto/A2-RECTANGLE/bsp/install/lib/debug//libmetal.a(sifive_gpio0.o)
                0x0000000020405904                __metal_driver_sifive_gpio0_disable_io
 .text.__metal_driver_sifive_gpio0_config_int
                0x000000002040594e      0x206 /Users/sushmita/Work/Code/Crypto/A2-RECTANGLE/bsp/install/lib/debug//libmetal.a(sifive_gpio0.o)
                0x000000002040594e                __metal_driver_sifive_gpio0_config_int
 .text.__metal_driver_sifive_gpio0_clear_int
                0x0000000020405b54      0x188 /Users/sushmita/Work/Code/Crypto/A2-RECTANGLE/bsp/install/lib/debug//libmetal.a(sifive_gpio0.o)
                0x0000000020405b54                __metal_driver_sifive_gpio0_clear_int
 .text.__metal_driver_gpio_interrupt_controller
                0x0000000020405cdc       0x20 /Users/sushmita/Work/Code/Crypto/A2-RECTANGLE/bsp/install/lib/debug//libmetal.a(sifive_gpio0.o)
                0x0000000020405cdc                __metal_driver_gpio_interrupt_controller
 .text.__metal_driver_gpio_get_interrupt_id
                0x0000000020405cfc       0x2e /Users/sushmita/Work/Code/Crypto/A2-RECTANGLE/bsp/install/lib/debug//libmetal.a(sifive_gpio0.o)
                0x0000000020405cfc                __metal_driver_gpio_get_interrupt_id
 .text.__metal_driver_sifive_test0_base
                0x0000000020405d2a       0x26 /Users/sushmita/Work/Code/Crypto/A2-RECTANGLE/bsp/install/lib/debug//libmetal.a(sifive_test0.o)
 .text.__metal_driver_sifive_test0_exit
                0x0000000020405d50       0x4a /Users/sushmita/Work/Code/Crypto/A2-RECTANGLE/bsp/install/lib/debug//libmetal.a(sifive_test0.o)
                0x0000000020405d50                __metal_driver_sifive_test0_exit
 .text.__metal_driver_sifive_uart0_control_base
                0x0000000020405d9a       0x2a /Users/sushmita/Work/Code/Crypto/A2-RECTANGLE/bsp/install/lib/debug//libmetal.a(sifive_uart0.o)
 .text.__metal_driver_sifive_uart0_interrupt_parent
                0x0000000020405dc4       0x2e /Users/sushmita/Work/Code/Crypto/A2-RECTANGLE/bsp/install/lib/debug//libmetal.a(sifive_uart0.o)
 .text.__metal_driver_sifive_uart0_interrupt_line
                0x0000000020405df2       0x28 /Users/sushmita/Work/Code/Crypto/A2-RECTANGLE/bsp/install/lib/debug//libmetal.a(sifive_uart0.o)
 .text.__metal_driver_sifive_uart0_clock
                0x0000000020405e1a       0x2e /Users/sushmita/Work/Code/Crypto/A2-RECTANGLE/bsp/install/lib/debug//libmetal.a(sifive_uart0.o)
 .text.__metal_driver_sifive_uart0_pinmux
                0x0000000020405e48       0x2a /Users/sushmita/Work/Code/Crypto/A2-RECTANGLE/bsp/install/lib/debug//libmetal.a(sifive_uart0.o)
 .text.__metal_driver_sifive_uart0_pinmux_output_selector
                0x0000000020405e72       0x28 /Users/sushmita/Work/Code/Crypto/A2-RECTANGLE/bsp/install/lib/debug//libmetal.a(sifive_uart0.o)
 .text.__metal_driver_sifive_uart0_pinmux_source_selector
                0x0000000020405e9a       0x2a /Users/sushmita/Work/Code/Crypto/A2-RECTANGLE/bsp/install/lib/debug//libmetal.a(sifive_uart0.o)
 .text.__metal_driver_sifive_uart0_interrupt_controller
                0x0000000020405ec4       0x1e /Users/sushmita/Work/Code/Crypto/A2-RECTANGLE/bsp/install/lib/debug//libmetal.a(sifive_uart0.o)
                0x0000000020405ec4                __metal_driver_sifive_uart0_interrupt_controller
 .text.__metal_driver_sifive_uart0_get_interrupt_id
                0x0000000020405ee2       0x1e /Users/sushmita/Work/Code/Crypto/A2-RECTANGLE/bsp/install/lib/debug//libmetal.a(sifive_uart0.o)
                0x0000000020405ee2                __metal_driver_sifive_uart0_get_interrupt_id
 .text.__metal_driver_sifive_uart0_tx_interrupt_enable
                0x0000000020405f00       0x3a /Users/sushmita/Work/Code/Crypto/A2-RECTANGLE/bsp/install/lib/debug//libmetal.a(sifive_uart0.o)
                0x0000000020405f00                __metal_driver_sifive_uart0_tx_interrupt_enable
 .text.__metal_driver_sifive_uart0_tx_interrupt_disable
                0x0000000020405f3a       0x38 /Users/sushmita/Work/Code/Crypto/A2-RECTANGLE/bsp/install/lib/debug//libmetal.a(sifive_uart0.o)
                0x0000000020405f3a                __metal_driver_sifive_uart0_tx_interrupt_disable
 .text.__metal_driver_sifive_uart0_rx_interrupt_enable
                0x0000000020405f72       0x3a /Users/sushmita/Work/Code/Crypto/A2-RECTANGLE/bsp/install/lib/debug//libmetal.a(sifive_uart0.o)
                0x0000000020405f72                __metal_driver_sifive_uart0_rx_interrupt_enable
 .text.__metal_driver_sifive_uart0_rx_interrupt_disable
                0x0000000020405fac       0x38 /Users/sushmita/Work/Code/Crypto/A2-RECTANGLE/bsp/install/lib/debug//libmetal.a(sifive_uart0.o)
                0x0000000020405fac                __metal_driver_sifive_uart0_rx_interrupt_disable
 .text.__metal_driver_sifive_uart0_txready
                0x0000000020405fe4       0x30 /Users/sushmita/Work/Code/Crypto/A2-RECTANGLE/bsp/install/lib/debug//libmetal.a(sifive_uart0.o)
                0x0000000020405fe4                __metal_driver_sifive_uart0_txready
 .text.__metal_driver_sifive_uart0_set_tx_watermark
                0x0000000020406014       0x4a /Users/sushmita/Work/Code/Crypto/A2-RECTANGLE/bsp/install/lib/debug//libmetal.a(sifive_uart0.o)
                0x0000000020406014                __metal_driver_sifive_uart0_set_tx_watermark
 .text.__metal_driver_sifive_uart0_get_tx_watermark
                0x000000002040605e       0x30 /Users/sushmita/Work/Code/Crypto/A2-RECTANGLE/bsp/install/lib/debug//libmetal.a(sifive_uart0.o)
                0x000000002040605e                __metal_driver_sifive_uart0_get_tx_watermark
 .text.__metal_driver_sifive_uart0_set_rx_watermark
                0x000000002040608e       0x4a /Users/sushmita/Work/Code/Crypto/A2-RECTANGLE/bsp/install/lib/debug//libmetal.a(sifive_uart0.o)
                0x000000002040608e                __metal_driver_sifive_uart0_set_rx_watermark
 .text.__metal_driver_sifive_uart0_get_rx_watermark
                0x00000000204060d8       0x30 /Users/sushmita/Work/Code/Crypto/A2-RECTANGLE/bsp/install/lib/debug//libmetal.a(sifive_uart0.o)
                0x00000000204060d8                __metal_driver_sifive_uart0_get_rx_watermark
 .text.__metal_driver_sifive_uart0_putc
                0x0000000020406108       0x42 /Users/sushmita/Work/Code/Crypto/A2-RECTANGLE/bsp/install/lib/debug//libmetal.a(sifive_uart0.o)
                0x0000000020406108                __metal_driver_sifive_uart0_putc
 .text.__metal_driver_sifive_uart0_getc
                0x000000002040614a       0x56 /Users/sushmita/Work/Code/Crypto/A2-RECTANGLE/bsp/install/lib/debug//libmetal.a(sifive_uart0.o)
                0x000000002040614a                __metal_driver_sifive_uart0_getc
 .text.__metal_driver_sifive_uart0_get_baud_rate
                0x00000000204061a0       0x20 /Users/sushmita/Work/Code/Crypto/A2-RECTANGLE/bsp/install/lib/debug//libmetal.a(sifive_uart0.o)
                0x00000000204061a0                __metal_driver_sifive_uart0_get_baud_rate
 .text.__metal_driver_sifive_uart0_set_baud_rate
                0x00000000204061c0       0xa0 /Users/sushmita/Work/Code/Crypto/A2-RECTANGLE/bsp/install/lib/debug//libmetal.a(sifive_uart0.o)
                0x00000000204061c0                __metal_driver_sifive_uart0_set_baud_rate
 .text.pre_rate_change_callback_func
                0x0000000020406260       0xda /Users/sushmita/Work/Code/Crypto/A2-RECTANGLE/bsp/install/lib/debug//libmetal.a(sifive_uart0.o)
 .text.post_rate_change_callback_func
                0x000000002040633a       0x30 /Users/sushmita/Work/Code/Crypto/A2-RECTANGLE/bsp/install/lib/debug//libmetal.a(sifive_uart0.o)
 .text.__metal_driver_sifive_uart0_init
                0x000000002040636a       0xd2 /Users/sushmita/Work/Code/Crypto/A2-RECTANGLE/bsp/install/lib/debug//libmetal.a(sifive_uart0.o)
                0x000000002040636a                __metal_driver_sifive_uart0_init
 .text._metal_clock_call_all_callbacks
                0x000000002040643c       0x42 /Users/sushmita/Work/Code/Crypto/A2-RECTANGLE/bsp/install/lib/debug//libmetal.a(clock.o)
                0x000000002040643c                _metal_clock_call_all_callbacks
 .text._metal_clock_append_to_callbacks
                0x000000002040647e       0x54 /Users/sushmita/Work/Code/Crypto/A2-RECTANGLE/bsp/install/lib/debug//libmetal.a(clock.o)
                0x000000002040647e                _metal_clock_append_to_callbacks
 .text.metal_clock_get_rate_hz
                0x00000000204064d2       0x26 /Users/sushmita/Work/Code/Crypto/A2-RECTANGLE/bsp/install/lib/debug//libmetal.a(clock.o)
                0x00000000204064d2                metal_clock_get_rate_hz
 .text.metal_clock_set_rate_hz
                0x00000000204064f8       0x4a /Users/sushmita/Work/Code/Crypto/A2-RECTANGLE/bsp/install/lib/debug//libmetal.a(clock.o)
                0x00000000204064f8                metal_clock_set_rate_hz
 .text.metal_clock_register_pre_rate_change_callback
                0x0000000020406542       0x32 /Users/sushmita/Work/Code/Crypto/A2-RECTANGLE/bsp/install/lib/debug//libmetal.a(clock.o)
                0x0000000020406542                metal_clock_register_pre_rate_change_callback
 .text.metal_clock_register_post_rate_change_callback
                0x0000000020406574       0x32 /Users/sushmita/Work/Code/Crypto/A2-RECTANGLE/bsp/install/lib/debug//libmetal.a(clock.o)
                0x0000000020406574                metal_clock_register_post_rate_change_callback
 .text.metal_cpu_interrupt_controller
                0x00000000204065a6       0x26 /Users/sushmita/Work/Code/Crypto/A2-RECTANGLE/bsp/install/lib/debug//libmetal.a(cpu.o)
                0x00000000204065a6                metal_cpu_interrupt_controller
 .text.metal_cpu_get
                0x00000000204065cc       0x2e /Users/sushmita/Work/Code/Crypto/A2-RECTANGLE/bsp/install/lib/debug//libmetal.a(cpu.o)
                0x00000000204065cc                metal_cpu_get
 .text.metal_cpu_get_current_hartid
                0x00000000204065fa       0x1a /Users/sushmita/Work/Code/Crypto/A2-RECTANGLE/bsp/install/lib/debug//libmetal.a(cpu.o)
                0x00000000204065fa                metal_cpu_get_current_hartid
 .text.__metal_shutdown_exit
                0x0000000020406614       0x22 /Users/sushmita/Work/Code/Crypto/A2-RECTANGLE/bsp/install/lib/debug//libmetal.a(shutdown.o)
                0x0000000020406614                __metal_shutdown_exit
 .text.metal_shutdown
                0x0000000020406636       0x16 /Users/sushmita/Work/Code/Crypto/A2-RECTANGLE/bsp/install/lib/debug//libmetal.a(shutdown.o)
                0x0000000020406636                metal_shutdown
 *fill*         0x000000002040664c       0x34 
 .text          0x0000000020406680       0x80 /Users/sushmita/Work/Code/Crypto/A2-RECTANGLE/bsp/install/lib/debug//libmetal.a(vector.o)
                0x0000000020406680                __metal_vector_table
 .text.__metal_driver_fixed_clock_rate
                0x0000000020406700       0x62 /Users/sushmita/Work/Code/Crypto/A2-RECTANGLE/bsp/install/lib/debug//libmetal.a(fixed-clock.o)
 .text.__metal_driver_fixed_clock_get_rate_hz
                0x0000000020406762       0x1e /Users/sushmita/Work/Code/Crypto/A2-RECTANGLE/bsp/install/lib/debug//libmetal.a(fixed-clock.o)
                0x0000000020406762                __metal_driver_fixed_clock_get_rate_hz
 .text.__metal_driver_fixed_clock_set_rate_hz
                0x0000000020406780       0x22 /Users/sushmita/Work/Code/Crypto/A2-RECTANGLE/bsp/install/lib/debug//libmetal.a(fixed-clock.o)
                0x0000000020406780                __metal_driver_fixed_clock_set_rate_hz
 .text._exit    0x00000000204067a2       0x14 /Users/sushmita/Work/Code/Crypto/A2-RECTANGLE/bsp/install/lib/debug//libmetal-gloss.a(sys_exit.o)
                0x00000000204067a2                _exit
 *(.gnu.linkonce.t.*)

.rela.dyn       0x00000000204067b8        0x0
 .rela.text.metal.init.enter
                0x00000000204067b8        0x0 /var/folders/9x/yg8zr0vn2s7c1p5s66rfgmwc0000gn/T//ccBOChFL.o
 .rela.text.metal.init.scrub
                0x00000000204067b8        0x0 /var/folders/9x/yg8zr0vn2s7c1p5s66rfgmwc0000gn/T//ccBOChFL.o
 .rela.text.libgloss.start
                0x00000000204067b8        0x0 /var/folders/9x/yg8zr0vn2s7c1p5s66rfgmwc0000gn/T//ccBOChFL.o
 .rela.sdata.__brk
                0x00000000204067b8        0x0 /var/folders/9x/yg8zr0vn2s7c1p5s66rfgmwc0000gn/T//ccBOChFL.o
 .rela.text._sbrk
                0x00000000204067b8        0x0 /var/folders/9x/yg8zr0vn2s7c1p5s66rfgmwc0000gn/T//ccBOChFL.o
 .rela.text.__libc_fini_array
                0x00000000204067b8        0x0 /var/folders/9x/yg8zr0vn2s7c1p5s66rfgmwc0000gn/T//ccBOChFL.o
 .rela.text.__libc_init_array
                0x00000000204067b8        0x0 /var/folders/9x/yg8zr0vn2s7c1p5s66rfgmwc0000gn/T//ccBOChFL.o
 .rela.text.__register_exitproc
                0x00000000204067b8        0x0 /var/folders/9x/yg8zr0vn2s7c1p5s66rfgmwc0000gn/T//ccBOChFL.o
 .rela.text.metal_init
                0x00000000204067b8        0x0 /var/folders/9x/yg8zr0vn2s7c1p5s66rfgmwc0000gn/T//ccBOChFL.o
 .rela.text.metal_fini
                0x00000000204067b8        0x0 /var/folders/9x/yg8zr0vn2s7c1p5s66rfgmwc0000gn/T//ccBOChFL.o
 .rela.text.__metal_driver_cpu_get
                0x00000000204067b8        0x0 /var/folders/9x/yg8zr0vn2s7c1p5s66rfgmwc0000gn/T//ccBOChFL.o
 .rela.text.metal_software_interrupt_vector_handler
                0x00000000204067b8        0x0 /var/folders/9x/yg8zr0vn2s7c1p5s66rfgmwc0000gn/T//ccBOChFL.o
 .rela.text.__metal_default_sw_handler
                0x00000000204067b8        0x0 /var/folders/9x/yg8zr0vn2s7c1p5s66rfgmwc0000gn/T//ccBOChFL.o
 .rela.text.metal_timer_interrupt_vector_handler
                0x00000000204067b8        0x0 /var/folders/9x/yg8zr0vn2s7c1p5s66rfgmwc0000gn/T//ccBOChFL.o
 .rela.text.__metal_exception_handler
                0x00000000204067b8        0x0 /var/folders/9x/yg8zr0vn2s7c1p5s66rfgmwc0000gn/T//ccBOChFL.o
 .rela.text.metal_lc0_interrupt_vector_handler
                0x00000000204067b8        0x0 /var/folders/9x/yg8zr0vn2s7c1p5s66rfgmwc0000gn/T//ccBOChFL.o
 .rela.text.metal_lc1_interrupt_vector_handler
                0x00000000204067b8        0x0 /var/folders/9x/yg8zr0vn2s7c1p5s66rfgmwc0000gn/T//ccBOChFL.o
 .rela.text.metal_lc2_interrupt_vector_handler
                0x00000000204067b8        0x0 /var/folders/9x/yg8zr0vn2s7c1p5s66rfgmwc0000gn/T//ccBOChFL.o
 .rela.text.metal_lc3_interrupt_vector_handler
                0x00000000204067b8        0x0 /var/folders/9x/yg8zr0vn2s7c1p5s66rfgmwc0000gn/T//ccBOChFL.o
 .rela.text.metal_lc4_interrupt_vector_handler
                0x00000000204067b8        0x0 /var/folders/9x/yg8zr0vn2s7c1p5s66rfgmwc0000gn/T//ccBOChFL.o
 .rela.text.metal_lc5_interrupt_vector_handler
                0x00000000204067b8        0x0 /var/folders/9x/yg8zr0vn2s7c1p5s66rfgmwc0000gn/T//ccBOChFL.o
 .rela.text.metal_lc6_interrupt_vector_handler
                0x00000000204067b8        0x0 /var/folders/9x/yg8zr0vn2s7c1p5s66rfgmwc0000gn/T//ccBOChFL.o
 .rela.text.metal_lc7_interrupt_vector_handler
                0x00000000204067b8        0x0 /var/folders/9x/yg8zr0vn2s7c1p5s66rfgmwc0000gn/T//ccBOChFL.o
 .rela.text.metal_lc8_interrupt_vector_handler
                0x00000000204067b8        0x0 /var/folders/9x/yg8zr0vn2s7c1p5s66rfgmwc0000gn/T//ccBOChFL.o
 .rela.text.metal_lc9_interrupt_vector_handler
                0x00000000204067b8        0x0 /var/folders/9x/yg8zr0vn2s7c1p5s66rfgmwc0000gn/T//ccBOChFL.o
 .rela.text.metal_lc10_interrupt_vector_handler
                0x00000000204067b8        0x0 /var/folders/9x/yg8zr0vn2s7c1p5s66rfgmwc0000gn/T//ccBOChFL.o
 .rela.text.metal_lc11_interrupt_vector_handler
                0x00000000204067b8        0x0 /var/folders/9x/yg8zr0vn2s7c1p5s66rfgmwc0000gn/T//ccBOChFL.o
 .rela.text.metal_lc12_interrupt_vector_handler
                0x00000000204067b8        0x0 /var/folders/9x/yg8zr0vn2s7c1p5s66rfgmwc0000gn/T//ccBOChFL.o
 .rela.text.metal_lc13_interrupt_vector_handler
                0x00000000204067b8        0x0 /var/folders/9x/yg8zr0vn2s7c1p5s66rfgmwc0000gn/T//ccBOChFL.o
 .rela.text.metal_lc14_interrupt_vector_handler
                0x00000000204067b8        0x0 /var/folders/9x/yg8zr0vn2s7c1p5s66rfgmwc0000gn/T//ccBOChFL.o
 .rela.text.metal_lc15_interrupt_vector_handler
                0x00000000204067b8        0x0 /var/folders/9x/yg8zr0vn2s7c1p5s66rfgmwc0000gn/T//ccBOChFL.o
 .rela.text.metal_cpu_get
                0x00000000204067b8        0x0 /var/folders/9x/yg8zr0vn2s7c1p5s66rfgmwc0000gn/T//ccBOChFL.o
 .rela.text     0x00000000204067b8        0x0 /var/folders/9x/yg8zr0vn2s7c1p5s66rfgmwc0000gn/T//ccBOChFL.o

.data           0x0000000080000000      0x7c8 load address 0x00000000204067b8
 *(.data .data.*)
 .data.impure_data
                0x0000000080000000       0x60 /Applications/FreedomStudio.app/Contents/Eclipse/SiFive/riscv64-unknown-elf-toolchain-10.2.0-2020.12.8/bin/../lib/gcc/riscv64-unknown-elf/10.2.0/../../../../riscv64-unknown-elf/lib/rv32imac/ilp32/libc_nano.a(lib_a-impure.o)
 .data.__metal_dt_clock_0
                0x0000000080000060        0xc /Users/sushmita/Work/Code/Crypto/A2-RECTANGLE/bsp/install/lib/debug//libmetal.a(inline.o)
                0x0000000080000060                __metal_dt_clock_0
 .data.__metal_dt_clock_2
                0x000000008000006c        0xc /Users/sushmita/Work/Code/Crypto/A2-RECTANGLE/bsp/install/lib/debug//libmetal.a(inline.o)
                0x000000008000006c                __metal_dt_clock_2
 .data.__metal_dt_clock_5
                0x0000000080000078        0xc /Users/sushmita/Work/Code/Crypto/A2-RECTANGLE/bsp/install/lib/debug//libmetal.a(inline.o)
                0x0000000080000078                __metal_dt_clock_5
 *fill*         0x0000000080000084        0x4 
 .data.__metal_dt_cpu_0_interrupt_controller
                0x0000000080000088      0x3d0 /Users/sushmita/Work/Code/Crypto/A2-RECTANGLE/bsp/install/lib/debug//libmetal.a(inline.o)
                0x0000000080000088                __metal_dt_cpu_0_interrupt_controller
 .data.__metal_dt_interrupt_controller_c000000
                0x0000000080000458      0x300 /Users/sushmita/Work/Code/Crypto/A2-RECTANGLE/bsp/install/lib/debug//libmetal.a(inline.o)
                0x0000000080000458                __metal_dt_interrupt_controller_c000000
 .data.__metal_dt_serial_10013000
                0x0000000080000758       0x20 /Users/sushmita/Work/Code/Crypto/A2-RECTANGLE/bsp/install/lib/debug//libmetal.a(inline.o)
                0x0000000080000758                __metal_dt_serial_10013000
 .data.__metal_dt_clock_3
                0x0000000080000778        0xc /Users/sushmita/Work/Code/Crypto/A2-RECTANGLE/bsp/install/lib/debug//libmetal.a(inline.o)
                0x0000000080000778                __metal_dt_clock_3
 .data.__metal_dt_clock_1
                0x0000000080000784        0xc /Users/sushmita/Work/Code/Crypto/A2-RECTANGLE/bsp/install/lib/debug//libmetal.a(inline.o)
                0x0000000080000784                __metal_dt_clock_1
 .data.__metal_dt_clock_4
                0x0000000080000790        0xc /Users/sushmita/Work/Code/Crypto/A2-RECTANGLE/bsp/install/lib/debug//libmetal.a(inline.o)
                0x0000000080000790                __metal_dt_clock_4
 *(.gnu.linkonce.d.*)
                0x00000000800007a0                . = ALIGN (0x8)
 *fill*         0x000000008000079c        0x4 
                0x0000000080000fa0                PROVIDE (__global_pointer$ = (. + 0x800))
 *(.sdata .sdata.* .sdata2.*)
 .sdata._impure_ptr
                0x00000000800007a0        0x4 /Applications/FreedomStudio.app/Contents/Eclipse/SiFive/riscv64-unknown-elf-toolchain-10.2.0-2020.12.8/bin/../lib/gcc/riscv64-unknown-elf/10.2.0/../../../../riscv64-unknown-elf/lib/rv32imac/ilp32/libc_nano.a(lib_a-impure.o)
                0x00000000800007a0                _impure_ptr
 .sdata.__brk   0x00000000800007a4        0x4 /Users/sushmita/Work/Code/Crypto/A2-RECTANGLE/bsp/install/lib/debug//libmetal-gloss.a(sys_sbrk.o)
 .sdata.__metal_cpu_table
                0x00000000800007a8        0x4 /Users/sushmita/Work/Code/Crypto/A2-RECTANGLE/bsp/install/lib/debug//libmetal.a(synchronize_harts.o)
                0x00000000800007a8                __metal_cpu_table
 .sdata.__metal_dt_clint_2000000
                0x00000000800007ac        0x8 /Users/sushmita/Work/Code/Crypto/A2-RECTANGLE/bsp/install/lib/debug//libmetal.a(inline.o)
                0x00000000800007ac                __metal_dt_clint_2000000
 .sdata.__metal_dt_cpu_0
                0x00000000800007b4        0x8 /Users/sushmita/Work/Code/Crypto/A2-RECTANGLE/bsp/install/lib/debug//libmetal.a(inline.o)
                0x00000000800007b4                __metal_dt_cpu_0
 .sdata.__metal_dt_gpio_10012000
                0x00000000800007bc        0x4 /Users/sushmita/Work/Code/Crypto/A2-RECTANGLE/bsp/install/lib/debug//libmetal.a(inline.o)
                0x00000000800007bc                __metal_dt_gpio_10012000
 .sdata.__metal_dt_test_100000
                0x00000000800007c0        0x4 /Users/sushmita/Work/Code/Crypto/A2-RECTANGLE/bsp/install/lib/debug//libmetal.a(inline.o)
                0x00000000800007c0                __metal_dt_test_100000
 .sdata.__metal_dt_prci_10008000
                0x00000000800007c4        0x4 /Users/sushmita/Work/Code/Crypto/A2-RECTANGLE/bsp/install/lib/debug//libmetal.a(inline.o)
                0x00000000800007c4                __metal_dt_prci_10008000
 *(.gnu.linkonce.s.*)

.tdata          0x00000000800007c8        0x0 load address 0x0000000020406f80
                0x00000000800007c8                PROVIDE (__tls_base = .)
 *(.tdata .tdata.* .gnu.linkonce.td.*)
                [!provide]                        PROVIDE (__tdata_source = LOADADDR (.tdata))
                [!provide]                        PROVIDE (__tdata_size = SIZEOF (.tdata))
                0x00000000204067b8                PROVIDE (metal_segment_data_source_start = LOADADDR (.data))
                0x0000000080000000                PROVIDE (metal_segment_data_target_start = ADDR (.data))
                0x00000000800007c8                PROVIDE (metal_segment_data_target_end = (ADDR (.tdata) + SIZEOF (.tdata)))

.tbss           0x00000000800007c8        0x0
 *(.tbss .tbss.* .gnu.linkonce.tb.*)
 *(.tcommon .tcommon.*)
                [!provide]                        PROVIDE (__tls_end = .)
                0x0000000000000000                PROVIDE (__tbss_size = SIZEOF (.tbss))
                [!provide]                        PROVIDE (__tls_size = (__tls_end - __tls_base))

.tbss_space     0x00000000800007c8        0x0
                0x00000000800007c8                . = (. + __tbss_size)

.bss            0x00000000800007c8       0xa4
 *(.sbss*)
 .sbss.__malloc_free_list
                0x00000000800007c8        0x4 /Applications/FreedomStudio.app/Contents/Eclipse/SiFive/riscv64-unknown-elf-toolchain-10.2.0-2020.12.8/bin/../lib/gcc/riscv64-unknown-elf/10.2.0/../../../../riscv64-unknown-elf/lib/rv32imac/ilp32/libc_nano.a(lib_a-nano-mallocr.o)
                0x00000000800007c8                __malloc_free_list
 .sbss.__malloc_sbrk_start
                0x00000000800007cc        0x4 /Applications/FreedomStudio.app/Contents/Eclipse/SiFive/riscv64-unknown-elf-toolchain-10.2.0-2020.12.8/bin/../lib/gcc/riscv64-unknown-elf/10.2.0/../../../../riscv64-unknown-elf/lib/rv32imac/ilp32/libc_nano.a(lib_a-nano-mallocr.o)
                0x00000000800007cc                __malloc_sbrk_start
 .sbss.errno    0x00000000800007d0        0x4 /Applications/FreedomStudio.app/Contents/Eclipse/SiFive/riscv64-unknown-elf-toolchain-10.2.0-2020.12.8/bin/../lib/gcc/riscv64-unknown-elf/10.2.0/../../../../riscv64-unknown-elf/lib/rv32imac/ilp32/libc_nano.a(lib_a-reent.o)
                0x00000000800007d0                errno
 .sbss._global_atexit
                0x00000000800007d4        0x4 /Applications/FreedomStudio.app/Contents/Eclipse/SiFive/riscv64-unknown-elf-toolchain-10.2.0-2020.12.8/bin/../lib/gcc/riscv64-unknown-elf/10.2.0/../../../../riscv64-unknown-elf/lib/rv32imac/ilp32/libc_nano.a(lib_a-__call_atexit.o)
                0x00000000800007d4                _global_atexit
 .sbss.init_done.1
                0x00000000800007d8        0x4 /Users/sushmita/Work/Code/Crypto/A2-RECTANGLE/bsp/install/lib/debug//libmetal.a(init.o)
 .sbss.fini_done.0
                0x00000000800007dc        0x4 /Users/sushmita/Work/Code/Crypto/A2-RECTANGLE/bsp/install/lib/debug//libmetal.a(init.o)
 *(.gnu.linkonce.sb.*)
 *(.bss .bss.*)
 .bss._global_atexit0
                0x00000000800007e0       0x8c /Applications/FreedomStudio.app/Contents/Eclipse/SiFive/riscv64-unknown-elf-toolchain-10.2.0-2020.12.8/bin/../lib/gcc/riscv64-unknown-elf/10.2.0/../../../../riscv64-unknown-elf/lib/rv32imac/ilp32/libc_nano.a(lib_a-__atexit.o)
 *(.gnu.linkonce.b.*)
 *(COMMON)
                [!provide]                        PROVIDE (metal_segment_bss_source_start = LOADADDR (.tbss))
                0x00000000800007c8                PROVIDE (metal_segment_bss_target_start = ADDR (.tbss))
                0x000000008000086c                PROVIDE (metal_segment_bss_target_end = (ADDR (.bss) + SIZEOF (.bss)))

.stack          0x0000000080000870      0x400
                [!provide]                        PROVIDE (metal_segment_stack_begin = .)